ARM GAS  C:\Users\SHUCHE~1\AppData\Local\Temp\cc6cK2Dr.s 			page 1


   1              		.cpu cortex-m4
   2              		.arch armv7e-m
   3              		.fpu fpv4-sp-d16
   4              		.eabi_attribute 27, 1
   5              		.eabi_attribute 28, 1
   6              		.eabi_attribute 20, 1
   7              		.eabi_attribute 21, 1
   8              		.eabi_attribute 23, 3
   9              		.eabi_attribute 24, 1
  10              		.eabi_attribute 25, 1
  11              		.eabi_attribute 26, 1
  12              		.eabi_attribute 30, 1
  13              		.eabi_attribute 34, 1
  14              		.eabi_attribute 18, 4
  15              		.file	"main.c"
  16              		.text
  17              	.Ltext0:
  18              		.cfi_sections	.debug_frame
  19              		.file 1 "Core/Src/main.c"
  20              		.section	.text.MX_GPIO_Init,"ax",%progbits
  21              		.align	1
  22              		.syntax unified
  23              		.thumb
  24              		.thumb_func
  26              	MX_GPIO_Init:
  27              	.LFB125:
   1:Core/Src/main.c **** /* USER CODE BEGIN Header */
   2:Core/Src/main.c **** /**
   3:Core/Src/main.c ****   ******************************************************************************
   4:Core/Src/main.c ****   * @file           : main.c
   5:Core/Src/main.c ****   * @brief          : Main program body
   6:Core/Src/main.c ****   ******************************************************************************
   7:Core/Src/main.c ****   * @attention
   8:Core/Src/main.c ****   *
   9:Core/Src/main.c ****   * Copyright (c) 2026 STMicroelectronics.
  10:Core/Src/main.c ****   * All rights reserved.
  11:Core/Src/main.c ****   *
  12:Core/Src/main.c ****   * This software is licensed under terms that can be found in the LICENSE file
  13:Core/Src/main.c ****   * in the root directory of this software component.
  14:Core/Src/main.c ****   * If no LICENSE file comes with this software, it is provided AS-IS.
  15:Core/Src/main.c ****   *
  16:Core/Src/main.c ****   ******************************************************************************
  17:Core/Src/main.c ****   */
  18:Core/Src/main.c **** /* USER CODE END Header */
  19:Core/Src/main.c **** /* Includes ------------------------------------------------------------------*/
  20:Core/Src/main.c **** #include "main.h"
  21:Core/Src/main.c **** 
  22:Core/Src/main.c **** /* Private includes ----------------------------------------------------------*/
  23:Core/Src/main.c **** /* USER CODE BEGIN Includes */
  24:Core/Src/main.c **** 
  25:Core/Src/main.c **** /* USER CODE END Includes */
  26:Core/Src/main.c **** 
  27:Core/Src/main.c **** /* Private typedef -----------------------------------------------------------*/
  28:Core/Src/main.c **** /* USER CODE BEGIN PTD */
  29:Core/Src/main.c **** 
  30:Core/Src/main.c **** /* USER CODE END PTD */
  31:Core/Src/main.c **** 
ARM GAS  C:\Users\SHUCHE~1\AppData\Local\Temp\cc6cK2Dr.s 			page 2


  32:Core/Src/main.c **** /* Private define ------------------------------------------------------------*/
  33:Core/Src/main.c **** /* USER CODE BEGIN PD */
  34:Core/Src/main.c **** 
  35:Core/Src/main.c **** /* USER CODE END PD */
  36:Core/Src/main.c **** 
  37:Core/Src/main.c **** /* Private macro -------------------------------------------------------------*/
  38:Core/Src/main.c **** /* USER CODE BEGIN PM */
  39:Core/Src/main.c **** 
  40:Core/Src/main.c **** /* USER CODE END PM */
  41:Core/Src/main.c **** 
  42:Core/Src/main.c **** /* Private variables ---------------------------------------------------------*/
  43:Core/Src/main.c **** 
  44:Core/Src/main.c **** /* USER CODE BEGIN PV */
  45:Core/Src/main.c **** 
  46:Core/Src/main.c **** /* USER CODE END PV */
  47:Core/Src/main.c **** 
  48:Core/Src/main.c **** /* Private function prototypes -----------------------------------------------*/
  49:Core/Src/main.c **** void SystemClock_Config(void);
  50:Core/Src/main.c **** static void MX_GPIO_Init(void);
  51:Core/Src/main.c **** /* USER CODE BEGIN PFP */
  52:Core/Src/main.c **** 
  53:Core/Src/main.c **** /* USER CODE END PFP */
  54:Core/Src/main.c **** 
  55:Core/Src/main.c **** /* Private user code ---------------------------------------------------------*/
  56:Core/Src/main.c **** /* USER CODE BEGIN 0 */
  57:Core/Src/main.c **** 
  58:Core/Src/main.c **** /* USER CODE END 0 */
  59:Core/Src/main.c **** 
  60:Core/Src/main.c **** /**
  61:Core/Src/main.c ****   * @brief  The application entry point.
  62:Core/Src/main.c ****   * @retval int
  63:Core/Src/main.c ****   */
  64:Core/Src/main.c **** int main(void)
  65:Core/Src/main.c **** {
  66:Core/Src/main.c **** 
  67:Core/Src/main.c ****   /* USER CODE BEGIN 1 */
  68:Core/Src/main.c **** 
  69:Core/Src/main.c ****   /* USER CODE END 1 */
  70:Core/Src/main.c **** 
  71:Core/Src/main.c ****   /* MCU Configuration--------------------------------------------------------*/
  72:Core/Src/main.c **** 
  73:Core/Src/main.c ****   /* Reset of all peripherals, Initializes the Flash interface and the Systick. */
  74:Core/Src/main.c ****   HAL_Init();
  75:Core/Src/main.c **** 
  76:Core/Src/main.c ****   /* USER CODE BEGIN Init */
  77:Core/Src/main.c **** 
  78:Core/Src/main.c ****   /* USER CODE END Init */
  79:Core/Src/main.c **** 
  80:Core/Src/main.c ****   /* Configure the system clock */
  81:Core/Src/main.c ****   SystemClock_Config();
  82:Core/Src/main.c **** 
  83:Core/Src/main.c ****   /* USER CODE BEGIN SysInit */
  84:Core/Src/main.c **** 
  85:Core/Src/main.c ****   /* USER CODE END SysInit */
  86:Core/Src/main.c **** 
  87:Core/Src/main.c ****   /* Initialize all configured peripherals */
  88:Core/Src/main.c ****   MX_GPIO_Init();
ARM GAS  C:\Users\SHUCHE~1\AppData\Local\Temp\cc6cK2Dr.s 			page 3


  89:Core/Src/main.c ****   /* USER CODE BEGIN 2 */
  90:Core/Src/main.c **** 
  91:Core/Src/main.c ****   /* USER CODE END 2 */
  92:Core/Src/main.c **** 
  93:Core/Src/main.c ****   /* Infinite loop */
  94:Core/Src/main.c ****   /* USER CODE BEGIN WHILE */
  95:Core/Src/main.c ****   while (1)
  96:Core/Src/main.c ****   {
  97:Core/Src/main.c ****     /* USER CODE END WHILE */
  98:Core/Src/main.c ****     HAL_Delay(100);
  99:Core/Src/main.c ****     /* USER CODE BEGIN 3 */
 100:Core/Src/main.c ****   }
 101:Core/Src/main.c ****   /* USER CODE END 3 */
 102:Core/Src/main.c **** }
 103:Core/Src/main.c **** 
 104:Core/Src/main.c **** /**
 105:Core/Src/main.c ****   * @brief System Clock Configuration
 106:Core/Src/main.c ****   * @retval None
 107:Core/Src/main.c ****   */
 108:Core/Src/main.c **** void SystemClock_Config(void)
 109:Core/Src/main.c **** {
 110:Core/Src/main.c ****   RCC_OscInitTypeDef RCC_OscInitStruct = {0};
 111:Core/Src/main.c ****   RCC_ClkInitTypeDef RCC_ClkInitStruct = {0};
 112:Core/Src/main.c **** 
 113:Core/Src/main.c ****   /** Initializes the RCC Oscillators according to the specified parameters
 114:Core/Src/main.c ****   * in the RCC_OscInitTypeDef structure.
 115:Core/Src/main.c ****   */
 116:Core/Src/main.c ****   RCC_OscInitStruct.OscillatorType = RCC_OSCILLATORTYPE_HSE;
 117:Core/Src/main.c ****   RCC_OscInitStruct.HSEState = RCC_HSE_ON;
 118:Core/Src/main.c ****   RCC_OscInitStruct.HSEPredivValue = RCC_HSE_PREDIV_DIV1;
 119:Core/Src/main.c ****   RCC_OscInitStruct.HSIState = RCC_HSI_ON;
 120:Core/Src/main.c ****   RCC_OscInitStruct.PLL.PLLState = RCC_PLL_ON;
 121:Core/Src/main.c ****   RCC_OscInitStruct.PLL.PLLSource = RCC_PLLSOURCE_HSE;
 122:Core/Src/main.c ****   RCC_OscInitStruct.PLL.PLLMUL = RCC_PLL_MUL6;
 123:Core/Src/main.c ****   if (HAL_RCC_OscConfig(&RCC_OscInitStruct) != HAL_OK)
 124:Core/Src/main.c ****   {
 125:Core/Src/main.c ****     Error_Handler();
 126:Core/Src/main.c ****   }
 127:Core/Src/main.c **** 
 128:Core/Src/main.c ****   /** Initializes the CPU, AHB and APB buses clocks
 129:Core/Src/main.c ****   */
 130:Core/Src/main.c ****   RCC_ClkInitStruct.ClockType = RCC_CLOCKTYPE_HCLK|RCC_CLOCKTYPE_SYSCLK
 131:Core/Src/main.c ****                               |RCC_CLOCKTYPE_PCLK1|RCC_CLOCKTYPE_PCLK2;
 132:Core/Src/main.c ****   RCC_ClkInitStruct.SYSCLKSource = RCC_SYSCLKSOURCE_PLLCLK;
 133:Core/Src/main.c ****   RCC_ClkInitStruct.AHBCLKDivider = RCC_SYSCLK_DIV1;
 134:Core/Src/main.c ****   RCC_ClkInitStruct.APB1CLKDivider = RCC_HCLK_DIV2;
 135:Core/Src/main.c ****   RCC_ClkInitStruct.APB2CLKDivider = RCC_HCLK_DIV1;
 136:Core/Src/main.c **** 
 137:Core/Src/main.c ****   if (HAL_RCC_ClockConfig(&RCC_ClkInitStruct, FLASH_LATENCY_2) != HAL_OK)
 138:Core/Src/main.c ****   {
 139:Core/Src/main.c ****     Error_Handler();
 140:Core/Src/main.c ****   }
 141:Core/Src/main.c **** }
 142:Core/Src/main.c **** 
 143:Core/Src/main.c **** /**
 144:Core/Src/main.c ****   * @brief GPIO Initialization Function
 145:Core/Src/main.c ****   * @param None
ARM GAS  C:\Users\SHUCHE~1\AppData\Local\Temp\cc6cK2Dr.s 			page 4


 146:Core/Src/main.c ****   * @retval None
 147:Core/Src/main.c ****   */
 148:Core/Src/main.c **** static void MX_GPIO_Init(void)
 149:Core/Src/main.c **** {
  28              		.loc 1 149 1 view -0
  29              		.cfi_startproc
  30              		@ args = 0, pretend = 0, frame = 8
  31              		@ frame_needed = 0, uses_anonymous_args = 0
  32              		@ link register save eliminated.
  33 0000 82B0     		sub	sp, sp, #8
  34              	.LCFI0:
  35              		.cfi_def_cfa_offset 8
 150:Core/Src/main.c ****   /* USER CODE BEGIN MX_GPIO_Init_1 */
 151:Core/Src/main.c **** 
 152:Core/Src/main.c ****   /* USER CODE END MX_GPIO_Init_1 */
 153:Core/Src/main.c **** 
 154:Core/Src/main.c ****   /* GPIO Ports Clock Enable */
 155:Core/Src/main.c ****   __HAL_RCC_GPIOF_CLK_ENABLE();
  36              		.loc 1 155 3 view .LVU1
  37              	.LBB4:
  38              		.loc 1 155 3 view .LVU2
  39              		.loc 1 155 3 view .LVU3
  40 0002 0A4B     		ldr	r3, .L3
  41 0004 5A69     		ldr	r2, [r3, #20]
  42 0006 42F48002 		orr	r2, r2, #4194304
  43 000a 5A61     		str	r2, [r3, #20]
  44              		.loc 1 155 3 view .LVU4
  45 000c 5A69     		ldr	r2, [r3, #20]
  46 000e 02F48002 		and	r2, r2, #4194304
  47 0012 0092     		str	r2, [sp]
  48              		.loc 1 155 3 view .LVU5
  49 0014 009A     		ldr	r2, [sp]
  50              	.LBE4:
  51              		.loc 1 155 3 view .LVU6
 156:Core/Src/main.c ****   __HAL_RCC_GPIOA_CLK_ENABLE();
  52              		.loc 1 156 3 view .LVU7
  53              	.LBB5:
  54              		.loc 1 156 3 view .LVU8
  55              		.loc 1 156 3 view .LVU9
  56 0016 5A69     		ldr	r2, [r3, #20]
  57 0018 42F40032 		orr	r2, r2, #131072
  58 001c 5A61     		str	r2, [r3, #20]
  59              		.loc 1 156 3 view .LVU10
  60 001e 5B69     		ldr	r3, [r3, #20]
  61 0020 03F40033 		and	r3, r3, #131072
  62 0024 0193     		str	r3, [sp, #4]
  63              		.loc 1 156 3 view .LVU11
  64 0026 019B     		ldr	r3, [sp, #4]
  65              	.LBE5:
  66              		.loc 1 156 3 view .LVU12
 157:Core/Src/main.c **** 
 158:Core/Src/main.c ****   /* USER CODE BEGIN MX_GPIO_Init_2 */
 159:Core/Src/main.c **** 
 160:Core/Src/main.c ****   /* USER CODE END MX_GPIO_Init_2 */
 161:Core/Src/main.c **** }
  67              		.loc 1 161 1 is_stmt 0 view .LVU13
  68 0028 02B0     		add	sp, sp, #8
ARM GAS  C:\Users\SHUCHE~1\AppData\Local\Temp\cc6cK2Dr.s 			page 5


  69              	.LCFI1:
  70              		.cfi_def_cfa_offset 0
  71              		@ sp needed
  72 002a 7047     		bx	lr
  73              	.L4:
  74              		.align	2
  75              	.L3:
  76 002c 00100240 		.word	1073876992
  77              		.cfi_endproc
  78              	.LFE125:
  80              		.section	.text.Error_Handler,"ax",%progbits
  81              		.align	1
  82              		.global	Error_Handler
  83              		.syntax unified
  84              		.thumb
  85              		.thumb_func
  87              	Error_Handler:
  88              	.LFB126:
 162:Core/Src/main.c **** 
 163:Core/Src/main.c **** /* USER CODE BEGIN 4 */
 164:Core/Src/main.c **** 
 165:Core/Src/main.c **** /* USER CODE END 4 */
 166:Core/Src/main.c **** 
 167:Core/Src/main.c **** /**
 168:Core/Src/main.c ****   * @brief  This function is executed in case of error occurrence.
 169:Core/Src/main.c ****   * @retval None
 170:Core/Src/main.c ****   */
 171:Core/Src/main.c **** void Error_Handler(void)
 172:Core/Src/main.c **** {
  89              		.loc 1 172 1 is_stmt 1 view -0
  90              		.cfi_startproc
  91              		@ Volatile: function does not return.
  92              		@ args = 0, pretend = 0, frame = 0
  93              		@ frame_needed = 0, uses_anonymous_args = 0
  94              		@ link register save eliminated.
 173:Core/Src/main.c ****   /* USER CODE BEGIN Error_Handler_Debug */
 174:Core/Src/main.c ****   /* User can add his own implementation to report the HAL error return state */
 175:Core/Src/main.c ****   __disable_irq();
  95              		.loc 1 175 3 view .LVU15
  96              	.LBB6:
  97              	.LBI6:
  98              		.file 2 "Drivers/CMSIS/Include/cmsis_gcc.h"
   1:Drivers/CMSIS/Include/cmsis_gcc.h **** /**************************************************************************//**
   2:Drivers/CMSIS/Include/cmsis_gcc.h ****  * @file     cmsis_gcc.h
   3:Drivers/CMSIS/Include/cmsis_gcc.h ****  * @brief    CMSIS compiler GCC header file
   4:Drivers/CMSIS/Include/cmsis_gcc.h ****  * @version  V5.0.4
   5:Drivers/CMSIS/Include/cmsis_gcc.h ****  * @date     09. April 2018
   6:Drivers/CMSIS/Include/cmsis_gcc.h ****  ******************************************************************************/
   7:Drivers/CMSIS/Include/cmsis_gcc.h **** /*
   8:Drivers/CMSIS/Include/cmsis_gcc.h ****  * Copyright (c) 2009-2018 Arm Limited. All rights reserved.
   9:Drivers/CMSIS/Include/cmsis_gcc.h ****  *
  10:Drivers/CMSIS/Include/cmsis_gcc.h ****  * SPDX-License-Identifier: Apache-2.0
  11:Drivers/CMSIS/Include/cmsis_gcc.h ****  *
  12:Drivers/CMSIS/Include/cmsis_gcc.h ****  * Licensed under the Apache License, Version 2.0 (the License); you may
  13:Drivers/CMSIS/Include/cmsis_gcc.h ****  * not use this file except in compliance with the License.
  14:Drivers/CMSIS/Include/cmsis_gcc.h ****  * You may obtain a copy of the License at
  15:Drivers/CMSIS/Include/cmsis_gcc.h ****  *
ARM GAS  C:\Users\SHUCHE~1\AppData\Local\Temp\cc6cK2Dr.s 			page 6


  16:Drivers/CMSIS/Include/cmsis_gcc.h ****  * www.apache.org/licenses/LICENSE-2.0
  17:Drivers/CMSIS/Include/cmsis_gcc.h ****  *
  18:Drivers/CMSIS/Include/cmsis_gcc.h ****  * Unless required by applicable law or agreed to in writing, software
  19:Drivers/CMSIS/Include/cmsis_gcc.h ****  * distributed under the License is distributed on an AS IS BASIS, WITHOUT
  20:Drivers/CMSIS/Include/cmsis_gcc.h ****  * WARRANTIES OR CONDITIONS OF ANY KIND, either express or implied.
  21:Drivers/CMSIS/Include/cmsis_gcc.h ****  * See the License for the specific language governing permissions and
  22:Drivers/CMSIS/Include/cmsis_gcc.h ****  * limitations under the License.
  23:Drivers/CMSIS/Include/cmsis_gcc.h ****  */
  24:Drivers/CMSIS/Include/cmsis_gcc.h **** 
  25:Drivers/CMSIS/Include/cmsis_gcc.h **** #ifndef __CMSIS_GCC_H
  26:Drivers/CMSIS/Include/cmsis_gcc.h **** #define __CMSIS_GCC_H
  27:Drivers/CMSIS/Include/cmsis_gcc.h **** 
  28:Drivers/CMSIS/Include/cmsis_gcc.h **** /* ignore some GCC warnings */
  29:Drivers/CMSIS/Include/cmsis_gcc.h **** #pragma GCC diagnostic push
  30:Drivers/CMSIS/Include/cmsis_gcc.h **** #pragma GCC diagnostic ignored "-Wsign-conversion"
  31:Drivers/CMSIS/Include/cmsis_gcc.h **** #pragma GCC diagnostic ignored "-Wconversion"
  32:Drivers/CMSIS/Include/cmsis_gcc.h **** #pragma GCC diagnostic ignored "-Wunused-parameter"
  33:Drivers/CMSIS/Include/cmsis_gcc.h **** 
  34:Drivers/CMSIS/Include/cmsis_gcc.h **** /* Fallback for __has_builtin */
  35:Drivers/CMSIS/Include/cmsis_gcc.h **** #ifndef __has_builtin
  36:Drivers/CMSIS/Include/cmsis_gcc.h ****   #define __has_builtin(x) (0)
  37:Drivers/CMSIS/Include/cmsis_gcc.h **** #endif
  38:Drivers/CMSIS/Include/cmsis_gcc.h **** 
  39:Drivers/CMSIS/Include/cmsis_gcc.h **** /* CMSIS compiler specific defines */
  40:Drivers/CMSIS/Include/cmsis_gcc.h **** #ifndef   __ASM
  41:Drivers/CMSIS/Include/cmsis_gcc.h ****   #define __ASM                                  __asm
  42:Drivers/CMSIS/Include/cmsis_gcc.h **** #endif
  43:Drivers/CMSIS/Include/cmsis_gcc.h **** #ifndef   __INLINE
  44:Drivers/CMSIS/Include/cmsis_gcc.h ****   #define __INLINE                               inline
  45:Drivers/CMSIS/Include/cmsis_gcc.h **** #endif
  46:Drivers/CMSIS/Include/cmsis_gcc.h **** #ifndef   __STATIC_INLINE
  47:Drivers/CMSIS/Include/cmsis_gcc.h ****   #define __STATIC_INLINE                        static inline
  48:Drivers/CMSIS/Include/cmsis_gcc.h **** #endif
  49:Drivers/CMSIS/Include/cmsis_gcc.h **** #ifndef   __STATIC_FORCEINLINE                 
  50:Drivers/CMSIS/Include/cmsis_gcc.h ****   #define __STATIC_FORCEINLINE                   __attribute__((always_inline)) static inline
  51:Drivers/CMSIS/Include/cmsis_gcc.h **** #endif                                           
  52:Drivers/CMSIS/Include/cmsis_gcc.h **** #ifndef   __NO_RETURN
  53:Drivers/CMSIS/Include/cmsis_gcc.h ****   #define __NO_RETURN                            __attribute__((__noreturn__))
  54:Drivers/CMSIS/Include/cmsis_gcc.h **** #endif
  55:Drivers/CMSIS/Include/cmsis_gcc.h **** #ifndef   __USED
  56:Drivers/CMSIS/Include/cmsis_gcc.h ****   #define __USED                                 __attribute__((used))
  57:Drivers/CMSIS/Include/cmsis_gcc.h **** #endif
  58:Drivers/CMSIS/Include/cmsis_gcc.h **** #ifndef   __WEAK
  59:Drivers/CMSIS/Include/cmsis_gcc.h ****   #define __WEAK                                 __attribute__((weak))
  60:Drivers/CMSIS/Include/cmsis_gcc.h **** #endif
  61:Drivers/CMSIS/Include/cmsis_gcc.h **** #ifndef   __PACKED
  62:Drivers/CMSIS/Include/cmsis_gcc.h ****   #define __PACKED                               __attribute__((packed, aligned(1)))
  63:Drivers/CMSIS/Include/cmsis_gcc.h **** #endif
  64:Drivers/CMSIS/Include/cmsis_gcc.h **** #ifndef   __PACKED_STRUCT
  65:Drivers/CMSIS/Include/cmsis_gcc.h ****   #define __PACKED_STRUCT                        struct __attribute__((packed, aligned(1)))
  66:Drivers/CMSIS/Include/cmsis_gcc.h **** #endif
  67:Drivers/CMSIS/Include/cmsis_gcc.h **** #ifndef   __PACKED_UNION
  68:Drivers/CMSIS/Include/cmsis_gcc.h ****   #define __PACKED_UNION                         union __attribute__((packed, aligned(1)))
  69:Drivers/CMSIS/Include/cmsis_gcc.h **** #endif
  70:Drivers/CMSIS/Include/cmsis_gcc.h **** #ifndef   __UNALIGNED_UINT32        /* deprecated */
  71:Drivers/CMSIS/Include/cmsis_gcc.h ****   #pragma GCC diagnostic push
  72:Drivers/CMSIS/Include/cmsis_gcc.h ****   #pragma GCC diagnostic ignored "-Wpacked"
ARM GAS  C:\Users\SHUCHE~1\AppData\Local\Temp\cc6cK2Dr.s 			page 7


  73:Drivers/CMSIS/Include/cmsis_gcc.h ****   #pragma GCC diagnostic ignored "-Wattributes"
  74:Drivers/CMSIS/Include/cmsis_gcc.h ****   struct __attribute__((packed)) T_UINT32 { uint32_t v; };
  75:Drivers/CMSIS/Include/cmsis_gcc.h ****   #pragma GCC diagnostic pop
  76:Drivers/CMSIS/Include/cmsis_gcc.h ****   #define __UNALIGNED_UINT32(x)                  (((struct T_UINT32 *)(x))->v)
  77:Drivers/CMSIS/Include/cmsis_gcc.h **** #endif
  78:Drivers/CMSIS/Include/cmsis_gcc.h **** #ifndef   __UNALIGNED_UINT16_WRITE
  79:Drivers/CMSIS/Include/cmsis_gcc.h ****   #pragma GCC diagnostic push
  80:Drivers/CMSIS/Include/cmsis_gcc.h ****   #pragma GCC diagnostic ignored "-Wpacked"
  81:Drivers/CMSIS/Include/cmsis_gcc.h ****   #pragma GCC diagnostic ignored "-Wattributes"
  82:Drivers/CMSIS/Include/cmsis_gcc.h ****   __PACKED_STRUCT T_UINT16_WRITE { uint16_t v; };
  83:Drivers/CMSIS/Include/cmsis_gcc.h ****   #pragma GCC diagnostic pop
  84:Drivers/CMSIS/Include/cmsis_gcc.h ****   #define __UNALIGNED_UINT16_WRITE(addr, val)    (void)((((struct T_UINT16_WRITE *)(void *)(addr))-
  85:Drivers/CMSIS/Include/cmsis_gcc.h **** #endif
  86:Drivers/CMSIS/Include/cmsis_gcc.h **** #ifndef   __UNALIGNED_UINT16_READ
  87:Drivers/CMSIS/Include/cmsis_gcc.h ****   #pragma GCC diagnostic push
  88:Drivers/CMSIS/Include/cmsis_gcc.h ****   #pragma GCC diagnostic ignored "-Wpacked"
  89:Drivers/CMSIS/Include/cmsis_gcc.h ****   #pragma GCC diagnostic ignored "-Wattributes"
  90:Drivers/CMSIS/Include/cmsis_gcc.h ****   __PACKED_STRUCT T_UINT16_READ { uint16_t v; };
  91:Drivers/CMSIS/Include/cmsis_gcc.h ****   #pragma GCC diagnostic pop
  92:Drivers/CMSIS/Include/cmsis_gcc.h ****   #define __UNALIGNED_UINT16_READ(addr)          (((const struct T_UINT16_READ *)(const void *)(add
  93:Drivers/CMSIS/Include/cmsis_gcc.h **** #endif
  94:Drivers/CMSIS/Include/cmsis_gcc.h **** #ifndef   __UNALIGNED_UINT32_WRITE
  95:Drivers/CMSIS/Include/cmsis_gcc.h ****   #pragma GCC diagnostic push
  96:Drivers/CMSIS/Include/cmsis_gcc.h ****   #pragma GCC diagnostic ignored "-Wpacked"
  97:Drivers/CMSIS/Include/cmsis_gcc.h ****   #pragma GCC diagnostic ignored "-Wattributes"
  98:Drivers/CMSIS/Include/cmsis_gcc.h ****   __PACKED_STRUCT T_UINT32_WRITE { uint32_t v; };
  99:Drivers/CMSIS/Include/cmsis_gcc.h ****   #pragma GCC diagnostic pop
 100:Drivers/CMSIS/Include/cmsis_gcc.h ****   #define __UNALIGNED_UINT32_WRITE(addr, val)    (void)((((struct T_UINT32_WRITE *)(void *)(addr))-
 101:Drivers/CMSIS/Include/cmsis_gcc.h **** #endif
 102:Drivers/CMSIS/Include/cmsis_gcc.h **** #ifndef   __UNALIGNED_UINT32_READ
 103:Drivers/CMSIS/Include/cmsis_gcc.h ****   #pragma GCC diagnostic push
 104:Drivers/CMSIS/Include/cmsis_gcc.h ****   #pragma GCC diagnostic ignored "-Wpacked"
 105:Drivers/CMSIS/Include/cmsis_gcc.h ****   #pragma GCC diagnostic ignored "-Wattributes"
 106:Drivers/CMSIS/Include/cmsis_gcc.h ****   __PACKED_STRUCT T_UINT32_READ { uint32_t v; };
 107:Drivers/CMSIS/Include/cmsis_gcc.h ****   #pragma GCC diagnostic pop
 108:Drivers/CMSIS/Include/cmsis_gcc.h ****   #define __UNALIGNED_UINT32_READ(addr)          (((const struct T_UINT32_READ *)(const void *)(add
 109:Drivers/CMSIS/Include/cmsis_gcc.h **** #endif
 110:Drivers/CMSIS/Include/cmsis_gcc.h **** #ifndef   __ALIGNED
 111:Drivers/CMSIS/Include/cmsis_gcc.h ****   #define __ALIGNED(x)                           __attribute__((aligned(x)))
 112:Drivers/CMSIS/Include/cmsis_gcc.h **** #endif
 113:Drivers/CMSIS/Include/cmsis_gcc.h **** #ifndef   __RESTRICT
 114:Drivers/CMSIS/Include/cmsis_gcc.h ****   #define __RESTRICT                             __restrict
 115:Drivers/CMSIS/Include/cmsis_gcc.h **** #endif
 116:Drivers/CMSIS/Include/cmsis_gcc.h **** 
 117:Drivers/CMSIS/Include/cmsis_gcc.h **** 
 118:Drivers/CMSIS/Include/cmsis_gcc.h **** /* ###########################  Core Function Access  ########################### */
 119:Drivers/CMSIS/Include/cmsis_gcc.h **** /** \ingroup  CMSIS_Core_FunctionInterface
 120:Drivers/CMSIS/Include/cmsis_gcc.h ****     \defgroup CMSIS_Core_RegAccFunctions CMSIS Core Register Access Functions
 121:Drivers/CMSIS/Include/cmsis_gcc.h ****   @{
 122:Drivers/CMSIS/Include/cmsis_gcc.h ****  */
 123:Drivers/CMSIS/Include/cmsis_gcc.h **** 
 124:Drivers/CMSIS/Include/cmsis_gcc.h **** /**
 125:Drivers/CMSIS/Include/cmsis_gcc.h ****   \brief   Enable IRQ Interrupts
 126:Drivers/CMSIS/Include/cmsis_gcc.h ****   \details Enables IRQ interrupts by clearing the I-bit in the CPSR.
 127:Drivers/CMSIS/Include/cmsis_gcc.h ****            Can only be executed in Privileged modes.
 128:Drivers/CMSIS/Include/cmsis_gcc.h ****  */
 129:Drivers/CMSIS/Include/cmsis_gcc.h **** __STATIC_FORCEINLINE void __enable_irq(void)
ARM GAS  C:\Users\SHUCHE~1\AppData\Local\Temp\cc6cK2Dr.s 			page 8


 130:Drivers/CMSIS/Include/cmsis_gcc.h **** {
 131:Drivers/CMSIS/Include/cmsis_gcc.h ****   __ASM volatile ("cpsie i" : : : "memory");
 132:Drivers/CMSIS/Include/cmsis_gcc.h **** }
 133:Drivers/CMSIS/Include/cmsis_gcc.h **** 
 134:Drivers/CMSIS/Include/cmsis_gcc.h **** 
 135:Drivers/CMSIS/Include/cmsis_gcc.h **** /**
 136:Drivers/CMSIS/Include/cmsis_gcc.h ****   \brief   Disable IRQ Interrupts
 137:Drivers/CMSIS/Include/cmsis_gcc.h ****   \details Disables IRQ interrupts by setting the I-bit in the CPSR.
 138:Drivers/CMSIS/Include/cmsis_gcc.h ****            Can only be executed in Privileged modes.
 139:Drivers/CMSIS/Include/cmsis_gcc.h ****  */
 140:Drivers/CMSIS/Include/cmsis_gcc.h **** __STATIC_FORCEINLINE void __disable_irq(void)
  99              		.loc 2 140 27 view .LVU16
 100              	.LBB7:
 141:Drivers/CMSIS/Include/cmsis_gcc.h **** {
 142:Drivers/CMSIS/Include/cmsis_gcc.h ****   __ASM volatile ("cpsid i" : : : "memory");
 101              		.loc 2 142 3 view .LVU17
 102              		.syntax unified
 103              	@ 142 "Drivers/CMSIS/Include/cmsis_gcc.h" 1
 104 0000 72B6     		cpsid i
 105              	@ 0 "" 2
 106              		.thumb
 107              		.syntax unified
 108              	.L6:
 109              	.LBE7:
 110              	.LBE6:
 176:Core/Src/main.c ****   while (1)
 111              		.loc 1 176 3 discriminator 1 view .LVU18
 177:Core/Src/main.c ****   {
 178:Core/Src/main.c ****   }
 112              		.loc 1 178 3 discriminator 1 view .LVU19
 176:Core/Src/main.c ****   while (1)
 113              		.loc 1 176 9 discriminator 1 view .LVU20
 114 0002 FEE7     		b	.L6
 115              		.cfi_endproc
 116              	.LFE126:
 118              		.section	.text.SystemClock_Config,"ax",%progbits
 119              		.align	1
 120              		.global	SystemClock_Config
 121              		.syntax unified
 122              		.thumb
 123              		.thumb_func
 125              	SystemClock_Config:
 126              	.LFB124:
 109:Core/Src/main.c ****   RCC_OscInitTypeDef RCC_OscInitStruct = {0};
 127              		.loc 1 109 1 view -0
 128              		.cfi_startproc
 129              		@ args = 0, pretend = 0, frame = 64
 130              		@ frame_needed = 0, uses_anonymous_args = 0
 131 0000 00B5     		push	{lr}
 132              	.LCFI2:
 133              		.cfi_def_cfa_offset 4
 134              		.cfi_offset 14, -4
 135 0002 91B0     		sub	sp, sp, #68
 136              	.LCFI3:
 137              		.cfi_def_cfa_offset 72
 110:Core/Src/main.c ****   RCC_ClkInitTypeDef RCC_ClkInitStruct = {0};
 138              		.loc 1 110 3 view .LVU22
ARM GAS  C:\Users\SHUCHE~1\AppData\Local\Temp\cc6cK2Dr.s 			page 9


 110:Core/Src/main.c ****   RCC_ClkInitTypeDef RCC_ClkInitStruct = {0};
 139              		.loc 1 110 22 is_stmt 0 view .LVU23
 140 0004 2822     		movs	r2, #40
 141 0006 0021     		movs	r1, #0
 142 0008 06A8     		add	r0, sp, #24
 143 000a FFF7FEFF 		bl	memset
 144              	.LVL0:
 111:Core/Src/main.c **** 
 145              		.loc 1 111 3 is_stmt 1 view .LVU24
 111:Core/Src/main.c **** 
 146              		.loc 1 111 22 is_stmt 0 view .LVU25
 147 000e 0023     		movs	r3, #0
 148 0010 0193     		str	r3, [sp, #4]
 149 0012 0293     		str	r3, [sp, #8]
 150 0014 0393     		str	r3, [sp, #12]
 151 0016 0493     		str	r3, [sp, #16]
 152 0018 0593     		str	r3, [sp, #20]
 116:Core/Src/main.c ****   RCC_OscInitStruct.HSEState = RCC_HSE_ON;
 153              		.loc 1 116 3 is_stmt 1 view .LVU26
 116:Core/Src/main.c ****   RCC_OscInitStruct.HSEState = RCC_HSE_ON;
 154              		.loc 1 116 36 is_stmt 0 view .LVU27
 155 001a 0122     		movs	r2, #1
 156 001c 0692     		str	r2, [sp, #24]
 117:Core/Src/main.c ****   RCC_OscInitStruct.HSEPredivValue = RCC_HSE_PREDIV_DIV1;
 157              		.loc 1 117 3 is_stmt 1 view .LVU28
 117:Core/Src/main.c ****   RCC_OscInitStruct.HSEPredivValue = RCC_HSE_PREDIV_DIV1;
 158              		.loc 1 117 30 is_stmt 0 view .LVU29
 159 001e 4FF48033 		mov	r3, #65536
 160 0022 0793     		str	r3, [sp, #28]
 118:Core/Src/main.c ****   RCC_OscInitStruct.HSIState = RCC_HSI_ON;
 161              		.loc 1 118 3 is_stmt 1 view .LVU30
 119:Core/Src/main.c ****   RCC_OscInitStruct.PLL.PLLState = RCC_PLL_ON;
 162              		.loc 1 119 3 view .LVU31
 119:Core/Src/main.c ****   RCC_OscInitStruct.PLL.PLLState = RCC_PLL_ON;
 163              		.loc 1 119 30 is_stmt 0 view .LVU32
 164 0024 0A92     		str	r2, [sp, #40]
 120:Core/Src/main.c ****   RCC_OscInitStruct.PLL.PLLSource = RCC_PLLSOURCE_HSE;
 165              		.loc 1 120 3 is_stmt 1 view .LVU33
 120:Core/Src/main.c ****   RCC_OscInitStruct.PLL.PLLSource = RCC_PLLSOURCE_HSE;
 166              		.loc 1 120 34 is_stmt 0 view .LVU34
 167 0026 0222     		movs	r2, #2
 168 0028 0D92     		str	r2, [sp, #52]
 121:Core/Src/main.c ****   RCC_OscInitStruct.PLL.PLLMUL = RCC_PLL_MUL6;
 169              		.loc 1 121 3 is_stmt 1 view .LVU35
 121:Core/Src/main.c ****   RCC_OscInitStruct.PLL.PLLMUL = RCC_PLL_MUL6;
 170              		.loc 1 121 35 is_stmt 0 view .LVU36
 171 002a 0E93     		str	r3, [sp, #56]
 122:Core/Src/main.c ****   if (HAL_RCC_OscConfig(&RCC_OscInitStruct) != HAL_OK)
 172              		.loc 1 122 3 is_stmt 1 view .LVU37
 122:Core/Src/main.c ****   if (HAL_RCC_OscConfig(&RCC_OscInitStruct) != HAL_OK)
 173              		.loc 1 122 32 is_stmt 0 view .LVU38
 174 002c 4FF48013 		mov	r3, #1048576
 175 0030 0F93     		str	r3, [sp, #60]
 123:Core/Src/main.c ****   {
 176              		.loc 1 123 3 is_stmt 1 view .LVU39
 123:Core/Src/main.c ****   {
 177              		.loc 1 123 7 is_stmt 0 view .LVU40
ARM GAS  C:\Users\SHUCHE~1\AppData\Local\Temp\cc6cK2Dr.s 			page 10


 178 0032 06A8     		add	r0, sp, #24
 179 0034 FFF7FEFF 		bl	HAL_RCC_OscConfig
 180              	.LVL1:
 123:Core/Src/main.c ****   {
 181              		.loc 1 123 6 view .LVU41
 182 0038 80B9     		cbnz	r0, .L11
 130:Core/Src/main.c ****                               |RCC_CLOCKTYPE_PCLK1|RCC_CLOCKTYPE_PCLK2;
 183              		.loc 1 130 3 is_stmt 1 view .LVU42
 130:Core/Src/main.c ****                               |RCC_CLOCKTYPE_PCLK1|RCC_CLOCKTYPE_PCLK2;
 184              		.loc 1 130 31 is_stmt 0 view .LVU43
 185 003a 0F23     		movs	r3, #15
 186 003c 0193     		str	r3, [sp, #4]
 132:Core/Src/main.c ****   RCC_ClkInitStruct.AHBCLKDivider = RCC_SYSCLK_DIV1;
 187              		.loc 1 132 3 is_stmt 1 view .LVU44
 132:Core/Src/main.c ****   RCC_ClkInitStruct.AHBCLKDivider = RCC_SYSCLK_DIV1;
 188              		.loc 1 132 34 is_stmt 0 view .LVU45
 189 003e 0221     		movs	r1, #2
 190 0040 0291     		str	r1, [sp, #8]
 133:Core/Src/main.c ****   RCC_ClkInitStruct.APB1CLKDivider = RCC_HCLK_DIV2;
 191              		.loc 1 133 3 is_stmt 1 view .LVU46
 133:Core/Src/main.c ****   RCC_ClkInitStruct.APB1CLKDivider = RCC_HCLK_DIV2;
 192              		.loc 1 133 35 is_stmt 0 view .LVU47
 193 0042 0023     		movs	r3, #0
 194 0044 0393     		str	r3, [sp, #12]
 134:Core/Src/main.c ****   RCC_ClkInitStruct.APB2CLKDivider = RCC_HCLK_DIV1;
 195              		.loc 1 134 3 is_stmt 1 view .LVU48
 134:Core/Src/main.c ****   RCC_ClkInitStruct.APB2CLKDivider = RCC_HCLK_DIV1;
 196              		.loc 1 134 36 is_stmt 0 view .LVU49
 197 0046 4FF48062 		mov	r2, #1024
 198 004a 0492     		str	r2, [sp, #16]
 135:Core/Src/main.c **** 
 199              		.loc 1 135 3 is_stmt 1 view .LVU50
 135:Core/Src/main.c **** 
 200              		.loc 1 135 36 is_stmt 0 view .LVU51
 201 004c 0593     		str	r3, [sp, #20]
 137:Core/Src/main.c ****   {
 202              		.loc 1 137 3 is_stmt 1 view .LVU52
 137:Core/Src/main.c ****   {
 203              		.loc 1 137 7 is_stmt 0 view .LVU53
 204 004e 01A8     		add	r0, sp, #4
 205 0050 FFF7FEFF 		bl	HAL_RCC_ClockConfig
 206              	.LVL2:
 137:Core/Src/main.c ****   {
 207              		.loc 1 137 6 view .LVU54
 208 0054 20B9     		cbnz	r0, .L12
 141:Core/Src/main.c **** 
 209              		.loc 1 141 1 view .LVU55
 210 0056 11B0     		add	sp, sp, #68
 211              	.LCFI4:
 212              		.cfi_remember_state
 213              		.cfi_def_cfa_offset 4
 214              		@ sp needed
 215 0058 5DF804FB 		ldr	pc, [sp], #4
 216              	.L11:
 217              	.LCFI5:
 218              		.cfi_restore_state
 125:Core/Src/main.c ****   }
ARM GAS  C:\Users\SHUCHE~1\AppData\Local\Temp\cc6cK2Dr.s 			page 11


 219              		.loc 1 125 5 is_stmt 1 view .LVU56
 220 005c FFF7FEFF 		bl	Error_Handler
 221              	.LVL3:
 222              	.L12:
 139:Core/Src/main.c ****   }
 223              		.loc 1 139 5 view .LVU57
 224 0060 FFF7FEFF 		bl	Error_Handler
 225              	.LVL4:
 226              		.cfi_endproc
 227              	.LFE124:
 229              		.section	.text.main,"ax",%progbits
 230              		.align	1
 231              		.global	main
 232              		.syntax unified
 233              		.thumb
 234              		.thumb_func
 236              	main:
 237              	.LFB123:
  65:Core/Src/main.c **** 
 238              		.loc 1 65 1 view -0
 239              		.cfi_startproc
 240              		@ Volatile: function does not return.
 241              		@ args = 0, pretend = 0, frame = 0
 242              		@ frame_needed = 0, uses_anonymous_args = 0
 243 0000 08B5     		push	{r3, lr}
 244              	.LCFI6:
 245              		.cfi_def_cfa_offset 8
 246              		.cfi_offset 3, -8
 247              		.cfi_offset 14, -4
  74:Core/Src/main.c **** 
 248              		.loc 1 74 3 view .LVU59
 249 0002 FFF7FEFF 		bl	HAL_Init
 250              	.LVL5:
  81:Core/Src/main.c **** 
 251              		.loc 1 81 3 view .LVU60
 252 0006 FFF7FEFF 		bl	SystemClock_Config
 253              	.LVL6:
  88:Core/Src/main.c ****   /* USER CODE BEGIN 2 */
 254              		.loc 1 88 3 view .LVU61
 255 000a FFF7FEFF 		bl	MX_GPIO_Init
 256              	.LVL7:
 257              	.L14:
  95:Core/Src/main.c ****   {
 258              		.loc 1 95 3 discriminator 1 view .LVU62
  98:Core/Src/main.c ****     /* USER CODE BEGIN 3 */
 259              		.loc 1 98 5 discriminator 1 view .LVU63
 260 000e 6420     		movs	r0, #100
 261 0010 FFF7FEFF 		bl	HAL_Delay
 262              	.LVL8:
  95:Core/Src/main.c ****   {
 263              		.loc 1 95 9 discriminator 1 view .LVU64
 264 0014 FBE7     		b	.L14
 265              		.cfi_endproc
 266              	.LFE123:
 268              		.text
 269              	.Letext0:
 270              		.file 3 "e:\\programfile\\msys2\\mingw64\\arm-none-eabi\\include\\machine\\_default_types.h"
ARM GAS  C:\Users\SHUCHE~1\AppData\Local\Temp\cc6cK2Dr.s 			page 12


 271              		.file 4 "e:\\programfile\\msys2\\mingw64\\arm-none-eabi\\include\\sys\\_stdint.h"
 272              		.file 5 "Drivers/CMSIS/Device/ST/STM32F3xx/Include/stm32f334x8.h"
 273              		.file 6 "Drivers/STM32F3xx_HAL_Driver/Inc/stm32f3xx_hal_def.h"
 274              		.file 7 "Drivers/STM32F3xx_HAL_Driver/Inc/stm32f3xx_hal_rcc.h"
 275              		.file 8 "Drivers/STM32F3xx_HAL_Driver/Inc/stm32f3xx_hal.h"
 276              		.file 9 "<built-in>"
ARM GAS  C:\Users\SHUCHE~1\AppData\Local\Temp\cc6cK2Dr.s 			page 13


DEFINED SYMBOLS
                            *ABS*:00000000 main.c
C:\Users\SHUCHE~1\AppData\Local\Temp\cc6cK2Dr.s:21     .text.MX_GPIO_Init:00000000 $t
C:\Users\SHUCHE~1\AppData\Local\Temp\cc6cK2Dr.s:26     .text.MX_GPIO_Init:00000000 MX_GPIO_Init
C:\Users\SHUCHE~1\AppData\Local\Temp\cc6cK2Dr.s:76     .text.MX_GPIO_Init:0000002c $d
C:\Users\SHUCHE~1\AppData\Local\Temp\cc6cK2Dr.s:81     .text.Error_Handler:00000000 $t
C:\Users\SHUCHE~1\AppData\Local\Temp\cc6cK2Dr.s:87     .text.Error_Handler:00000000 Error_Handler
C:\Users\SHUCHE~1\AppData\Local\Temp\cc6cK2Dr.s:119    .text.SystemClock_Config:00000000 $t
C:\Users\SHUCHE~1\AppData\Local\Temp\cc6cK2Dr.s:125    .text.SystemClock_Config:00000000 SystemClock_Config
C:\Users\SHUCHE~1\AppData\Local\Temp\cc6cK2Dr.s:230    .text.main:00000000 $t
C:\Users\SHUCHE~1\AppData\Local\Temp\cc6cK2Dr.s:236    .text.main:00000000 main

UNDEFINED SYMBOLS
memset
HAL_RCC_OscConfig
HAL_RCC_ClockConfig
HAL_Init
HAL_Delay
