Archive member included to satisfy reference by file (symbol)

e:/programfile/msys2/mingw64/bin/../lib/gcc/arm-none-eabi/12.2.0/../../../../arm-none-eabi/lib/thumb/v7e-m+fp/hard\libc_nano.a(libc_a-atexit.o)
                              e:/programfile/msys2/mingw64/bin/../lib/gcc/arm-none-eabi/12.2.0/../../../../arm-none-eabi/lib/thumb/v7e-m+fp/hard/crt0.o (atexit)
e:/programfile/msys2/mingw64/bin/../lib/gcc/arm-none-eabi/12.2.0/../../../../arm-none-eabi/lib/thumb/v7e-m+fp/hard\libc_nano.a(libc_a-exit.o)
                              e:/programfile/msys2/mingw64/bin/../lib/gcc/arm-none-eabi/12.2.0/../../../../arm-none-eabi/lib/thumb/v7e-m+fp/hard/crt0.o (exit)
e:/programfile/msys2/mingw64/bin/../lib/gcc/arm-none-eabi/12.2.0/../../../../arm-none-eabi/lib/thumb/v7e-m+fp/hard\libc_nano.a(libc_a-findfp.o)
                              e:/programfile/msys2/mingw64/bin/../lib/gcc/arm-none-eabi/12.2.0/../../../../arm-none-eabi/lib/thumb/v7e-m+fp/hard\libc_nano.a(libc_a-exit.o) (__stdio_exit_handler)
e:/programfile/msys2/mingw64/bin/../lib/gcc/arm-none-eabi/12.2.0/../../../../arm-none-eabi/lib/thumb/v7e-m+fp/hard\libc_nano.a(libc_a-fwalk.o)
                              e:/programfile/msys2/mingw64/bin/../lib/gcc/arm-none-eabi/12.2.0/../../../../arm-none-eabi/lib/thumb/v7e-m+fp/hard\libc_nano.a(libc_a-findfp.o) (_fwalk_sglue)
e:/programfile/msys2/mingw64/bin/../lib/gcc/arm-none-eabi/12.2.0/../../../../arm-none-eabi/lib/thumb/v7e-m+fp/hard\libc_nano.a(libc_a-stdio.o)
                              e:/programfile/msys2/mingw64/bin/../lib/gcc/arm-none-eabi/12.2.0/../../../../arm-none-eabi/lib/thumb/v7e-m+fp/hard\libc_nano.a(libc_a-findfp.o) (__sread)
e:/programfile/msys2/mingw64/bin/../lib/gcc/arm-none-eabi/12.2.0/../../../../arm-none-eabi/lib/thumb/v7e-m+fp/hard\libc_nano.a(libc_a-memset.o)
                              e:/programfile/msys2/mingw64/bin/../lib/gcc/arm-none-eabi/12.2.0/../../../../arm-none-eabi/lib/thumb/v7e-m+fp/hard/crt0.o (memset)
e:/programfile/msys2/mingw64/bin/../lib/gcc/arm-none-eabi/12.2.0/../../../../arm-none-eabi/lib/thumb/v7e-m+fp/hard\libc_nano.a(libc_a-closer.o)
                              e:/programfile/msys2/mingw64/bin/../lib/gcc/arm-none-eabi/12.2.0/../../../../arm-none-eabi/lib/thumb/v7e-m+fp/hard\libc_nano.a(libc_a-stdio.o) (_close_r)
e:/programfile/msys2/mingw64/bin/../lib/gcc/arm-none-eabi/12.2.0/../../../../arm-none-eabi/lib/thumb/v7e-m+fp/hard\libc_nano.a(libc_a-reent.o)
                              e:/programfile/msys2/mingw64/bin/../lib/gcc/arm-none-eabi/12.2.0/../../../../arm-none-eabi/lib/thumb/v7e-m+fp/hard\libc_nano.a(libc_a-closer.o) (errno)
e:/programfile/msys2/mingw64/bin/../lib/gcc/arm-none-eabi/12.2.0/../../../../arm-none-eabi/lib/thumb/v7e-m+fp/hard\libc_nano.a(libc_a-impure.o)
                              e:/programfile/msys2/mingw64/bin/../lib/gcc/arm-none-eabi/12.2.0/../../../../arm-none-eabi/lib/thumb/v7e-m+fp/hard\libc_nano.a(libc_a-reent.o) (_impure_ptr)
e:/programfile/msys2/mingw64/bin/../lib/gcc/arm-none-eabi/12.2.0/../../../../arm-none-eabi/lib/thumb/v7e-m+fp/hard\libc_nano.a(libc_a-lseekr.o)
                              e:/programfile/msys2/mingw64/bin/../lib/gcc/arm-none-eabi/12.2.0/../../../../arm-none-eabi/lib/thumb/v7e-m+fp/hard\libc_nano.a(libc_a-stdio.o) (_lseek_r)
e:/programfile/msys2/mingw64/bin/../lib/gcc/arm-none-eabi/12.2.0/../../../../arm-none-eabi/lib/thumb/v7e-m+fp/hard\libc_nano.a(libc_a-readr.o)
                              e:/programfile/msys2/mingw64/bin/../lib/gcc/arm-none-eabi/12.2.0/../../../../arm-none-eabi/lib/thumb/v7e-m+fp/hard\libc_nano.a(libc_a-stdio.o) (_read_r)
e:/programfile/msys2/mingw64/bin/../lib/gcc/arm-none-eabi/12.2.0/../../../../arm-none-eabi/lib/thumb/v7e-m+fp/hard\libc_nano.a(libc_a-writer.o)
                              e:/programfile/msys2/mingw64/bin/../lib/gcc/arm-none-eabi/12.2.0/../../../../arm-none-eabi/lib/thumb/v7e-m+fp/hard\libc_nano.a(libc_a-stdio.o) (_write_r)
e:/programfile/msys2/mingw64/bin/../lib/gcc/arm-none-eabi/12.2.0/../../../../arm-none-eabi/lib/thumb/v7e-m+fp/hard\libc_nano.a(libc_a-init.o)
                              e:/programfile/msys2/mingw64/bin/../lib/gcc/arm-none-eabi/12.2.0/../../../../arm-none-eabi/lib/thumb/v7e-m+fp/hard/crt0.o (__libc_init_array)
e:/programfile/msys2/mingw64/bin/../lib/gcc/arm-none-eabi/12.2.0/../../../../arm-none-eabi/lib/thumb/v7e-m+fp/hard\libc_nano.a(libc_a-fini.o)
                              e:/programfile/msys2/mingw64/bin/../lib/gcc/arm-none-eabi/12.2.0/../../../../arm-none-eabi/lib/thumb/v7e-m+fp/hard/crt0.o (__libc_fini_array)
e:/programfile/msys2/mingw64/bin/../lib/gcc/arm-none-eabi/12.2.0/../../../../arm-none-eabi/lib/thumb/v7e-m+fp/hard\libc_nano.a(libc_a-lock.o)
                              e:/programfile/msys2/mingw64/bin/../lib/gcc/arm-none-eabi/12.2.0/../../../../arm-none-eabi/lib/thumb/v7e-m+fp/hard\libc_nano.a(libc_a-findfp.o) (__retarget_lock_init_recursive)
[...]
Memory Configuration

Name             Origin             Length             Attributes
RAM              0x20000000         0x00003000         xrw
CCMRAM           0x10000000         0x00001000         xrw
FLASH            0x08000000         0x00010000         xr
*default*        0x00000000         0xffffffff

Linker script and memory map

LOAD e:/programfile/msys2/mingw64/bin/../lib/gcc/arm-none-eabi/12.2.0/thumb/v7e-m+fp/hard/crti.o
LOAD e:/programfile/msys2/mingw64/bin/../lib/gcc/arm-none-eabi/12.2.0/thumb/v7e-m+fp/hard/crtbegin.o
LOAD e:/programfile/msys2/mingw64/bin/../lib/gcc/arm-none-eabi/12.2.0/../../../../arm-none-eabi/lib/thumb/v7e-m+fp/hard/crt0.o
LOAD build/main.o
LOAD build/stm32f3xx_it.o
LOAD build/stm32f3xx_hal_msp.o
LOAD build/stm32f3xx_hal_adc.o
LOAD build/stm32f3xx_hal_adc_ex.o
LOAD build/stm32f3xx_hal.o
LOAD build/stm32f3xx_hal_rcc.o
LOAD build/stm32f3xx_hal_rcc_ex.o
LOAD build/stm32f3xx_hal_gpio.o
LOAD build/stm32f3xx_hal_dma.o
LOAD build/stm32f3xx_hal_cortex.o
LOAD build/stm32f3xx_hal_pwr.o
LOAD build/stm32f3xx_hal_pwr_ex.o
LOAD build/stm32f3xx_hal_flash.o
LOAD build/stm32f3xx_hal_flash_ex.o
LOAD build/stm32f3xx_hal_i2c.o
LOAD build/stm32f3xx_hal_i2c_ex.o
LOAD build/stm32f3xx_hal_exti.o
LOAD build/stm32f3xx_hal_can.o
LOAD build/stm32f3xx_hal_dac.o
LOAD build/stm32f3xx_hal_dac_ex.o
LOAD build/stm32f3xx_hal_hrtim.o
LOAD build/stm32f3xx_hal_uart.o
LOAD build/stm32f3xx_hal_uart_ex.o
LOAD build/system_stm32f3xx.o
LOAD build/startup_stm32f334x8.o
LOAD e:/programfile/msys2/mingw64/bin/../lib/gcc/arm-none-eabi/12.2.0/../../../../arm-none-eabi/lib/thumb/v7e-m+fp/hard\libc_nano.a
LOAD e:/programfile/msys2/mingw64/bin/../lib/gcc/arm-none-eabi/12.2.0/../../../../arm-none-eabi/lib/thumb/v7e-m+fp/hard\libm.a
LOAD e:/programfile/msys2/mingw64/bin/../lib/gcc/arm-none-eabi/12.2.0/../../../../arm-none-eabi/lib/thumb/v7e-m+fp/hard\libnosys.a
START GROUP
LOAD e:/programfile/msys2/mingw64/bin/../lib/gcc/arm-none-eabi/12.2.0/thumb/v7e-m+fp/hard\libgcc.a
LOAD e:/programfile/msys2/mingw64/bin/../lib/gcc/arm-none-eabi/12.2.0/../../../../arm-none-eabi/lib/thumb/v7e-m+fp/hard\libc_nano.a
END GROUP
START GROUP
LOAD e:/programfile/msys2/mingw64/bin/../lib/gcc/arm-none-eabi/12.2.0/thumb/v7e-m+fp/hard\libgcc.a
LOAD e:/programfile/msys2/mingw64/bin/../lib/gcc/arm-none-eabi/12.2.0/../../../../arm-none-eabi/lib/thumb/v7e-m+fp/hard\libc_nano.a
END GROUP
LOAD e:/programfile/msys2/mingw64/bin/../lib/gcc/arm-none-eabi/12.2.0/thumb/v7e-m+fp/hard/crtend.o
LOAD e:/programfile/msys2/mingw64/bin/../lib/gcc/arm-none-eabi/12.2.0/thumb/v7e-m+fp/hard/crtn.o
                0x20003000                        _estack = (ORIGIN (RAM) + LENGTH (RAM))
                0x00000200                        _Min_Heap_Size = 0x200
                0x00000400                        _Min_Stack_Size = 0x400

.isr_vector     0x08000000      0x188
                0x08000000                        . = ALIGN (0x4)
 *(.isr_vector)
 .isr_vector    0x08000000      0x188 build/startup_stm32f334x8.o
                0x08000000                g_pfnVectors
                0x08000188                        . = ALIGN (0x4)

.text           0x08000188     0x28ac
                0x08000188                        . = ALIGN (0x4)
 *(.text)
 .text          0x08000188       0xa4 e:/programfile/msys2/mingw64/bin/../lib/gcc/arm-none-eabi/12.2.0/../../../../arm-none-eabi/lib/thumb/v7e-m+fp/hard\libc_nano.a(libc_a-memset.o)
                0x08000188                memset
 .text          0x0800022c       0x50 e:/programfile/msys2/mingw64/bin/../lib/gcc/arm-none-eabi/12.2.0/../../../../arm-none-eabi/lib/thumb/v7e-m+fp/hard\libc_nano.a(libc_a-init.o)
                0x0800022c                __libc_init_array
 *(.text*)
 .text.__do_global_dtors_aux
                0x0800027c       0x24 e:/programfile/msys2/mingw64/bin/../lib/gcc/arm-none-eabi/12.2.0/thumb/v7e-m+fp/hard/crtbegin.o
 .text.frame_dummy
                0x080002a0       0x1c e:/programfile/msys2/mingw64/bin/../lib/gcc/arm-none-eabi/12.2.0/thumb/v7e-m+fp/hard/crtbegin.o
 .text.MX_GPIO_Init
                0x080002bc       0x78 build/main.o
 .text.Error_Handler
                0x08000334        0x4 build/main.o
                0x08000334                Error_Handler
 .text.MX_ADC1_Init
                0x08000338       0x88 build/main.o
 .text.MX_ADC2_Init
                0x080003c0       0x70 build/main.o
 .text.MX_HRTIM1_Init
                0x08000430       0xfc build/main.o
 .text.MX_USART1_UART_Init
                0x0800052c       0x38 build/main.o
 .text.MX_CAN_Init
                0x08000564       0x38 build/main.o
 .text.MX_DAC2_Init
                0x0800059c       0x40 build/main.o
 .text.MX_USART3_UART_Init
                0x080005dc       0x38 build/main.o
 .text.SystemClock_Config
                0x08000614       0x90 build/main.o
                0x08000614                SystemClock_Config
 .text.main     0x080006a4       0x2c build/main.o
                0x080006a4                main
 .text.NMI_Handler
                0x080006d0        0x2 build/stm32f3xx_it.o
                0x080006d0                NMI_Handler
 .text.HardFault_Handler
                0x080006d2        0x2 build/stm32f3xx_it.o
                0x080006d2                HardFault_Handler
 .text.MemManage_Handler
                0x080006d4        0x2 build/stm32f3xx_it.o
                0x080006d4                MemManage_Handler
 .text.BusFault_Handler
                0x080006d6        0x2 build/stm32f3xx_it.o
                0x080006d6                BusFault_Handler
 .text.UsageFault_Handler
                0x080006d8        0x2 build/stm32f3xx_it.o
                0x080006d8                UsageFault_Handler
 .text.SVC_Handler
                0x080006da        0x2 build/stm32f3xx_it.o
                0x080006da                SVC_Handler
 .text.DebugMon_Handler
                0x080006dc        0x2 build/stm32f3xx_it.o
                0x080006dc                DebugMon_Handler
 .text.PendSV_Handler
                0x080006de        0x2 build/stm32f3xx_it.o
                0x080006de                PendSV_Handler
 .text.SysTick_Handler
                0x080006e0        0x8 build/stm32f3xx_it.o
                0x080006e0                SysTick_Handler
 .text.HAL_MspInit
                0x080006e8       0x30 build/stm32f3xx_hal_msp.o
                0x080006e8                HAL_MspInit
 .text.HAL_ADC_MspInit
                0x08000718       0xc4 build/stm32f3xx_hal_msp.o
                0x08000718                HAL_ADC_MspInit
 .text.HAL_CAN_MspInit
                0x080007dc       0x6c build/stm32f3xx_hal_msp.o
                0x080007dc                HAL_CAN_MspInit
 .text.HAL_DAC_MspInit
                0x08000848       0x60 build/stm32f3xx_hal_msp.o
                0x08000848                HAL_DAC_MspInit
 .text.HAL_HRTIM_MspInit
                0x080008a8       0x2c build/stm32f3xx_hal_msp.o
                0x080008a8                HAL_HRTIM_MspInit
 .text.HAL_HRTIM_MspPostInit
                0x080008d4       0x58 build/stm32f3xx_hal_msp.o
                0x080008d4                HAL_HRTIM_MspPostInit
 .text.HAL_UART_MspInit
                0x0800092c       0xb8 build/stm32f3xx_hal_msp.o
                0x0800092c                HAL_UART_MspInit
 .text.ADC_Disable
                0x080009e4       0x88 build/stm32f3xx_hal_adc_ex.o
 .text.HAL_ADC_Init
                0x08000a6c      0x214 build/stm32f3xx_hal_adc_ex.o
                0x08000a6c                HAL_ADC_Init
 .text.HAL_ADC_ConfigChannel
                0x08000c80      0x370 build/stm32f3xx_hal_adc_ex.o
                0x08000c80                HAL_ADC_ConfigChannel
 .text.HAL_ADCEx_MultiModeConfigChannel
                0x08000ff0      0x118 build/stm32f3xx_hal_adc_ex.o
                0x08000ff0                HAL_ADCEx_MultiModeConfigChannel
 .text.HAL_InitTick
                0x08001108       0x4c build/stm32f3xx_hal.o
                0x08001108                HAL_InitTick
 .text.HAL_Init
                0x08001154       0x24 build/stm32f3xx_hal.o
                0x08001154                HAL_Init
 .text.HAL_IncTick
                0x08001178       0x18 build/stm32f3xx_hal.o
                0x08001178                HAL_IncTick
 .text.HAL_GetTick
                0x08001190        0xc build/stm32f3xx_hal.o
                0x08001190                HAL_GetTick
 .text.HAL_RCC_OscConfig
                0x0800119c      0x630 build/stm32f3xx_hal_rcc.o
                0x0800119c                HAL_RCC_OscConfig
 .text.HAL_RCC_GetSysClockFreq
                0x080017cc       0x60 build/stm32f3xx_hal_rcc.o
                0x080017cc                HAL_RCC_GetSysClockFreq
 .text.HAL_RCC_ClockConfig
                0x0800182c      0x1a8 build/stm32f3xx_hal_rcc.o
                0x0800182c                HAL_RCC_ClockConfig
 .text.HAL_RCC_GetHCLKFreq
                0x080019d4        0xc build/stm32f3xx_hal_rcc.o
                0x080019d4                HAL_RCC_GetHCLKFreq
 .text.HAL_RCC_GetPCLK1Freq
                0x080019e0       0x2c build/stm32f3xx_hal_rcc.o
                0x080019e0                HAL_RCC_GetPCLK1Freq
 .text.HAL_RCC_GetPCLK2Freq
                0x08001a0c       0x2c build/stm32f3xx_hal_rcc.o
                0x08001a0c                HAL_RCC_GetPCLK2Freq
 .text.HAL_RCCEx_PeriphCLKConfig
                0x08001a38      0x1a4 build/stm32f3xx_hal_rcc_ex.o
                0x08001a38                HAL_RCCEx_PeriphCLKConfig
 .text.HAL_GPIO_Init
                0x08001bdc      0x1bc build/stm32f3xx_hal_gpio.o
                0x08001bdc                HAL_GPIO_Init
 .text.HAL_GPIO_WritePin
                0x08001d98        0xa build/stm32f3xx_hal_gpio.o
                0x08001d98                HAL_GPIO_WritePin
 *fill*         0x08001da2        0x2 
 .text.__NVIC_SetPriority
                0x08001da4       0x28 build/stm32f3xx_hal_cortex.o
 .text.NVIC_EncodePriority
                0x08001dcc       0x3e build/stm32f3xx_hal_cortex.o
 *fill*         0x08001e0a        0x2 
 .text.HAL_NVIC_SetPriorityGrouping
                0x08001e0c       0x24 build/stm32f3xx_hal_cortex.o
                0x08001e0c                HAL_NVIC_SetPriorityGrouping
 .text.HAL_NVIC_SetPriority
                0x08001e30       0x20 build/stm32f3xx_hal_cortex.o
                0x08001e30                HAL_NVIC_SetPriority
 .text.HAL_SYSTICK_Config
                0x08001e50       0x28 build/stm32f3xx_hal_cortex.o
                0x08001e50                HAL_SYSTICK_Config
 .text.HAL_CAN_Init
                0x08001e78      0x14c build/stm32f3xx_hal_can.o
                0x08001e78                HAL_CAN_Init
 .text.HAL_DAC_Init
                0x08001fc4       0x24 build/stm32f3xx_hal_dac.o
                0x08001fc4                HAL_DAC_Init
 .text.HAL_DAC_ConfigChannel
                0x08001fe8       0x78 build/stm32f3xx_hal_dac_ex.o
                0x08001fe8                HAL_DAC_ConfigChannel
 .text.HRTIM_MasterBase_Config
                0x08002060       0x2a build/stm32f3xx_hal_hrtim.o
 .text.HRTIM_TimingUnitBase_Config
                0x0800208a       0x40 build/stm32f3xx_hal_hrtim.o
 .text.HRTIM_MasterWaveform_Config
                0x080020ca       0x58 build/stm32f3xx_hal_hrtim.o
 .text.HRTIM_TimingUnitWaveform_Config
                0x08002122      0x14c build/stm32f3xx_hal_hrtim.o
 *fill*         0x0800226e        0x2 
 .text.HRTIM_OutputConfig
                0x08002270       0xe0 build/stm32f3xx_hal_hrtim.o
 .text.HRTIM_ForceRegistersUpdate
                0x08002350       0x6e build/stm32f3xx_hal_hrtim.o
 *fill*         0x080023be        0x2 
 .text.HAL_HRTIM_Init
                0x080023c0       0xd4 build/stm32f3xx_hal_hrtim.o
                0x080023c0                HAL_HRTIM_Init
 .text.HAL_HRTIM_TimeBaseConfig
                0x08002494       0x32 build/stm32f3xx_hal_hrtim.o
                0x08002494                HAL_HRTIM_TimeBaseConfig
 .text.HAL_HRTIM_WaveformTimerConfig
                0x080024c6       0x70 build/stm32f3xx_hal_hrtim.o
                0x080024c6                HAL_HRTIM_WaveformTimerConfig
 .text.HAL_HRTIM_WaveformOutputConfig
                0x08002536       0x38 build/stm32f3xx_hal_hrtim.o
                0x08002536                HAL_HRTIM_WaveformOutputConfig
 .text.UART_EndRxTransfer
                0x0800256e       0x52 build/stm32f3xx_hal_uart.o
 .text.UART_SetConfig
                0x080025c0      0x164 build/stm32f3xx_hal_uart.o
                0x080025c0                UART_SetConfig
 .text.UART_AdvFeatureConfig
                0x08002724       0xca build/stm32f3xx_hal_uart.o
                0x08002724                UART_AdvFeatureConfig
 .text.UART_WaitOnFlagUntilTimeout
                0x080027ee       0x9e build/stm32f3xx_hal_uart.o
                0x080027ee                UART_WaitOnFlagUntilTimeout
 .text.UART_CheckIdleState
                0x0800288c       0xc6 build/stm32f3xx_hal_uart.o
                0x0800288c                UART_CheckIdleState
 .text.HAL_UART_Init
                0x08002952       0x62 build/stm32f3xx_hal_uart.o
                0x08002952                HAL_UART_Init
 .text.SystemInit
                0x080029b4       0x14 build/system_stm32f3xx.o
                0x080029b4                SystemInit
 .text.Reset_Handler
                0x080029c8       0x50 build/startup_stm32f334x8.o
                0x080029c8                Reset_Handler
 .text.Default_Handler
                0x08002a18        0x2 build/startup_stm32f334x8.o
                0x08002a18                RTC_Alarm_IRQHandler
                0x08002a18                HRTIM1_Master_IRQHandler
                0x08002a18                TIM1_CC_IRQHandler
                0x08002a18                HRTIM1_FLT_IRQHandler
                0x08002a18                PVD_IRQHandler
                0x08002a18                HRTIM1_TIMD_IRQHandler
                0x08002a18                TAMP_STAMP_IRQHandler
                0x08002a18                EXTI3_IRQHandler
                0x08002a18                EXTI0_IRQHandler
                0x08002a18                FPU_IRQHandler
                0x08002a18                CAN_TX_IRQHandler
                0x08002a18                TIM1_UP_TIM16_IRQHandler
                0x08002a18                ADC1_2_IRQHandler
                0x08002a18                HRTIM1_TIME_IRQHandler
                0x08002a18                SPI1_IRQHandler
                0x08002a18                CAN_SCE_IRQHandler
                0x08002a18                HRTIM1_TIMC_IRQHandler
                0x08002a18                DMA1_Channel4_IRQHandler
                0x08002a18                USART3_IRQHandler
                0x08002a18                DMA1_Channel7_IRQHandler
                0x08002a18                TIM7_DAC2_IRQHandler
                0x08002a18                CAN_RX1_IRQHandler
                0x08002a18                I2C1_EV_IRQHandler
                0x08002a18                DMA1_Channel6_IRQHandler
                0x08002a18                TIM3_IRQHandler
                0x08002a18                RCC_IRQHandler
                0x08002a18                DMA1_Channel1_IRQHandler
                0x08002a18                Default_Handler
                0x08002a18                EXTI15_10_IRQHandler
                0x08002a18                COMP2_IRQHandler
                0x08002a18                HRTIM1_TIMA_IRQHandler
                0x08002a18                TIM6_DAC1_IRQHandler
                0x08002a18                EXTI9_5_IRQHandler
                0x08002a18                RTC_WKUP_IRQHandler
                0x08002a18                DMA1_Channel5_IRQHandler
                0x08002a18                EXTI4_IRQHandler
                0x08002a18                HRTIM1_TIMB_IRQHandler
                0x08002a18                TIM1_TRG_COM_TIM17_IRQHandler
                0x08002a18                DMA1_Channel3_IRQHandler
                0x08002a18                WWDG_IRQHandler
                0x08002a18                TIM2_IRQHandler
                0x08002a18                EXTI1_IRQHandler
                0x08002a18                COMP4_6_IRQHandler
                0x08002a18                USART2_IRQHandler
                0x08002a18                DMA1_Channel2_IRQHandler
                0x08002a18                FLASH_IRQHandler
                0x08002a18                USART1_IRQHandler
                0x08002a18                CAN_RX0_IRQHandler
                0x08002a18                I2C1_ER_IRQHandler
                0x08002a18                EXTI2_TSC_IRQHandler
                0x08002a18                TIM1_BRK_TIM15_IRQHandler
 *(.glue_7)
 .glue_7        0x08002a1a        0x0 linker stubs
 *(.glue_7t)
 .glue_7t       0x08002a1a        0x0 linker stubs
 *(.eh_frame)
 *fill*         0x08002a1a        0x2 
 .eh_frame      0x08002a1c        0x0 e:/programfile/msys2/mingw64/bin/../lib/gcc/arm-none-eabi/12.2.0/thumb/v7e-m+fp/hard/crtbegin.o
 *(.init)
 .init          0x08002a1c        0x4 e:/programfile/msys2/mingw64/bin/../lib/gcc/arm-none-eabi/12.2.0/thumb/v7e-m+fp/hard/crti.o
                0x08002a1c                _init
 .init          0x08002a20        0x8 e:/programfile/msys2/mingw64/bin/../lib/gcc/arm-none-eabi/12.2.0/thumb/v7e-m+fp/hard/crtn.o
 *(.fini)
 .fini          0x08002a28        0x4 e:/programfile/msys2/mingw64/bin/../lib/gcc/arm-none-eabi/12.2.0/thumb/v7e-m+fp/hard/crti.o
                0x08002a28                _fini
 .fini          0x08002a2c        0x8 e:/programfile/msys2/mingw64/bin/../lib/gcc/arm-none-eabi/12.2.0/thumb/v7e-m+fp/hard/crtn.o
                0x08002a34                        . = ALIGN (0x4)
                0x08002a34                        _etext = .

.vfp11_veneer   0x08002a34        0x0
 .vfp11_veneer  0x08002a34        0x0 linker stubs

.v4_bx          0x08002a34        0x0
 .v4_bx         0x08002a34        0x0 linker stubs

.iplt           0x08002a34        0x0
 .iplt          0x08002a34        0x0 e:/programfile/msys2/mingw64/bin/../lib/gcc/arm-none-eabi/12.2.0/thumb/v7e-m+fp/hard/crtbegin.o

.rodata         0x08002a34       0x38
                0x08002a34                        . = ALIGN (0x4)
 *(.rodata)
 *(.rodata*)
 .rodata.aPredivFactorTable
                0x08002a34       0x10 build/stm32f3xx_hal_rcc.o
 .rodata.aPLLMULFactorTable
                0x08002a44       0x10 build/stm32f3xx_hal_rcc.o
 .rodata.APBPrescTable
                0x08002a54        0x8 build/system_stm32f3xx.o
                0x08002a54                APBPrescTable
 .rodata.AHBPrescTable
                0x08002a5c       0x10 build/system_stm32f3xx.o
                0x08002a5c                AHBPrescTable
                0x08002a6c                        . = ALIGN (0x4)

.ARM.extab      0x08002a6c        0x0
                0x08002a6c                        . = ALIGN (0x4)
 *(.ARM.extab* .gnu.linkonce.armextab.*)
                0x08002a6c                        . = ALIGN (0x4)

.ARM            0x08002a6c        0x0
                0x08002a6c                        . = ALIGN (0x4)
                0x08002a6c                        __exidx_start = .
 *(.ARM.exidx*)
                0x08002a6c                        __exidx_end = .
                0x08002a6c                        . = ALIGN (0x4)

.preinit_array  0x08002a6c        0x0
                0x08002a6c                        . = ALIGN (0x4)
                0x08002a6c                        PROVIDE (__preinit_array_start = .)
 *(.preinit_array*)
                0x08002a6c                        PROVIDE (__preinit_array_end = .)
                0x08002a6c                        . = ALIGN (0x4)

.init_array     0x08002a6c        0x4
                0x08002a6c                        . = ALIGN (0x4)
                0x08002a6c                        PROVIDE (__init_array_start = .)
 *(SORT_BY_NAME(.init_array.*))
 *(.init_array*)
 .init_array    0x08002a6c        0x4 e:/programfile/msys2/mingw64/bin/../lib/gcc/arm-none-eabi/12.2.0/thumb/v7e-m+fp/hard/crtbegin.o
                0x08002a70                        PROVIDE (__init_array_end = .)
                0x08002a70                        . = ALIGN (0x4)

.fini_array     0x08002a70        0x4
                0x08002a70                        . = ALIGN (0x4)
                0x08002a70                        PROVIDE (__fini_array_start = .)
 *(SORT_BY_NAME(.fini_array.*))
 *(.fini_array*)
 .fini_array    0x08002a70        0x4 e:/programfile/msys2/mingw64/bin/../lib/gcc/arm-none-eabi/12.2.0/thumb/v7e-m+fp/hard/crtbegin.o
                0x08002a74                        PROVIDE (__fini_array_end = .)
                0x08002a74                        . = ALIGN (0x4)
                0x08002a74                        _sidata = LOADADDR (.data)

.rel.dyn        0x08002a74        0x0
 .rel.iplt      0x08002a74        0x0 e:/programfile/msys2/mingw64/bin/../lib/gcc/arm-none-eabi/12.2.0/thumb/v7e-m+fp/hard/crtbegin.o

.data           0x20000000        0xc load address 0x08002a74
                0x20000000                        . = ALIGN (0x4)
                0x20000000                        _sdata = .
 *(.data)
 *(.data*)
 .data.uwTickFreq
                0x20000000        0x1 build/stm32f3xx_hal.o
                0x20000000                uwTickFreq
 *fill*         0x20000001        0x3 
 .data.uwTickPrio
                0x20000004        0x4 build/stm32f3xx_hal.o
                0x20000004                uwTickPrio
 .data.SystemCoreClock
                0x20000008        0x4 build/system_stm32f3xx.o
                0x20000008                SystemCoreClock
 *(.RamFunc)
 *(.RamFunc*)
                0x2000000c                        . = ALIGN (0x4)
                0x2000000c                        _edata = .
                0x08002a80                        _siccmram = LOADADDR (.ccmram)

.igot.plt       0x2000000c        0x0 load address 0x08002a80
 .igot.plt      0x2000000c        0x0 e:/programfile/msys2/mingw64/bin/../lib/gcc/arm-none-eabi/12.2.0/thumb/v7e-m+fp/hard/crtbegin.o

.ccmram         0x10000000        0x0 load address 0x08002a80
                0x10000000                        . = ALIGN (0x4)
                0x10000000                        _sccmram = .
 *(.ccmram)
 *(.ccmram*)
                0x10000000                        . = ALIGN (0x4)
                0x10000000                        _eccmram = .
                0x10000000                        . = ALIGN (0x4)

.bss            0x2000000c      0x2ec
                0x2000000c                        _sbss = .
                0x2000000c                        __bss_start__ = _sbss
 *(.bss)
 *(.bss*)
 .bss.completed.1
                0x2000000c        0x1 e:/programfile/msys2/mingw64/bin/../lib/gcc/arm-none-eabi/12.2.0/thumb/v7e-m+fp/hard/crtbegin.o
 *fill*         0x2000000d        0x3 
 .bss.object.0  0x20000010       0x18 e:/programfile/msys2/mingw64/bin/../lib/gcc/arm-none-eabi/12.2.0/thumb/v7e-m+fp/hard/crtbegin.o
 .bss.huart3    0x20000028       0x88 build/main.o
                0x20000028                huart3
 .bss.huart1    0x200000b0       0x88 build/main.o
                0x200000b0                huart1
 .bss.hhrtim1   0x20000138       0xdc build/main.o
                0x20000138                hhrtim1
 .bss.hdac2     0x20000214       0x14 build/main.o
                0x20000214                hdac2
 .bss.hcan      0x20000228       0x28 build/main.o
                0x20000228                hcan
 .bss.hadc2     0x20000250       0x50 build/main.o
                0x20000250                hadc2
 .bss.hadc1     0x200002a0       0x50 build/main.o
                0x200002a0                hadc1
 .bss.HAL_RCC_ADC12_CLK_ENABLED
                0x200002f0        0x4 build/stm32f3xx_hal_msp.o
 .bss.uwTick    0x200002f4        0x4 build/stm32f3xx_hal.o
                0x200002f4                uwTick
 *(COMMON)
                0x200002f8                        . = ALIGN (0x4)
                0x200002f8                        _ebss = .
                0x200002f8                        __bss_end__ = _ebss

._user_heap_stack
                0x200002f8      0x600
                0x200002f8                        . = ALIGN (0x8)
                0x200002f8                        PROVIDE (end = .)
                [!provide]                        PROVIDE (_end = .)
                0x200004f8                        . = (. + _Min_Heap_Size)
 *fill*         0x200002f8      0x200 
                0x200008f8                        . = (. + _Min_Stack_Size)
 *fill*         0x200004f8      0x400 
                0x200008f8                        . = ALIGN (0x8)

/DISCARD/
 libc.a(*)
 libm.a(*)
 libgcc.a(*)
OUTPUT(build/MEG_COMM_TRx.elf elf32-littlearm)
LOAD linker stubs
LOAD e:/programfile/msys2/mingw64/bin/../lib/gcc/arm-none-eabi/12.2.0/../../../../arm-none-eabi/lib/thumb/v7e-m+fp/hard\libc.a
LOAD e:/programfile/msys2/mingw64/bin/../lib/gcc/arm-none-eabi/12.2.0/../../../../arm-none-eabi/lib/thumb/v7e-m+fp/hard\libm.a
LOAD e:/programfile/msys2/mingw64/bin/../lib/gcc/arm-none-eabi/12.2.0/thumb/v7e-m+fp/hard\libgcc.a

.ARM.attributes
                0x00000000       0x30
 .ARM.attributes
                0x00000000       0x22 e:/programfile/msys2/mingw64/bin/../lib/gcc/arm-none-eabi/12.2.0/thumb/v7e-m+fp/hard/crti.o
 .ARM.attributes
                0x00000022       0x34 e:/programfile/msys2/mingw64/bin/../lib/gcc/arm-none-eabi/12.2.0/thumb/v7e-m+fp/hard/crtbegin.o
 .ARM.attributes
                0x00000056       0x34 build/main.o
 .ARM.attributes
                0x0000008a       0x34 build/stm32f3xx_it.o
 .ARM.attributes
                0x000000be       0x34 build/stm32f3xx_hal_msp.o
 .ARM.attributes
                0x000000f2       0x34 build/stm32f3xx_hal_adc_ex.o
 .ARM.attributes
                0x00000126       0x34 build/stm32f3xx_hal.o
 .ARM.attributes
                0x0000015a       0x34 build/stm32f3xx_hal_rcc.o
 .ARM.attributes
                0x0000018e       0x34 build/stm32f3xx_hal_rcc_ex.o
 .ARM.attributes
                0x000001c2       0x34 build/stm32f3xx_hal_gpio.o
 .ARM.attributes
                0x000001f6       0x34 build/stm32f3xx_hal_cortex.o
 .ARM.attributes
                0x0000022a       0x34 build/stm32f3xx_hal_can.o
 .ARM.attributes
                0x0000025e       0x34 build/stm32f3xx_hal_dac.o
 .ARM.attributes
                0x00000292       0x34 build/stm32f3xx_hal_dac_ex.o
 .ARM.attributes
                0x000002c6       0x34 build/stm32f3xx_hal_hrtim.o
 .ARM.attributes
                0x000002fa       0x34 build/stm32f3xx_hal_uart.o
 .ARM.attributes
                0x0000032e       0x34 build/system_stm32f3xx.o
 .ARM.attributes
                0x00000362       0x21 build/startup_stm32f334x8.o
 .ARM.attributes
                0x00000383       0x34 e:/programfile/msys2/mingw64/bin/../lib/gcc/arm-none-eabi/12.2.0/../../../../arm-none-eabi/lib/thumb/v7e-m+fp/hard\libc_nano.a(libc_a-memset.o)
 .ARM.attributes
                0x000003b7       0x34 e:/programfile/msys2/mingw64/bin/../lib/gcc/arm-none-eabi/12.2.0/../../../../arm-none-eabi/lib/thumb/v7e-m+fp/hard\libc_nano.a(libc_a-init.o)
 .ARM.attributes
                0x000003eb       0x22 e:/programfile/msys2/mingw64/bin/../lib/gcc/arm-none-eabi/12.2.0/thumb/v7e-m+fp/hard/crtn.o

.comment        0x00000000       0x12
 .comment       0x00000000       0x12 build/main.o
                                 0x13 (size before relaxing)
 .comment       0x00000012       0x13 build/stm32f3xx_it.o
 .comment       0x00000012       0x13 build/stm32f3xx_hal_msp.o
 .comment       0x00000012       0x13 build/stm32f3xx_hal_adc_ex.o
 .comment       0x00000012       0x13 build/stm32f3xx_hal.o
 .comment       0x00000012       0x13 build/stm32f3xx_hal_rcc.o
 .comment       0x00000012       0x13 build/stm32f3xx_hal_rcc_ex.o
 .comment       0x00000012       0x13 build/stm32f3xx_hal_gpio.o
 .comment       0x00000012       0x13 build/stm32f3xx_hal_cortex.o
 .comment       0x00000012       0x13 build/stm32f3xx_hal_can.o
 .comment       0x00000012       0x13 build/stm32f3xx_hal_dac.o
 .comment       0x00000012       0x13 build/stm32f3xx_hal_dac_ex.o
 .comment       0x00000012       0x13 build/stm32f3xx_hal_hrtim.o
 .comment       0x00000012       0x13 build/stm32f3xx_hal_uart.o
 .comment       0x00000012       0x13 build/system_stm32f3xx.o
 .comment       0x00000012       0x13 e:/programfile/msys2/mingw64/bin/../lib/gcc/arm-none-eabi/12.2.0/../../../../arm-none-eabi/lib/thumb/v7e-m+fp/hard\libc_nano.a(libc_a-memset.o)
 .comment       0x00000012       0x13 e:/programfile/msys2/mingw64/bin/../lib/gcc/arm-none-eabi/12.2.0/../../../../arm-none-eabi/lib/thumb/v7e-m+fp/hard\libc_nano.a(libc_a-init.o)

.debug_info     0x00000000    0x173fd
 .debug_info    0x00000000     0x28f3 build/main.o
 .debug_info    0x000028f3      0x158 build/stm32f3xx_it.o
 .debug_info    0x00002a4b     0x201f build/stm32f3xx_hal_msp.o
 .debug_info    0x00004a6a     0x200e build/stm32f3xx_hal_adc_ex.o
 .debug_info    0x00006a78      0x8fd build/stm32f3xx_hal.o
 .debug_info    0x00007375     0x1661 build/stm32f3xx_hal_rcc.o
 .debug_info    0x000089d6      0x687 build/stm32f3xx_hal_rcc_ex.o
 .debug_info    0x0000905d      0x824 build/stm32f3xx_hal_gpio.o
 .debug_info    0x00009881      0xe3e build/stm32f3xx_hal_cortex.o
 .debug_info    0x0000a6bf     0x1380 build/stm32f3xx_hal_can.o
 .debug_info    0x0000ba3f      0x9c6 build/stm32f3xx_hal_dac.o
 .debug_info    0x0000c405      0xc7d build/stm32f3xx_hal_dac_ex.o
 .debug_info    0x0000d082     0x499d build/stm32f3xx_hal_hrtim.o
 .debug_info    0x00011a1f     0x52f1 build/stm32f3xx_hal_uart.o
 .debug_info    0x00016d10      0x47d build/system_stm32f3xx.o
 .debug_info    0x0001718d       0x30 build/startup_stm32f334x8.o
 .debug_info    0x000171bd      0x135 e:/programfile/msys2/mingw64/bin/../lib/gcc/arm-none-eabi/12.2.0/../../../../arm-none-eabi/lib/thumb/v7e-m+fp/hard\libc_nano.a(libc_a-memset.o)
 .debug_info    0x000172f2      0x10b e:/programfile/msys2/mingw64/bin/../lib/gcc/arm-none-eabi/12.2.0/../../../../arm-none-eabi/lib/thumb/v7e-m+fp/hard\libc_nano.a(libc_a-init.o)

.debug_abbrev   0x00000000     0x2636
 .debug_abbrev  0x00000000      0x2d6 build/main.o
 .debug_abbrev  0x000002d6       0x80 build/stm32f3xx_it.o
 .debug_abbrev  0x00000356      0x24d build/stm32f3xx_hal_msp.o
 .debug_abbrev  0x000005a3      0x337 build/stm32f3xx_hal_adc_ex.o
 .debug_abbrev  0x000008da      0x245 build/stm32f3xx_hal.o
 .debug_abbrev  0x00000b1f      0x353 build/stm32f3xx_hal_rcc.o
 .debug_abbrev  0x00000e72      0x266 build/stm32f3xx_hal_rcc_ex.o
 .debug_abbrev  0x000010d8      0x222 build/stm32f3xx_hal_gpio.o
 .debug_abbrev  0x000012fa      0x3aa build/stm32f3xx_hal_cortex.o
 .debug_abbrev  0x000016a4      0x235 build/stm32f3xx_hal_can.o
 .debug_abbrev  0x000018d9      0x1d5 build/stm32f3xx_hal_dac.o
 .debug_abbrev  0x00001aae      0x2db build/stm32f3xx_hal_dac_ex.o
 .debug_abbrev  0x00001d89      0x2c1 build/stm32f3xx_hal_hrtim.o
 .debug_abbrev  0x0000204a      0x334 build/stm32f3xx_hal_uart.o
 .debug_abbrev  0x0000237e      0x11b build/system_stm32f3xx.o
 .debug_abbrev  0x00002499       0x1d build/startup_stm32f334x8.o
 .debug_abbrev  0x000024b6       0xb7 e:/programfile/msys2/mingw64/bin/../lib/gcc/arm-none-eabi/12.2.0/../../../../arm-none-eabi/lib/thumb/v7e-m+fp/hard\libc_nano.a(libc_a-memset.o)
 .debug_abbrev  0x0000256d       0xc9 e:/programfile/msys2/mingw64/bin/../lib/gcc/arm-none-eabi/12.2.0/../../../../arm-none-eabi/lib/thumb/v7e-m+fp/hard\libc_nano.a(libc_a-init.o)

.debug_loc      0x00000000    0x125d8
 .debug_loc     0x00000000      0x210 build/main.o
 .debug_loc     0x00000210       0x20 build/stm32f3xx_it.o
 .debug_loc     0x00000230      0x4ff build/stm32f3xx_hal_msp.o
 .debug_loc     0x0000072f     0x24b7 build/stm32f3xx_hal_adc_ex.o
 .debug_loc     0x00002be6      0x1e1 build/stm32f3xx_hal.o
 .debug_loc     0x00002dc7      0xf10 build/stm32f3xx_hal_rcc.o
 .debug_loc     0x00003cd7      0x846 build/stm32f3xx_hal_rcc_ex.o
 .debug_loc     0x0000451d      0x46f build/stm32f3xx_hal_gpio.o
 .debug_loc     0x0000498c      0x782 build/stm32f3xx_hal_cortex.o
 .debug_loc     0x0000510e      0xea5 build/stm32f3xx_hal_can.o
 .debug_loc     0x00005fb3      0x350 build/stm32f3xx_hal_dac.o
 .debug_loc     0x00006303      0xae7 build/stm32f3xx_hal_dac_ex.o
 .debug_loc     0x00006dea     0x66c1 build/stm32f3xx_hal_hrtim.o
 .debug_loc     0x0000d4ab     0x500a build/stm32f3xx_hal_uart.o
 .debug_loc     0x000124b5      0x123 build/system_stm32f3xx.o

.debug_aranges  0x00000000      0xec0
 .debug_aranges
                0x00000000       0x70 build/main.o
 .debug_aranges
                0x00000070       0x60 build/stm32f3xx_it.o
 .debug_aranges
                0x000000d0       0x78 build/stm32f3xx_hal_msp.o
 .debug_aranges
                0x00000148      0x168 build/stm32f3xx_hal_adc_ex.o
 .debug_aranges
                0x000002b0       0xe0 build/stm32f3xx_hal.o
 .debug_aranges
                0x00000390       0x88 build/stm32f3xx_hal_rcc.o
 .debug_aranges
                0x00000418       0x38 build/stm32f3xx_hal_rcc_ex.o
 .debug_aranges
                0x00000450       0x58 build/stm32f3xx_hal_gpio.o
 .debug_aranges
                0x000004a8       0xc0 build/stm32f3xx_hal_cortex.o
 .debug_aranges
                0x00000568      0x138 build/stm32f3xx_hal_can.o
 .debug_aranges
                0x000006a0       0xa8 build/stm32f3xx_hal_dac.o
 .debug_aranges
                0x00000748       0xb8 build/stm32f3xx_hal_dac_ex.o
 .debug_aranges
                0x00000800      0x408 build/stm32f3xx_hal_hrtim.o
 .debug_aranges
                0x00000c08      0x228 build/stm32f3xx_hal_uart.o
 .debug_aranges
                0x00000e30       0x28 build/system_stm32f3xx.o
 .debug_aranges
                0x00000e58       0x28 build/startup_stm32f334x8.o
 .debug_aranges
                0x00000e80       0x20 e:/programfile/msys2/mingw64/bin/../lib/gcc/arm-none-eabi/12.2.0/../../../../arm-none-eabi/lib/thumb/v7e-m+fp/hard\libc_nano.a(libc_a-memset.o)
 .debug_aranges
                0x00000ea0       0x20 e:/programfile/msys2/mingw64/bin/../lib/gcc/arm-none-eabi/12.2.0/../../../../arm-none-eabi/lib/thumb/v7e-m+fp/hard\libc_nano.a(libc_a-init.o)

.debug_ranges   0x00000000      0xdc0
 .debug_ranges  0x00000000       0x60 build/main.o
 .debug_ranges  0x00000060       0x50 build/stm32f3xx_it.o
 .debug_ranges  0x000000b0       0x68 build/stm32f3xx_hal_msp.o
 .debug_ranges  0x00000118      0x158 build/stm32f3xx_hal_adc_ex.o
 .debug_ranges  0x00000270       0xd0 build/stm32f3xx_hal.o
 .debug_ranges  0x00000340       0x98 build/stm32f3xx_hal_rcc.o
 .debug_ranges  0x000003d8       0x28 build/stm32f3xx_hal_rcc_ex.o
 .debug_ranges  0x00000400       0x48 build/stm32f3xx_hal_gpio.o
 .debug_ranges  0x00000448       0xb0 build/stm32f3xx_hal_cortex.o
 .debug_ranges  0x000004f8      0x128 build/stm32f3xx_hal_can.o
 .debug_ranges  0x00000620       0x98 build/stm32f3xx_hal_dac.o
 .debug_ranges  0x000006b8       0xa8 build/stm32f3xx_hal_dac_ex.o
 .debug_ranges  0x00000760      0x3f8 build/stm32f3xx_hal_hrtim.o
 .debug_ranges  0x00000b58      0x230 build/stm32f3xx_hal_uart.o
 .debug_ranges  0x00000d88       0x18 build/system_stm32f3xx.o
 .debug_ranges  0x00000da0       0x20 build/startup_stm32f334x8.o

.debug_line     0x00000000    0x12940
 .debug_line    0x00000000      0x959 build/main.o
 .debug_line    0x00000959      0x174 build/stm32f3xx_it.o
 .debug_line    0x00000acd      0x660 build/stm32f3xx_hal_msp.o
 .debug_line    0x0000112d     0x23d2 build/stm32f3xx_hal_adc_ex.o
 .debug_line    0x000034ff      0x4f2 build/stm32f3xx_hal.o
 .debug_line    0x000039f1     0x112c build/stm32f3xx_hal_rcc.o
 .debug_line    0x00004b1d      0x6e2 build/stm32f3xx_hal_rcc_ex.o
 .debug_line    0x000051ff      0x648 build/stm32f3xx_hal_gpio.o
 .debug_line    0x00005847      0x685 build/stm32f3xx_hal_cortex.o
 .debug_line    0x00005ecc     0x10dd build/stm32f3xx_hal_can.o
 .debug_line    0x00006fa9      0x44c build/stm32f3xx_hal_dac.o
 .debug_line    0x000073f5      0x7ed build/stm32f3xx_hal_dac_ex.o
 .debug_line    0x00007be2     0x5799 build/stm32f3xx_hal_hrtim.o
 .debug_line    0x0000d37b     0x5034 build/stm32f3xx_hal_uart.o
 .debug_line    0x000123af      0x20d build/system_stm32f3xx.o
 .debug_line    0x000125bc       0x73 build/startup_stm32f334x8.o
 .debug_line    0x0001262f      0x1cd e:/programfile/msys2/mingw64/bin/../lib/gcc/arm-none-eabi/12.2.0/../../../../arm-none-eabi/lib/thumb/v7e-m+fp/hard\libc_nano.a(libc_a-memset.o)
 .debug_line    0x000127fc      0x144 e:/programfile/msys2/mingw64/bin/../lib/gcc/arm-none-eabi/12.2.0/../../../../arm-none-eabi/lib/thumb/v7e-m+fp/hard\libc_nano.a(libc_a-init.o)

.debug_str      0x00000000     0x52a1
 .debug_str     0x00000000     0x52a1 build/main.o
                               0x16c9 (size before relaxing)
 .debug_str     0x000052a1      0x1fd build/stm32f3xx_it.o
 .debug_str     0x000052a1     0x10dc build/stm32f3xx_hal_msp.o
 .debug_str     0x000052a1      0xef0 build/stm32f3xx_hal_adc_ex.o
 .debug_str     0x000052a1      0x8b7 build/stm32f3xx_hal.o
 .debug_str     0x000052a1      0x655 build/stm32f3xx_hal_rcc.o
 .debug_str     0x000052a1      0x461 build/stm32f3xx_hal_rcc_ex.o
 .debug_str     0x000052a1      0x47a build/stm32f3xx_hal_gpio.o
 .debug_str     0x000052a1      0x93a build/stm32f3xx_hal_cortex.o
 .debug_str     0x000052a1      0xa02 build/stm32f3xx_hal_can.o
 .debug_str     0x000052a1      0x6b1 build/stm32f3xx_hal_dac.o
 .debug_str     0x000052a1      0x7ba build/stm32f3xx_hal_dac_ex.o
 .debug_str     0x000052a1     0x1ea7 build/stm32f3xx_hal_hrtim.o
 .debug_str     0x000052a1      0xed8 build/stm32f3xx_hal_uart.o
 .debug_str     0x000052a1      0x2a8 build/system_stm32f3xx.o
 .debug_str     0x000052a1       0x5c build/startup_stm32f334x8.o
 .debug_str     0x000052a1      0x19b e:/programfile/msys2/mingw64/bin/../lib/gcc/arm-none-eabi/12.2.0/../../../../arm-none-eabi/lib/thumb/v7e-m+fp/hard\libc_nano.a(libc_a-memset.o)
 .debug_str     0x000052a1      0x1e8 e:/programfile/msys2/mingw64/bin/../lib/gcc/arm-none-eabi/12.2.0/../../../../arm-none-eabi/lib/thumb/v7e-m+fp/hard\libc_nano.a(libc_a-init.o)

.debug_frame    0x00000000     0x2728
 .debug_frame   0x00000000      0x144 build/main.o
 .debug_frame   0x00000144       0xa8 build/stm32f3xx_it.o
 .debug_frame   0x000001ec      0x150 build/stm32f3xx_hal_msp.o
 .debug_frame   0x0000033c      0x4d8 build/stm32f3xx_hal_adc_ex.o
 .debug_frame   0x00000814      0x1cc build/stm32f3xx_hal.o
 .debug_frame   0x000009e0      0x170 build/stm32f3xx_hal_rcc.o
 .debug_frame   0x00000b50       0x6c build/stm32f3xx_hal_rcc_ex.o
 .debug_frame   0x00000bbc       0xd0 build/stm32f3xx_hal_gpio.o
 .debug_frame   0x00000c8c      0x19c build/stm32f3xx_hal_cortex.o
 .debug_frame   0x00000e28      0x2dc build/stm32f3xx_hal_can.o
 .debug_frame   0x00001104      0x15c build/stm32f3xx_hal_dac.o
 .debug_frame   0x00001260      0x1d8 build/stm32f3xx_hal_dac_ex.o
 .debug_frame   0x00001438      0xc68 build/stm32f3xx_hal_hrtim.o
 .debug_frame   0x000020a0      0x600 build/stm32f3xx_hal_uart.o
 .debug_frame   0x000026a0       0x30 build/system_stm32f3xx.o
 .debug_frame   0x000026d0       0x2c e:/programfile/msys2/mingw64/bin/../lib/gcc/arm-none-eabi/12.2.0/../../../../arm-none-eabi/lib/thumb/v7e-m+fp/hard\libc_nano.a(libc_a-memset.o)
 .debug_frame   0x000026fc       0x2c e:/programfile/msys2/mingw64/bin/../lib/gcc/arm-none-eabi/12.2.0/../../../../arm-none-eabi/lib/thumb/v7e-m+fp/hard\libc_nano.a(libc_a-init.o)

.debug_loclists
                0x00000000      0x21b
 .debug_loclists
                0x00000000      0x1b6 e:/programfile/msys2/mingw64/bin/../lib/gcc/arm-none-eabi/12.2.0/../../../../arm-none-eabi/lib/thumb/v7e-m+fp/hard\libc_nano.a(libc_a-memset.o)
 .debug_loclists
                0x000001b6       0x65 e:/programfile/msys2/mingw64/bin/../lib/gcc/arm-none-eabi/12.2.0/../../../../arm-none-eabi/lib/thumb/v7e-m+fp/hard\libc_nano.a(libc_a-init.o)

Cross Reference Table

Symbol                                            File
ADC1_2_IRQHandler                                 build/startup_stm32f334x8.o
AHBPrescTable                                     build/system_stm32f3xx.o
                                                  build/stm32f3xx_hal_rcc.o
APBPrescTable                                     build/system_stm32f3xx.o
                                                  build/stm32f3xx_hal_rcc.o
BusFault_Handler                                  build/stm32f3xx_it.o
CAN_RX0_IRQHandler                                build/startup_stm32f334x8.o
CAN_RX1_IRQHandler                                build/startup_stm32f334x8.o
CAN_SCE_IRQHandler                                build/startup_stm32f334x8.o
CAN_TX_IRQHandler                                 build/startup_stm32f334x8.o
COMP2_IRQHandler                                  build/startup_stm32f334x8.o
COMP4_6_IRQHandler                                build/startup_stm32f334x8.o
DMA1_Channel1_IRQHandler                          build/startup_stm32f334x8.o
DMA1_Channel2_IRQHandler                          build/startup_stm32f334x8.o
DMA1_Channel3_IRQHandler                          build/startup_stm32f334x8.o
DMA1_Channel4_IRQHandler                          build/startup_stm32f334x8.o
DMA1_Channel5_IRQHandler                          build/startup_stm32f334x8.o
DMA1_Channel6_IRQHandler                          build/startup_stm32f334x8.o
DMA1_Channel7_IRQHandler                          build/startup_stm32f334x8.o
DebugMon_Handler                                  build/stm32f3xx_it.o
Default_Handler                                   build/startup_stm32f334x8.o
EXTI0_IRQHandler                                  build/startup_stm32f334x8.o
EXTI15_10_IRQHandler                              build/startup_stm32f334x8.o
EXTI1_IRQHandler                                  build/startup_stm32f334x8.o
EXTI2_TSC_IRQHandler                              build/startup_stm32f334x8.o
EXTI3_IRQHandler                                  build/startup_stm32f334x8.o
EXTI4_IRQHandler                                  build/startup_stm32f334x8.o
EXTI9_5_IRQHandler                                build/startup_stm32f334x8.o
Error_Handler                                     build/main.o
FLASH_IRQHandler                                  build/startup_stm32f334x8.o
FLASH_PageErase                                   build/stm32f3xx_hal_flash_ex.o
                                                  build/stm32f3xx_hal_flash.o
FLASH_WaitForLastOperation                        build/stm32f3xx_hal_flash.o
                                                  build/stm32f3xx_hal_flash_ex.o
FPU_IRQHandler                                    build/startup_stm32f334x8.o
HAL_ADCEx_Calibration_GetValue                    build/stm32f3xx_hal_adc_ex.o
HAL_ADCEx_Calibration_SetValue                    build/stm32f3xx_hal_adc_ex.o
HAL_ADCEx_Calibration_Start                       build/stm32f3xx_hal_adc_ex.o
HAL_ADCEx_InjectedConfigChannel                   build/stm32f3xx_hal_adc_ex.o
HAL_ADCEx_InjectedConvCpltCallback                build/stm32f3xx_hal_adc_ex.o
HAL_ADCEx_InjectedGetValue                        build/stm32f3xx_hal_adc_ex.o
HAL_ADCEx_InjectedPollForConversion               build/stm32f3xx_hal_adc_ex.o
HAL_ADCEx_InjectedQueueOverflowCallback           build/stm32f3xx_hal_adc_ex.o
HAL_ADCEx_InjectedStart                           build/stm32f3xx_hal_adc_ex.o
HAL_ADCEx_InjectedStart_IT                        build/stm32f3xx_hal_adc_ex.o
HAL_ADCEx_InjectedStop                            build/stm32f3xx_hal_adc_ex.o
HAL_ADCEx_InjectedStop_IT                         build/stm32f3xx_hal_adc_ex.o
HAL_ADCEx_LevelOutOfWindow2Callback               build/stm32f3xx_hal_adc_ex.o
HAL_ADCEx_LevelOutOfWindow3Callback               build/stm32f3xx_hal_adc_ex.o
HAL_ADCEx_MultiModeConfigChannel                  build/stm32f3xx_hal_adc_ex.o
                                                  build/main.o
HAL_ADCEx_MultiModeGetValue                       build/stm32f3xx_hal_adc_ex.o
HAL_ADCEx_MultiModeStart_DMA                      build/stm32f3xx_hal_adc_ex.o
HAL_ADCEx_MultiModeStop_DMA                       build/stm32f3xx_hal_adc_ex.o
HAL_ADCEx_RegularMultiModeStop_DMA                build/stm32f3xx_hal_adc_ex.o
HAL_ADCEx_RegularStop                             build/stm32f3xx_hal_adc_ex.o
HAL_ADCEx_RegularStop_DMA                         build/stm32f3xx_hal_adc_ex.o
HAL_ADCEx_RegularStop_IT                          build/stm32f3xx_hal_adc_ex.o
HAL_ADC_AnalogWDGConfig                           build/stm32f3xx_hal_adc_ex.o
                                                  build/stm32f3xx_hal_adc.o
HAL_ADC_ConfigChannel                             build/stm32f3xx_hal_adc_ex.o
                                                  build/stm32f3xx_hal_adc.o
                                                  build/main.o
HAL_ADC_ConvCpltCallback                          build/stm32f3xx_hal_adc.o
                                                  build/stm32f3xx_hal_adc_ex.o
HAL_ADC_ConvHalfCpltCallback                      build/stm32f3xx_hal_adc.o
                                                  build/stm32f3xx_hal_adc_ex.o
HAL_ADC_DeInit                                    build/stm32f3xx_hal_adc_ex.o
                                                  build/stm32f3xx_hal_adc.o
HAL_ADC_ErrorCallback                             build/stm32f3xx_hal_adc.o
                                                  build/stm32f3xx_hal_adc_ex.o
HAL_ADC_GetError                                  build/stm32f3xx_hal_adc.o
HAL_ADC_GetState                                  build/stm32f3xx_hal_adc.o
HAL_ADC_GetValue                                  build/stm32f3xx_hal_adc_ex.o
                                                  build/stm32f3xx_hal_adc.o
HAL_ADC_IRQHandler                                build/stm32f3xx_hal_adc_ex.o
                                                  build/stm32f3xx_hal_adc.o
HAL_ADC_Init                                      build/stm32f3xx_hal_adc_ex.o
                                                  build/stm32f3xx_hal_adc.o
                                                  build/main.o
HAL_ADC_LevelOutOfWindowCallback                  build/stm32f3xx_hal_adc.o
                                                  build/stm32f3xx_hal_adc_ex.o
HAL_ADC_MspDeInit                                 build/stm32f3xx_hal_msp.o
                                                  build/stm32f3xx_hal_adc_ex.o
HAL_ADC_MspInit                                   build/stm32f3xx_hal_msp.o
                                                  build/stm32f3xx_hal_adc_ex.o
HAL_ADC_PollForConversion                         build/stm32f3xx_hal_adc_ex.o
                                                  build/stm32f3xx_hal_adc.o
HAL_ADC_PollForEvent                              build/stm32f3xx_hal_adc_ex.o
                                                  build/stm32f3xx_hal_adc.o
HAL_ADC_Start                                     build/stm32f3xx_hal_adc_ex.o
                                                  build/stm32f3xx_hal_adc.o
HAL_ADC_Start_DMA                                 build/stm32f3xx_hal_adc_ex.o
                                                  build/stm32f3xx_hal_adc.o
HAL_ADC_Start_IT                                  build/stm32f3xx_hal_adc_ex.o
                                                  build/stm32f3xx_hal_adc.o
HAL_ADC_Stop                                      build/stm32f3xx_hal_adc_ex.o
                                                  build/stm32f3xx_hal_adc.o
HAL_ADC_Stop_DMA                                  build/stm32f3xx_hal_adc_ex.o
                                                  build/stm32f3xx_hal_adc.o
HAL_ADC_Stop_IT                                   build/stm32f3xx_hal_adc_ex.o
                                                  build/stm32f3xx_hal_adc.o
HAL_CAN_AbortTxRequest                            build/stm32f3xx_hal_can.o
HAL_CAN_ActivateNotification                      build/stm32f3xx_hal_can.o
HAL_CAN_AddTxMessage                              build/stm32f3xx_hal_can.o
HAL_CAN_ConfigFilter                              build/stm32f3xx_hal_can.o
HAL_CAN_DeInit                                    build/stm32f3xx_hal_can.o
HAL_CAN_DeactivateNotification                    build/stm32f3xx_hal_can.o
HAL_CAN_ErrorCallback                             build/stm32f3xx_hal_can.o
HAL_CAN_GetError                                  build/stm32f3xx_hal_can.o
HAL_CAN_GetRxFifoFillLevel                        build/stm32f3xx_hal_can.o
HAL_CAN_GetRxMessage                              build/stm32f3xx_hal_can.o
HAL_CAN_GetState                                  build/stm32f3xx_hal_can.o
HAL_CAN_GetTxMailboxesFreeLevel                   build/stm32f3xx_hal_can.o
HAL_CAN_GetTxTimestamp                            build/stm32f3xx_hal_can.o
HAL_CAN_IRQHandler                                build/stm32f3xx_hal_can.o
HAL_CAN_Init                                      build/stm32f3xx_hal_can.o
                                                  build/main.o
HAL_CAN_IsSleepActive                             build/stm32f3xx_hal_can.o
HAL_CAN_IsTxMessagePending                        build/stm32f3xx_hal_can.o
HAL_CAN_MspDeInit                                 build/stm32f3xx_hal_msp.o
HAL_CAN_MspInit                                   build/stm32f3xx_hal_msp.o
HAL_CAN_RequestSleep                              build/stm32f3xx_hal_can.o
HAL_CAN_ResetError                                build/stm32f3xx_hal_can.o
HAL_CAN_RxFifo0FullCallback                       build/stm32f3xx_hal_can.o
HAL_CAN_RxFifo0MsgPendingCallback                 build/stm32f3xx_hal_can.o
HAL_CAN_RxFifo1FullCallback                       build/stm32f3xx_hal_can.o
HAL_CAN_RxFifo1MsgPendingCallback                 build/stm32f3xx_hal_can.o
HAL_CAN_SleepCallback                             build/stm32f3xx_hal_can.o
HAL_CAN_Start                                     build/stm32f3xx_hal_can.o
HAL_CAN_Stop                                      build/stm32f3xx_hal_can.o
HAL_CAN_TxMailbox0AbortCallback                   build/stm32f3xx_hal_can.o
HAL_CAN_TxMailbox0CompleteCallback                build/stm32f3xx_hal_can.o
HAL_CAN_TxMailbox1AbortCallback                   build/stm32f3xx_hal_can.o
HAL_CAN_TxMailbox1CompleteCallback                build/stm32f3xx_hal_can.o
HAL_CAN_TxMailbox2AbortCallback                   build/stm32f3xx_hal_can.o
HAL_CAN_TxMailbox2CompleteCallback                build/stm32f3xx_hal_can.o
HAL_CAN_WakeUp                                    build/stm32f3xx_hal_can.o
HAL_CAN_WakeUpFromRxMsgCallback                   build/stm32f3xx_hal_can.o
HAL_DACEx_ConvCpltCallbackCh2                     build/stm32f3xx_hal_dac_ex.o
HAL_DACEx_ConvHalfCpltCallbackCh2                 build/stm32f3xx_hal_dac_ex.o
HAL_DACEx_DMAUnderrunCallbackCh2                  build/stm32f3xx_hal_dac_ex.o
HAL_DACEx_DualGetValue                            build/stm32f3xx_hal_dac_ex.o
                                                  build/stm32f3xx_hal_dac.o
HAL_DACEx_DualSetValue                            build/stm32f3xx_hal_dac_ex.o
                                                  build/stm32f3xx_hal_dac.o
HAL_DACEx_ErrorCallbackCh2                        build/stm32f3xx_hal_dac_ex.o
HAL_DACEx_NoiseWaveGenerate                       build/stm32f3xx_hal_dac_ex.o
HAL_DACEx_TriangleWaveGenerate                    build/stm32f3xx_hal_dac_ex.o
HAL_DAC_ConfigChannel                             build/stm32f3xx_hal_dac_ex.o
                                                  build/stm32f3xx_hal_dac.o
                                                  build/main.o
HAL_DAC_ConvCpltCallbackCh1                       build/stm32f3xx_hal_dac.o
                                                  build/stm32f3xx_hal_dac_ex.o
HAL_DAC_ConvHalfCpltCallbackCh1                   build/stm32f3xx_hal_dac.o
                                                  build/stm32f3xx_hal_dac_ex.o
HAL_DAC_DMAUnderrunCallbackCh1                    build/stm32f3xx_hal_dac.o
                                                  build/stm32f3xx_hal_dac_ex.o
HAL_DAC_DeInit                                    build/stm32f3xx_hal_dac.o
HAL_DAC_ErrorCallbackCh1                          build/stm32f3xx_hal_dac.o
                                                  build/stm32f3xx_hal_dac_ex.o
HAL_DAC_GetError                                  build/stm32f3xx_hal_dac.o
HAL_DAC_GetState                                  build/stm32f3xx_hal_dac.o
HAL_DAC_GetValue                                  build/stm32f3xx_hal_dac_ex.o
                                                  build/stm32f3xx_hal_dac.o
HAL_DAC_IRQHandler                                build/stm32f3xx_hal_dac_ex.o
HAL_DAC_Init                                      build/stm32f3xx_hal_dac.o
                                                  build/main.o
HAL_DAC_MspDeInit                                 build/stm32f3xx_hal_msp.o
HAL_DAC_MspInit                                   build/stm32f3xx_hal_msp.o
HAL_DAC_SetValue                                  build/stm32f3xx_hal_dac_ex.o
                                                  build/stm32f3xx_hal_dac.o
HAL_DAC_Start                                     build/stm32f3xx_hal_dac_ex.o
                                                  build/stm32f3xx_hal_dac.o
HAL_DAC_Start_DMA                                 build/stm32f3xx_hal_dac_ex.o
HAL_DAC_Stop                                      build/stm32f3xx_hal_dac.o
HAL_DAC_Stop_DMA                                  build/stm32f3xx_hal_dac.o
HAL_DBGMCU_DisableDBGSleepMode                    build/stm32f3xx_hal.o
HAL_DBGMCU_DisableDBGStandbyMode                  build/stm32f3xx_hal.o
HAL_DBGMCU_DisableDBGStopMode                     build/stm32f3xx_hal.o
HAL_DBGMCU_EnableDBGSleepMode                     build/stm32f3xx_hal.o
HAL_DBGMCU_EnableDBGStandbyMode                   build/stm32f3xx_hal.o
HAL_DBGMCU_EnableDBGStopMode                      build/stm32f3xx_hal.o
HAL_DMA_Abort                                     build/stm32f3xx_hal_dma.o
                                                  build/stm32f3xx_hal_uart.o
                                                  build/stm32f3xx_hal_hrtim.o
                                                  build/stm32f3xx_hal_dac.o
                                                  build/stm32f3xx_hal_adc_ex.o
HAL_DMA_Abort_IT                                  build/stm32f3xx_hal_dma.o
                                                  build/stm32f3xx_hal_uart.o
                                                  build/stm32f3xx_hal_i2c.o
HAL_DMA_DeInit                                    build/stm32f3xx_hal_dma.o
HAL_DMA_GetError                                  build/stm32f3xx_hal_dma.o
                                                  build/stm32f3xx_hal_uart.o
HAL_DMA_GetState                                  build/stm32f3xx_hal_dma.o
                                                  build/stm32f3xx_hal_i2c.o
HAL_DMA_IRQHandler                                build/stm32f3xx_hal_dma.o
HAL_DMA_Init                                      build/stm32f3xx_hal_dma.o
HAL_DMA_PollForTransfer                           build/stm32f3xx_hal_dma.o
HAL_DMA_RegisterCallback                          build/stm32f3xx_hal_dma.o
HAL_DMA_Start                                     build/stm32f3xx_hal_dma.o
HAL_DMA_Start_IT                                  build/stm32f3xx_hal_dma.o
                                                  build/stm32f3xx_hal_uart.o
                                                  build/stm32f3xx_hal_hrtim.o
                                                  build/stm32f3xx_hal_dac_ex.o
                                                  build/stm32f3xx_hal_i2c.o
                                                  build/stm32f3xx_hal_adc_ex.o
HAL_DMA_UnRegisterCallback                        build/stm32f3xx_hal_dma.o
HAL_DeInit                                        build/stm32f3xx_hal.o
HAL_Delay                                         build/stm32f3xx_hal.o
HAL_EXTI_ClearConfigLine                          build/stm32f3xx_hal_exti.o
HAL_EXTI_ClearPending                             build/stm32f3xx_hal_exti.o
HAL_EXTI_GenerateSWI                              build/stm32f3xx_hal_exti.o
HAL_EXTI_GetConfigLine                            build/stm32f3xx_hal_exti.o
HAL_EXTI_GetHandle                                build/stm32f3xx_hal_exti.o
HAL_EXTI_GetPending                               build/stm32f3xx_hal_exti.o
HAL_EXTI_IRQHandler                               build/stm32f3xx_hal_exti.o
HAL_EXTI_RegisterCallback                         build/stm32f3xx_hal_exti.o
HAL_EXTI_SetConfigLine                            build/stm32f3xx_hal_exti.o
HAL_FLASHEx_Erase                                 build/stm32f3xx_hal_flash_ex.o
HAL_FLASHEx_Erase_IT                              build/stm32f3xx_hal_flash_ex.o
HAL_FLASHEx_OBErase                               build/stm32f3xx_hal_flash_ex.o
HAL_FLASHEx_OBGetConfig                           build/stm32f3xx_hal_flash_ex.o
HAL_FLASHEx_OBGetUserData                         build/stm32f3xx_hal_flash_ex.o
HAL_FLASHEx_OBProgram                             build/stm32f3xx_hal_flash_ex.o
HAL_FLASH_EndOfOperationCallback                  build/stm32f3xx_hal_flash.o
HAL_FLASH_GetError                                build/stm32f3xx_hal_flash.o
HAL_FLASH_IRQHandler                              build/stm32f3xx_hal_flash.o
HAL_FLASH_Lock                                    build/stm32f3xx_hal_flash.o
HAL_FLASH_OB_Launch                               build/stm32f3xx_hal_flash.o
HAL_FLASH_OB_Lock                                 build/stm32f3xx_hal_flash.o
HAL_FLASH_OB_Unlock                               build/stm32f3xx_hal_flash.o
HAL_FLASH_OperationErrorCallback                  build/stm32f3xx_hal_flash.o
HAL_FLASH_Program                                 build/stm32f3xx_hal_flash.o
HAL_FLASH_Program_IT                              build/stm32f3xx_hal_flash.o
HAL_FLASH_Unlock                                  build/stm32f3xx_hal_flash.o
HAL_GPIO_DeInit                                   build/stm32f3xx_hal_gpio.o
                                                  build/stm32f3xx_hal_msp.o
HAL_GPIO_EXTI_Callback                            build/stm32f3xx_hal_gpio.o
HAL_GPIO_EXTI_IRQHandler                          build/stm32f3xx_hal_gpio.o
HAL_GPIO_Init                                     build/stm32f3xx_hal_gpio.o
                                                  build/stm32f3xx_hal_rcc.o
                                                  build/stm32f3xx_hal_msp.o
                                                  build/main.o
HAL_GPIO_LockPin                                  build/stm32f3xx_hal_gpio.o
HAL_GPIO_ReadPin                                  build/stm32f3xx_hal_gpio.o
HAL_GPIO_TogglePin                                build/stm32f3xx_hal_gpio.o
HAL_GPIO_WritePin                                 build/stm32f3xx_hal_gpio.o
                                                  build/main.o
HAL_GetDEVID                                      build/stm32f3xx_hal.o
HAL_GetHalVersion                                 build/stm32f3xx_hal.o
HAL_GetREVID                                      build/stm32f3xx_hal.o
HAL_GetTick                                       build/stm32f3xx_hal.o
                                                  build/stm32f3xx_hal_uart_ex.o
                                                  build/stm32f3xx_hal_uart.o
                                                  build/stm32f3xx_hal_hrtim.o
                                                  build/stm32f3xx_hal_can.o
                                                  build/stm32f3xx_hal_i2c.o
                                                  build/stm32f3xx_hal_flash.o
                                                  build/stm32f3xx_hal_dma.o
                                                  build/stm32f3xx_hal_rcc_ex.o
                                                  build/stm32f3xx_hal_rcc.o
                                                  build/stm32f3xx_hal_adc_ex.o
HAL_GetTickFreq                                   build/stm32f3xx_hal.o
HAL_GetTickPrio                                   build/stm32f3xx_hal.o
HAL_GetUIDw0                                      build/stm32f3xx_hal.o
HAL_GetUIDw1                                      build/stm32f3xx_hal.o
HAL_GetUIDw2                                      build/stm32f3xx_hal.o
HAL_HRTIM_ADCTriggerConfig                        build/stm32f3xx_hal_hrtim.o
HAL_HRTIM_BurstDMAConfig                          build/stm32f3xx_hal_hrtim.o
HAL_HRTIM_BurstDMATransfer                        build/stm32f3xx_hal_hrtim.o
HAL_HRTIM_BurstDMATransferCallback                build/stm32f3xx_hal_hrtim.o
HAL_HRTIM_BurstModeConfig                         build/stm32f3xx_hal_hrtim.o
HAL_HRTIM_BurstModeCtl                            build/stm32f3xx_hal_hrtim.o
HAL_HRTIM_BurstModePeriodCallback                 build/stm32f3xx_hal_hrtim.o
HAL_HRTIM_BurstModeSoftwareTrigger                build/stm32f3xx_hal_hrtim.o
HAL_HRTIM_Capture1EventCallback                   build/stm32f3xx_hal_hrtim.o
HAL_HRTIM_Capture2EventCallback                   build/stm32f3xx_hal_hrtim.o
HAL_HRTIM_ChopperModeConfig                       build/stm32f3xx_hal_hrtim.o
HAL_HRTIM_Compare1EventCallback                   build/stm32f3xx_hal_hrtim.o
HAL_HRTIM_Compare2EventCallback                   build/stm32f3xx_hal_hrtim.o
HAL_HRTIM_Compare3EventCallback                   build/stm32f3xx_hal_hrtim.o
HAL_HRTIM_Compare4EventCallback                   build/stm32f3xx_hal_hrtim.o
HAL_HRTIM_CounterResetCallback                    build/stm32f3xx_hal_hrtim.o
HAL_HRTIM_DLLCalibrationReadyCallback             build/stm32f3xx_hal_hrtim.o
HAL_HRTIM_DLLCalibrationStart                     build/stm32f3xx_hal_hrtim.o
HAL_HRTIM_DLLCalibrationStart_IT                  build/stm32f3xx_hal_hrtim.o
HAL_HRTIM_DeInit                                  build/stm32f3xx_hal_hrtim.o
HAL_HRTIM_DeadTimeConfig                          build/stm32f3xx_hal_hrtim.o
HAL_HRTIM_DelayedProtectionCallback               build/stm32f3xx_hal_hrtim.o
HAL_HRTIM_ErrorCallback                           build/stm32f3xx_hal_hrtim.o
HAL_HRTIM_EventConfig                             build/stm32f3xx_hal_hrtim.o
HAL_HRTIM_EventPrescalerConfig                    build/stm32f3xx_hal_hrtim.o
HAL_HRTIM_Fault1Callback                          build/stm32f3xx_hal_hrtim.o
HAL_HRTIM_Fault2Callback                          build/stm32f3xx_hal_hrtim.o
HAL_HRTIM_Fault3Callback                          build/stm32f3xx_hal_hrtim.o
HAL_HRTIM_Fault4Callback                          build/stm32f3xx_hal_hrtim.o
HAL_HRTIM_Fault5Callback                          build/stm32f3xx_hal_hrtim.o
HAL_HRTIM_FaultConfig                             build/stm32f3xx_hal_hrtim.o
HAL_HRTIM_FaultModeCtl                            build/stm32f3xx_hal_hrtim.o
HAL_HRTIM_FaultPrescalerConfig                    build/stm32f3xx_hal_hrtim.o
HAL_HRTIM_GetBurstStatus                          build/stm32f3xx_hal_hrtim.o
HAL_HRTIM_GetCapturedValue                        build/stm32f3xx_hal_hrtim.o
HAL_HRTIM_GetCurrentPushPullStatus                build/stm32f3xx_hal_hrtim.o
HAL_HRTIM_GetDelayedProtectionStatus              build/stm32f3xx_hal_hrtim.o
HAL_HRTIM_GetIdlePushPullStatus                   build/stm32f3xx_hal_hrtim.o
HAL_HRTIM_GetState                                build/stm32f3xx_hal_hrtim.o
HAL_HRTIM_IRQHandler                              build/stm32f3xx_hal_hrtim.o
HAL_HRTIM_Init                                    build/stm32f3xx_hal_hrtim.o
                                                  build/main.o
HAL_HRTIM_MspDeInit                               build/stm32f3xx_hal_msp.o
HAL_HRTIM_MspInit                                 build/stm32f3xx_hal_msp.o
HAL_HRTIM_MspPostInit                             build/stm32f3xx_hal_msp.o
                                                  build/main.o
HAL_HRTIM_Output1ResetCallback                    build/stm32f3xx_hal_hrtim.o
HAL_HRTIM_Output1SetCallback                      build/stm32f3xx_hal_hrtim.o
HAL_HRTIM_Output2ResetCallback                    build/stm32f3xx_hal_hrtim.o
HAL_HRTIM_Output2SetCallback                      build/stm32f3xx_hal_hrtim.o
HAL_HRTIM_PollForDLLCalibration                   build/stm32f3xx_hal_hrtim.o
HAL_HRTIM_RegistersUpdateCallback                 build/stm32f3xx_hal_hrtim.o
HAL_HRTIM_RepetitionEventCallback                 build/stm32f3xx_hal_hrtim.o
HAL_HRTIM_SimpleBaseStart                         build/stm32f3xx_hal_hrtim.o
HAL_HRTIM_SimpleBaseStart_DMA                     build/stm32f3xx_hal_hrtim.o
HAL_HRTIM_SimpleBaseStart_IT                      build/stm32f3xx_hal_hrtim.o
HAL_HRTIM_SimpleBaseStop                          build/stm32f3xx_hal_hrtim.o
HAL_HRTIM_SimpleBaseStop_DMA                      build/stm32f3xx_hal_hrtim.o
HAL_HRTIM_SimpleBaseStop_IT                       build/stm32f3xx_hal_hrtim.o
HAL_HRTIM_SimpleCaptureChannelConfig              build/stm32f3xx_hal_hrtim.o
HAL_HRTIM_SimpleCaptureStart                      build/stm32f3xx_hal_hrtim.o
HAL_HRTIM_SimpleCaptureStart_DMA                  build/stm32f3xx_hal_hrtim.o
HAL_HRTIM_SimpleCaptureStart_IT                   build/stm32f3xx_hal_hrtim.o
HAL_HRTIM_SimpleCaptureStop                       build/stm32f3xx_hal_hrtim.o
HAL_HRTIM_SimpleCaptureStop_DMA                   build/stm32f3xx_hal_hrtim.o
HAL_HRTIM_SimpleCaptureStop_IT                    build/stm32f3xx_hal_hrtim.o
HAL_HRTIM_SimpleOCChannelConfig                   build/stm32f3xx_hal_hrtim.o
HAL_HRTIM_SimpleOCStart                           build/stm32f3xx_hal_hrtim.o
HAL_HRTIM_SimpleOCStart_DMA                       build/stm32f3xx_hal_hrtim.o
HAL_HRTIM_SimpleOCStart_IT                        build/stm32f3xx_hal_hrtim.o
HAL_HRTIM_SimpleOCStop                            build/stm32f3xx_hal_hrtim.o
HAL_HRTIM_SimpleOCStop_DMA                        build/stm32f3xx_hal_hrtim.o
HAL_HRTIM_SimpleOCStop_IT                         build/stm32f3xx_hal_hrtim.o
HAL_HRTIM_SimpleOnePulseChannelConfig             build/stm32f3xx_hal_hrtim.o
HAL_HRTIM_SimpleOnePulseStart                     build/stm32f3xx_hal_hrtim.o
HAL_HRTIM_SimpleOnePulseStart_IT                  build/stm32f3xx_hal_hrtim.o
HAL_HRTIM_SimpleOnePulseStop                      build/stm32f3xx_hal_hrtim.o
HAL_HRTIM_SimpleOnePulseStop_IT                   build/stm32f3xx_hal_hrtim.o
HAL_HRTIM_SimplePWMChannelConfig                  build/stm32f3xx_hal_hrtim.o
HAL_HRTIM_SimplePWMStart                          build/stm32f3xx_hal_hrtim.o
HAL_HRTIM_SimplePWMStart_DMA                      build/stm32f3xx_hal_hrtim.o
HAL_HRTIM_SimplePWMStart_IT                       build/stm32f3xx_hal_hrtim.o
HAL_HRTIM_SimplePWMStop                           build/stm32f3xx_hal_hrtim.o
HAL_HRTIM_SimplePWMStop_DMA                       build/stm32f3xx_hal_hrtim.o
HAL_HRTIM_SimplePWMStop_IT                        build/stm32f3xx_hal_hrtim.o
HAL_HRTIM_SoftwareCapture                         build/stm32f3xx_hal_hrtim.o
HAL_HRTIM_SoftwareReset                           build/stm32f3xx_hal_hrtim.o
HAL_HRTIM_SoftwareUpdate                          build/stm32f3xx_hal_hrtim.o
HAL_HRTIM_SynchronizationEventCallback            build/stm32f3xx_hal_hrtim.o
HAL_HRTIM_SystemFaultCallback                     build/stm32f3xx_hal_hrtim.o
HAL_HRTIM_TimeBaseConfig                          build/stm32f3xx_hal_hrtim.o
                                                  build/main.o
HAL_HRTIM_TimerEventFilteringConfig               build/stm32f3xx_hal_hrtim.o
HAL_HRTIM_UpdateDisable                           build/stm32f3xx_hal_hrtim.o
HAL_HRTIM_UpdateEnable                            build/stm32f3xx_hal_hrtim.o
HAL_HRTIM_WaveformCaptureConfig                   build/stm32f3xx_hal_hrtim.o
HAL_HRTIM_WaveformCompareConfig                   build/stm32f3xx_hal_hrtim.o
HAL_HRTIM_WaveformCountStart                      build/stm32f3xx_hal_hrtim.o
HAL_HRTIM_WaveformCountStart_DMA                  build/stm32f3xx_hal_hrtim.o
HAL_HRTIM_WaveformCountStart_IT                   build/stm32f3xx_hal_hrtim.o
HAL_HRTIM_WaveformCountStop                       build/stm32f3xx_hal_hrtim.o
HAL_HRTIM_WaveformCountStop_DMA                   build/stm32f3xx_hal_hrtim.o
HAL_HRTIM_WaveformCountStop_IT                    build/stm32f3xx_hal_hrtim.o
HAL_HRTIM_WaveformGetOutputLevel                  build/stm32f3xx_hal_hrtim.o
HAL_HRTIM_WaveformGetOutputState                  build/stm32f3xx_hal_hrtim.o
HAL_HRTIM_WaveformOutputConfig                    build/stm32f3xx_hal_hrtim.o
                                                  build/main.o
HAL_HRTIM_WaveformOutputStart                     build/stm32f3xx_hal_hrtim.o
HAL_HRTIM_WaveformOutputStop                      build/stm32f3xx_hal_hrtim.o
HAL_HRTIM_WaveformSetOutputLevel                  build/stm32f3xx_hal_hrtim.o
HAL_HRTIM_WaveformTimerConfig                     build/stm32f3xx_hal_hrtim.o
                                                  build/main.o
HAL_HalfDuplex_EnableReceiver                     build/stm32f3xx_hal_uart.o
HAL_HalfDuplex_EnableTransmitter                  build/stm32f3xx_hal_uart.o
HAL_HalfDuplex_Init                               build/stm32f3xx_hal_uart.o
HAL_I2CEx_ConfigAnalogFilter                      build/stm32f3xx_hal_i2c_ex.o
HAL_I2CEx_ConfigDigitalFilter                     build/stm32f3xx_hal_i2c_ex.o
HAL_I2CEx_DisableFastModePlus                     build/stm32f3xx_hal_i2c_ex.o
HAL_I2CEx_DisableWakeUp                           build/stm32f3xx_hal_i2c_ex.o
HAL_I2CEx_EnableFastModePlus                      build/stm32f3xx_hal_i2c_ex.o
HAL_I2CEx_EnableWakeUp                            build/stm32f3xx_hal_i2c_ex.o
HAL_I2C_AbortCpltCallback                         build/stm32f3xx_hal_i2c.o
HAL_I2C_AddrCallback                              build/stm32f3xx_hal_i2c.o
HAL_I2C_DeInit                                    build/stm32f3xx_hal_i2c.o
HAL_I2C_DisableListen_IT                          build/stm32f3xx_hal_i2c.o
HAL_I2C_ER_IRQHandler                             build/stm32f3xx_hal_i2c.o
HAL_I2C_EV_IRQHandler                             build/stm32f3xx_hal_i2c.o
HAL_I2C_EnableListen_IT                           build/stm32f3xx_hal_i2c.o
HAL_I2C_ErrorCallback                             build/stm32f3xx_hal_i2c.o
HAL_I2C_GetError                                  build/stm32f3xx_hal_i2c.o
HAL_I2C_GetMode                                   build/stm32f3xx_hal_i2c.o
HAL_I2C_GetState                                  build/stm32f3xx_hal_i2c.o
HAL_I2C_Init                                      build/stm32f3xx_hal_i2c.o
HAL_I2C_IsDeviceReady                             build/stm32f3xx_hal_i2c.o
HAL_I2C_ListenCpltCallback                        build/stm32f3xx_hal_i2c.o
HAL_I2C_MasterRxCpltCallback                      build/stm32f3xx_hal_i2c.o
HAL_I2C_MasterTxCpltCallback                      build/stm32f3xx_hal_i2c.o
HAL_I2C_Master_Abort_IT                           build/stm32f3xx_hal_i2c.o
HAL_I2C_Master_Receive                            build/stm32f3xx_hal_i2c.o
HAL_I2C_Master_Receive_DMA                        build/stm32f3xx_hal_i2c.o
HAL_I2C_Master_Receive_IT                         build/stm32f3xx_hal_i2c.o
HAL_I2C_Master_Seq_Receive_DMA                    build/stm32f3xx_hal_i2c.o
HAL_I2C_Master_Seq_Receive_IT                     build/stm32f3xx_hal_i2c.o
HAL_I2C_Master_Seq_Transmit_DMA                   build/stm32f3xx_hal_i2c.o
HAL_I2C_Master_Seq_Transmit_IT                    build/stm32f3xx_hal_i2c.o
HAL_I2C_Master_Transmit                           build/stm32f3xx_hal_i2c.o
HAL_I2C_Master_Transmit_DMA                       build/stm32f3xx_hal_i2c.o
HAL_I2C_Master_Transmit_IT                        build/stm32f3xx_hal_i2c.o
HAL_I2C_MemRxCpltCallback                         build/stm32f3xx_hal_i2c.o
HAL_I2C_MemTxCpltCallback                         build/stm32f3xx_hal_i2c.o
HAL_I2C_Mem_Read                                  build/stm32f3xx_hal_i2c.o
HAL_I2C_Mem_Read_DMA                              build/stm32f3xx_hal_i2c.o
HAL_I2C_Mem_Read_IT                               build/stm32f3xx_hal_i2c.o
HAL_I2C_Mem_Write                                 build/stm32f3xx_hal_i2c.o
HAL_I2C_Mem_Write_DMA                             build/stm32f3xx_hal_i2c.o
HAL_I2C_Mem_Write_IT                              build/stm32f3xx_hal_i2c.o
HAL_I2C_MspDeInit                                 build/stm32f3xx_hal_i2c.o
HAL_I2C_MspInit                                   build/stm32f3xx_hal_i2c.o
HAL_I2C_SlaveRxCpltCallback                       build/stm32f3xx_hal_i2c.o
HAL_I2C_SlaveTxCpltCallback                       build/stm32f3xx_hal_i2c.o
HAL_I2C_Slave_Receive                             build/stm32f3xx_hal_i2c.o
HAL_I2C_Slave_Receive_DMA                         build/stm32f3xx_hal_i2c.o
HAL_I2C_Slave_Receive_IT                          build/stm32f3xx_hal_i2c.o
HAL_I2C_Slave_Seq_Receive_DMA                     build/stm32f3xx_hal_i2c.o
HAL_I2C_Slave_Seq_Receive_IT                      build/stm32f3xx_hal_i2c.o
HAL_I2C_Slave_Seq_Transmit_DMA                    build/stm32f3xx_hal_i2c.o
HAL_I2C_Slave_Seq_Transmit_IT                     build/stm32f3xx_hal_i2c.o
HAL_I2C_Slave_Transmit                            build/stm32f3xx_hal_i2c.o
HAL_I2C_Slave_Transmit_DMA                        build/stm32f3xx_hal_i2c.o
HAL_I2C_Slave_Transmit_IT                         build/stm32f3xx_hal_i2c.o
HAL_IncTick                                       build/stm32f3xx_hal.o
                                                  build/stm32f3xx_it.o
HAL_Init                                          build/stm32f3xx_hal.o
                                                  build/main.o
HAL_InitTick                                      build/stm32f3xx_hal.o
                                                  build/stm32f3xx_hal_rcc.o
HAL_LIN_Init                                      build/stm32f3xx_hal_uart.o
HAL_LIN_SendBreak                                 build/stm32f3xx_hal_uart.o
HAL_MspDeInit                                     build/stm32f3xx_hal.o
HAL_MspInit                                       build/stm32f3xx_hal_msp.o
HAL_MultiProcessorEx_AddressLength_Set            build/stm32f3xx_hal_uart_ex.o
HAL_MultiProcessor_DisableMuteMode                build/stm32f3xx_hal_uart.o
HAL_MultiProcessor_EnableMuteMode                 build/stm32f3xx_hal_uart.o
HAL_MultiProcessor_EnterMuteMode                  build/stm32f3xx_hal_uart.o
HAL_MultiProcessor_Init                           build/stm32f3xx_hal_uart.o
HAL_NVIC_ClearPendingIRQ                          build/stm32f3xx_hal_cortex.o
HAL_NVIC_DisableIRQ                               build/stm32f3xx_hal_cortex.o
HAL_NVIC_EnableIRQ                                build/stm32f3xx_hal_cortex.o
HAL_NVIC_GetActive                                build/stm32f3xx_hal_cortex.o
HAL_NVIC_GetPendingIRQ                            build/stm32f3xx_hal_cortex.o
HAL_NVIC_GetPriority                              build/stm32f3xx_hal_cortex.o
HAL_NVIC_GetPriorityGrouping                      build/stm32f3xx_hal_cortex.o
HAL_NVIC_SetPendingIRQ                            build/stm32f3xx_hal_cortex.o
HAL_NVIC_SetPriority                              build/stm32f3xx_hal_cortex.o
                                                  build/stm32f3xx_hal.o
HAL_NVIC_SetPriorityGrouping                      build/stm32f3xx_hal_cortex.o
                                                  build/stm32f3xx_hal.o
HAL_NVIC_SystemReset                              build/stm32f3xx_hal_cortex.o
HAL_PWR_ConfigPVD                                 build/stm32f3xx_hal_pwr_ex.o
HAL_PWR_DeInit                                    build/stm32f3xx_hal_pwr.o
HAL_PWR_DisableBkUpAccess                         build/stm32f3xx_hal_pwr.o
HAL_PWR_DisablePVD                                build/stm32f3xx_hal_pwr_ex.o
HAL_PWR_DisableSEVOnPend                          build/stm32f3xx_hal_pwr.o
HAL_PWR_DisableSleepOnExit                        build/stm32f3xx_hal_pwr.o
HAL_PWR_DisableWakeUpPin                          build/stm32f3xx_hal_pwr.o
HAL_PWR_EnableBkUpAccess                          build/stm32f3xx_hal_pwr.o
HAL_PWR_EnablePVD                                 build/stm32f3xx_hal_pwr_ex.o
HAL_PWR_EnableSEVOnPend                           build/stm32f3xx_hal_pwr.o
HAL_PWR_EnableSleepOnExit                         build/stm32f3xx_hal_pwr.o
HAL_PWR_EnableWakeUpPin                           build/stm32f3xx_hal_pwr.o
HAL_PWR_EnterSLEEPMode                            build/stm32f3xx_hal_pwr.o
HAL_PWR_EnterSTANDBYMode                          build/stm32f3xx_hal_pwr.o
HAL_PWR_EnterSTOPMode                             build/stm32f3xx_hal_pwr.o
HAL_PWR_PVDCallback                               build/stm32f3xx_hal_pwr_ex.o
HAL_PWR_PVD_IRQHandler                            build/stm32f3xx_hal_pwr_ex.o
HAL_RCCEx_GetPeriphCLKConfig                      build/stm32f3xx_hal_rcc_ex.o
HAL_RCCEx_GetPeriphCLKFreq                        build/stm32f3xx_hal_rcc_ex.o
HAL_RCCEx_PeriphCLKConfig                         build/stm32f3xx_hal_rcc_ex.o
                                                  build/main.o
HAL_RCC_CSSCallback                               build/stm32f3xx_hal_rcc.o
HAL_RCC_ClockConfig                               build/stm32f3xx_hal_rcc.o
                                                  build/main.o
HAL_RCC_DeInit                                    build/stm32f3xx_hal_rcc.o
HAL_RCC_DisableCSS                                build/stm32f3xx_hal_rcc.o
HAL_RCC_EnableCSS                                 build/stm32f3xx_hal_rcc.o
HAL_RCC_GetClockConfig                            build/stm32f3xx_hal_rcc.o
HAL_RCC_GetHCLKFreq                               build/stm32f3xx_hal_rcc.o
HAL_RCC_GetOscConfig                              build/stm32f3xx_hal_rcc.o
HAL_RCC_GetPCLK1Freq                              build/stm32f3xx_hal_rcc.o
                                                  build/stm32f3xx_hal_uart.o
                                                  build/stm32f3xx_hal_rcc_ex.o
HAL_RCC_GetPCLK2Freq                              build/stm32f3xx_hal_rcc.o
                                                  build/stm32f3xx_hal_uart.o
HAL_RCC_GetSysClockFreq                           build/stm32f3xx_hal_rcc.o
                                                  build/stm32f3xx_hal_uart.o
                                                  build/stm32f3xx_hal_rcc_ex.o
HAL_RCC_MCOConfig                                 build/stm32f3xx_hal_rcc.o
HAL_RCC_NMI_IRQHandler                            build/stm32f3xx_hal_rcc.o
HAL_RCC_OscConfig                                 build/stm32f3xx_hal_rcc.o
                                                  build/main.o
HAL_RS485Ex_Init                                  build/stm32f3xx_hal_uart_ex.o
HAL_ResumeTick                                    build/stm32f3xx_hal.o
HAL_SYSTICK_CLKSourceConfig                       build/stm32f3xx_hal_cortex.o
HAL_SYSTICK_Callback                              build/stm32f3xx_hal_cortex.o
HAL_SYSTICK_Config                                build/stm32f3xx_hal_cortex.o
                                                  build/stm32f3xx_hal.o
HAL_SYSTICK_IRQHandler                            build/stm32f3xx_hal_cortex.o
HAL_SetTickFreq                                   build/stm32f3xx_hal.o
HAL_SuspendTick                                   build/stm32f3xx_hal.o
HAL_UARTEx_DisableStopMode                        build/stm32f3xx_hal_uart_ex.o
HAL_UARTEx_EnableStopMode                         build/stm32f3xx_hal_uart_ex.o
HAL_UARTEx_GetRxEventType                         build/stm32f3xx_hal_uart_ex.o
HAL_UARTEx_ReceiveToIdle                          build/stm32f3xx_hal_uart_ex.o
HAL_UARTEx_ReceiveToIdle_DMA                      build/stm32f3xx_hal_uart_ex.o
HAL_UARTEx_ReceiveToIdle_IT                       build/stm32f3xx_hal_uart_ex.o
HAL_UARTEx_RxEventCallback                        build/stm32f3xx_hal_uart.o
HAL_UARTEx_StopModeWakeUpSourceConfig             build/stm32f3xx_hal_uart_ex.o
HAL_UARTEx_WakeupCallback                         build/stm32f3xx_hal_uart_ex.o
                                                  build/stm32f3xx_hal_uart.o
HAL_UART_Abort                                    build/stm32f3xx_hal_uart.o
HAL_UART_AbortCpltCallback                        build/stm32f3xx_hal_uart.o
HAL_UART_AbortReceive                             build/stm32f3xx_hal_uart.o
HAL_UART_AbortReceiveCpltCallback                 build/stm32f3xx_hal_uart.o
HAL_UART_AbortReceive_IT                          build/stm32f3xx_hal_uart.o
HAL_UART_AbortTransmit                            build/stm32f3xx_hal_uart.o
HAL_UART_AbortTransmitCpltCallback                build/stm32f3xx_hal_uart.o
HAL_UART_AbortTransmit_IT                         build/stm32f3xx_hal_uart.o
HAL_UART_Abort_IT                                 build/stm32f3xx_hal_uart.o
HAL_UART_DMAPause                                 build/stm32f3xx_hal_uart.o
HAL_UART_DMAResume                                build/stm32f3xx_hal_uart.o
HAL_UART_DMAStop                                  build/stm32f3xx_hal_uart.o
HAL_UART_DeInit                                   build/stm32f3xx_hal_uart.o
HAL_UART_DisableReceiverTimeout                   build/stm32f3xx_hal_uart.o
HAL_UART_EnableReceiverTimeout                    build/stm32f3xx_hal_uart.o
HAL_UART_ErrorCallback                            build/stm32f3xx_hal_uart.o
HAL_UART_GetError                                 build/stm32f3xx_hal_uart.o
HAL_UART_GetState                                 build/stm32f3xx_hal_uart.o
HAL_UART_IRQHandler                               build/stm32f3xx_hal_uart.o
HAL_UART_Init                                     build/stm32f3xx_hal_uart.o
                                                  build/main.o
HAL_UART_MspDeInit                                build/stm32f3xx_hal_msp.o
HAL_UART_MspInit                                  build/stm32f3xx_hal_msp.o
                                                  build/stm32f3xx_hal_uart_ex.o
HAL_UART_Receive                                  build/stm32f3xx_hal_uart.o
HAL_UART_Receive_DMA                              build/stm32f3xx_hal_uart.o
HAL_UART_Receive_IT                               build/stm32f3xx_hal_uart.o
HAL_UART_ReceiverTimeout_Config                   build/stm32f3xx_hal_uart.o
HAL_UART_RxCpltCallback                           build/stm32f3xx_hal_uart.o
HAL_UART_RxHalfCpltCallback                       build/stm32f3xx_hal_uart.o
HAL_UART_Transmit                                 build/stm32f3xx_hal_uart.o
HAL_UART_Transmit_DMA                             build/stm32f3xx_hal_uart.o
HAL_UART_Transmit_IT                              build/stm32f3xx_hal_uart.o
HAL_UART_TxCpltCallback                           build/stm32f3xx_hal_uart.o
HAL_UART_TxHalfCpltCallback                       build/stm32f3xx_hal_uart.o
HRTIM1_FLT_IRQHandler                             build/startup_stm32f334x8.o
HRTIM1_Master_IRQHandler                          build/startup_stm32f334x8.o
HRTIM1_TIMA_IRQHandler                            build/startup_stm32f334x8.o
HRTIM1_TIMB_IRQHandler                            build/startup_stm32f334x8.o
HRTIM1_TIMC_IRQHandler                            build/startup_stm32f334x8.o
HRTIM1_TIMD_IRQHandler                            build/startup_stm32f334x8.o
HRTIM1_TIME_IRQHandler                            build/startup_stm32f334x8.o
HardFault_Handler                                 build/stm32f3xx_it.o
I2C1_ER_IRQHandler                                build/startup_stm32f334x8.o
I2C1_EV_IRQHandler                                build/startup_stm32f334x8.o
MemManage_Handler                                 build/stm32f3xx_it.o
NMI_Handler                                       build/stm32f3xx_it.o
PVD_IRQHandler                                    build/startup_stm32f334x8.o
PendSV_Handler                                    build/stm32f3xx_it.o
RCC_IRQHandler                                    build/startup_stm32f334x8.o
RTC_Alarm_IRQHandler                              build/startup_stm32f334x8.o
RTC_WKUP_IRQHandler                               build/startup_stm32f334x8.o
Reset_Handler                                     build/startup_stm32f334x8.o
SPI1_IRQHandler                                   build/startup_stm32f334x8.o
SVC_Handler                                       build/stm32f3xx_it.o
SysTick_Handler                                   build/stm32f3xx_it.o
SystemClock_Config                                build/main.o
SystemCoreClock                                   build/system_stm32f3xx.o
                                                  build/stm32f3xx_hal_rcc_ex.o
                                                  build/stm32f3xx_hal_rcc.o
                                                  build/stm32f3xx_hal.o
                                                  build/stm32f3xx_hal_adc_ex.o
SystemCoreClockUpdate                             build/system_stm32f3xx.o
SystemInit                                        build/system_stm32f3xx.o
                                                  build/startup_stm32f334x8.o
TAMP_STAMP_IRQHandler                             build/startup_stm32f334x8.o
TIM1_BRK_TIM15_IRQHandler                         build/startup_stm32f334x8.o
TIM1_CC_IRQHandler                                build/startup_stm32f334x8.o
TIM1_TRG_COM_TIM17_IRQHandler                     build/startup_stm32f334x8.o
TIM1_UP_TIM16_IRQHandler                          build/startup_stm32f334x8.o
TIM2_IRQHandler                                   build/startup_stm32f334x8.o
TIM3_IRQHandler                                   build/startup_stm32f334x8.o
TIM6_DAC1_IRQHandler                              build/startup_stm32f334x8.o
TIM7_DAC2_IRQHandler                              build/startup_stm32f334x8.o
UART_AdvFeatureConfig                             build/stm32f3xx_hal_uart.o
                                                  build/stm32f3xx_hal_uart_ex.o
UART_CheckIdleState                               build/stm32f3xx_hal_uart.o
                                                  build/stm32f3xx_hal_uart_ex.o
UART_SetConfig                                    build/stm32f3xx_hal_uart.o
                                                  build/stm32f3xx_hal_uart_ex.o
UART_Start_Receive_DMA                            build/stm32f3xx_hal_uart.o
                                                  build/stm32f3xx_hal_uart_ex.o
UART_Start_Receive_IT                             build/stm32f3xx_hal_uart.o
                                                  build/stm32f3xx_hal_uart_ex.o
UART_WaitOnFlagUntilTimeout                       build/stm32f3xx_hal_uart.o
                                                  build/stm32f3xx_hal_uart_ex.o
USART1_IRQHandler                                 build/startup_stm32f334x8.o
USART2_IRQHandler                                 build/startup_stm32f334x8.o
USART3_IRQHandler                                 build/startup_stm32f334x8.o
UsageFault_Handler                                build/stm32f3xx_it.o
WWDG_IRQHandler                                   build/startup_stm32f334x8.o
__atexit                                          e:/programfile/msys2/mingw64/bin/../lib/gcc/arm-none-eabi/12.2.0/../../../../arm-none-eabi/lib/thumb/v7e-m+fp/hard\libc_nano.a(libc_a-__call_atexit.o)
                                                  e:/programfile/msys2/mingw64/bin/../lib/gcc/arm-none-eabi/12.2.0/../../../../arm-none-eabi/lib/thumb/v7e-m+fp/hard\libc_nano.a(libc_a-__atexit.o)
__atexit0                                         e:/programfile/msys2/mingw64/bin/../lib/gcc/arm-none-eabi/12.2.0/../../../../arm-none-eabi/lib/thumb/v7e-m+fp/hard\libc_nano.a(libc_a-__atexit.o)
__atexit_dummy                                    e:/programfile/msys2/mingw64/bin/../lib/gcc/arm-none-eabi/12.2.0/../../../../arm-none-eabi/lib/thumb/v7e-m+fp/hard\libc_nano.a(libc_a-__atexit.o)
__atexit_recursive_mutex                          e:/programfile/msys2/mingw64/bin/../lib/gcc/arm-none-eabi/12.2.0/../../../../arm-none-eabi/lib/thumb/v7e-m+fp/hard\libc_nano.a(libc_a-__call_atexit.o)
                                                  e:/programfile/msys2/mingw64/bin/../lib/gcc/arm-none-eabi/12.2.0/../../../../arm-none-eabi/lib/thumb/v7e-m+fp/hard\libc_nano.a(libc_a-__atexit.o)
__bss_end__                                       e:/programfile/msys2/mingw64/bin/../lib/gcc/arm-none-eabi/12.2.0/../../../../arm-none-eabi/lib/thumb/v7e-m+fp/hard/crt0.o
__bss_start__                                     e:/programfile/msys2/mingw64/bin/../lib/gcc/arm-none-eabi/12.2.0/../../../../arm-none-eabi/lib/thumb/v7e-m+fp/hard/crt0.o
__call_exitprocs                                  e:/programfile/msys2/mingw64/bin/../lib/gcc/arm-none-eabi/12.2.0/../../../../arm-none-eabi/lib/thumb/v7e-m+fp/hard\libc_nano.a(libc_a-__call_atexit.o)
                                                  e:/programfile/msys2/mingw64/bin/../lib/gcc/arm-none-eabi/12.2.0/../../../../arm-none-eabi/lib/thumb/v7e-m+fp/hard\libc_nano.a(libc_a-__atexit.o)
                                                  e:/programfile/msys2/mingw64/bin/../lib/gcc/arm-none-eabi/12.2.0/../../../../arm-none-eabi/lib/thumb/v7e-m+fp/hard\libc_nano.a(libc_a-exit.o)
__deregister_frame_info                           e:/programfile/msys2/mingw64/bin/../lib/gcc/arm-none-eabi/12.2.0/thumb/v7e-m+fp/hard/crtbegin.o
__dso_handle                                      e:/programfile/msys2/mingw64/bin/../lib/gcc/arm-none-eabi/12.2.0/thumb/v7e-m+fp/hard/crtbegin.o
__fini_array_end                                  e:/programfile/msys2/mingw64/bin/../lib/gcc/arm-none-eabi/12.2.0/../../../../arm-none-eabi/lib/thumb/v7e-m+fp/hard\libc_nano.a(libc_a-fini.o)
__fini_array_start                                e:/programfile/msys2/mingw64/bin/../lib/gcc/arm-none-eabi/12.2.0/../../../../arm-none-eabi/lib/thumb/v7e-m+fp/hard\libc_nano.a(libc_a-fini.o)
__fp_lock_all                                     e:/programfile/msys2/mingw64/bin/../lib/gcc/arm-none-eabi/12.2.0/../../../../arm-none-eabi/lib/thumb/v7e-m+fp/hard\libc_nano.a(libc_a-findfp.o)
__fp_unlock_all                                   e:/programfile/msys2/mingw64/bin/../lib/gcc/arm-none-eabi/12.2.0/../../../../arm-none-eabi/lib/thumb/v7e-m+fp/hard\libc_nano.a(libc_a-findfp.o)
__init_array_end                                  e:/programfile/msys2/mingw64/bin/../lib/gcc/arm-none-eabi/12.2.0/../../../../arm-none-eabi/lib/thumb/v7e-m+fp/hard\libc_nano.a(libc_a-init.o)
__init_array_start                                e:/programfile/msys2/mingw64/bin/../lib/gcc/arm-none-eabi/12.2.0/../../../../arm-none-eabi/lib/thumb/v7e-m+fp/hard\libc_nano.a(libc_a-init.o)
__libc_fini_array                                 e:/programfile/msys2/mingw64/bin/../lib/gcc/arm-none-eabi/12.2.0/../../../../arm-none-eabi/lib/thumb/v7e-m+fp/hard\libc_nano.a(libc_a-fini.o)
                                                  e:/programfile/msys2/mingw64/bin/../lib/gcc/arm-none-eabi/12.2.0/../../../../arm-none-eabi/lib/thumb/v7e-m+fp/hard/crt0.o
__libc_init_array                                 e:/programfile/msys2/mingw64/bin/../lib/gcc/arm-none-eabi/12.2.0/../../../../arm-none-eabi/lib/thumb/v7e-m+fp/hard\libc_nano.a(libc_a-init.o)
                                                  build/startup_stm32f334x8.o
                                                  e:/programfile/msys2/mingw64/bin/../lib/gcc/arm-none-eabi/12.2.0/../../../../arm-none-eabi/lib/thumb/v7e-m+fp/hard/crt0.o
__lock___arc4random_mutex                         e:/programfile/msys2/mingw64/bin/../lib/gcc/arm-none-eabi/12.2.0/../../../../arm-none-eabi/lib/thumb/v7e-m+fp/hard\libc_nano.a(libc_a-lock.o)
__lock___at_quick_exit_mutex                      e:/programfile/msys2/mingw64/bin/../lib/gcc/arm-none-eabi/12.2.0/../../../../arm-none-eabi/lib/thumb/v7e-m+fp/hard\libc_nano.a(libc_a-lock.o)
__lock___atexit_recursive_mutex                   e:/programfile/msys2/mingw64/bin/../lib/gcc/arm-none-eabi/12.2.0/../../../../arm-none-eabi/lib/thumb/v7e-m+fp/hard\libc_nano.a(libc_a-lock.o)
                                                  e:/programfile/msys2/mingw64/bin/../lib/gcc/arm-none-eabi/12.2.0/../../../../arm-none-eabi/lib/thumb/v7e-m+fp/hard\libc_nano.a(libc_a-__call_atexit.o)
__lock___dd_hash_mutex                            e:/programfile/msys2/mingw64/bin/../lib/gcc/arm-none-eabi/12.2.0/../../../../arm-none-eabi/lib/thumb/v7e-m+fp/hard\libc_nano.a(libc_a-lock.o)
__lock___env_recursive_mutex                      e:/programfile/msys2/mingw64/bin/../lib/gcc/arm-none-eabi/12.2.0/../../../../arm-none-eabi/lib/thumb/v7e-m+fp/hard\libc_nano.a(libc_a-lock.o)
__lock___malloc_recursive_mutex                   e:/programfile/msys2/mingw64/bin/../lib/gcc/arm-none-eabi/12.2.0/../../../../arm-none-eabi/lib/thumb/v7e-m+fp/hard\libc_nano.a(libc_a-lock.o)
                                                  e:/programfile/msys2/mingw64/bin/../lib/gcc/arm-none-eabi/12.2.0/../../../../arm-none-eabi/lib/thumb/v7e-m+fp/hard\libc_nano.a(libc_a-mlock.o)
__lock___sfp_recursive_mutex                      e:/programfile/msys2/mingw64/bin/../lib/gcc/arm-none-eabi/12.2.0/../../../../arm-none-eabi/lib/thumb/v7e-m+fp/hard\libc_nano.a(libc_a-lock.o)
                                                  e:/programfile/msys2/mingw64/bin/../lib/gcc/arm-none-eabi/12.2.0/../../../../arm-none-eabi/lib/thumb/v7e-m+fp/hard\libc_nano.a(libc_a-findfp.o)
__lock___tz_mutex                                 e:/programfile/msys2/mingw64/bin/../lib/gcc/arm-none-eabi/12.2.0/../../../../arm-none-eabi/lib/thumb/v7e-m+fp/hard\libc_nano.a(libc_a-lock.o)
__malloc_free_list                                e:/programfile/msys2/mingw64/bin/../lib/gcc/arm-none-eabi/12.2.0/../../../../arm-none-eabi/lib/thumb/v7e-m+fp/hard\libc_nano.a(libc_a-mallocr.o)
                                                  e:/programfile/msys2/mingw64/bin/../lib/gcc/arm-none-eabi/12.2.0/../../../../arm-none-eabi/lib/thumb/v7e-m+fp/hard\libc_nano.a(libc_a-freer.o)
__malloc_lock                                     e:/programfile/msys2/mingw64/bin/../lib/gcc/arm-none-eabi/12.2.0/../../../../arm-none-eabi/lib/thumb/v7e-m+fp/hard\libc_nano.a(libc_a-mlock.o)
                                                  e:/programfile/msys2/mingw64/bin/../lib/gcc/arm-none-eabi/12.2.0/../../../../arm-none-eabi/lib/thumb/v7e-m+fp/hard\libc_nano.a(libc_a-mallocr.o)
                                                  e:/programfile/msys2/mingw64/bin/../lib/gcc/arm-none-eabi/12.2.0/../../../../arm-none-eabi/lib/thumb/v7e-m+fp/hard\libc_nano.a(libc_a-freer.o)