ARM GAS  C:\Users\SHUCHE~1\AppData\Local\Temp\ccmXg07Y.s 			page 1


   1              		.cpu cortex-m4
   2              		.arch armv7e-m
   3              		.fpu fpv4-sp-d16
   4              		.eabi_attribute 27, 1
   5              		.eabi_attribute 28, 1
   6              		.eabi_attribute 20, 1
   7              		.eabi_attribute 21, 1
   8              		.eabi_attribute 23, 3
   9              		.eabi_attribute 24, 1
  10              		.eabi_attribute 25, 1
  11              		.eabi_attribute 26, 1
  12              		.eabi_attribute 30, 1
  13              		.eabi_attribute 34, 1
  14              		.eabi_attribute 18, 4
  15              		.file	"stm32f3xx_hal_msp.c"
  16              		.text
  17              	.Ltext0:
  18              		.cfi_sections	.debug_frame
  19              		.file 1 "Src/stm32f3xx_hal_msp.c"
  20              		.section	.text.HAL_MspInit,"ax",%progbits
  21              		.align	1
  22              		.global	HAL_MspInit
  23              		.syntax unified
  24              		.thumb
  25              		.thumb_func
  27              	HAL_MspInit:
  28              	.LFB123:
   1:Src/stm32f3xx_hal_msp.c **** /* USER CODE BEGIN Header */
   2:Src/stm32f3xx_hal_msp.c **** /**
   3:Src/stm32f3xx_hal_msp.c ****   ******************************************************************************
   4:Src/stm32f3xx_hal_msp.c ****   * @file         stm32f3xx_hal_msp.c
   5:Src/stm32f3xx_hal_msp.c ****   * @brief        This file provides code for the MSP Initialization
   6:Src/stm32f3xx_hal_msp.c ****   *               and de-Initialization codes.
   7:Src/stm32f3xx_hal_msp.c ****   ******************************************************************************
   8:Src/stm32f3xx_hal_msp.c ****   * @attention
   9:Src/stm32f3xx_hal_msp.c ****   *
  10:Src/stm32f3xx_hal_msp.c ****   * Copyright (c) 2025 STMicroelectronics.
  11:Src/stm32f3xx_hal_msp.c ****   * All rights reserved.
  12:Src/stm32f3xx_hal_msp.c ****   *
  13:Src/stm32f3xx_hal_msp.c ****   * This software is licensed under terms that can be found in the LICENSE file
  14:Src/stm32f3xx_hal_msp.c ****   * in the root directory of this software component.
  15:Src/stm32f3xx_hal_msp.c ****   * If no LICENSE file comes with this software, it is provided AS-IS.
  16:Src/stm32f3xx_hal_msp.c ****   *
  17:Src/stm32f3xx_hal_msp.c ****   ******************************************************************************
  18:Src/stm32f3xx_hal_msp.c ****   */
  19:Src/stm32f3xx_hal_msp.c **** /* USER CODE END Header */
  20:Src/stm32f3xx_hal_msp.c **** 
  21:Src/stm32f3xx_hal_msp.c **** /* Includes ------------------------------------------------------------------*/
  22:Src/stm32f3xx_hal_msp.c **** #include "main.h"
  23:Src/stm32f3xx_hal_msp.c **** /* USER CODE BEGIN Includes */
  24:Src/stm32f3xx_hal_msp.c **** 
  25:Src/stm32f3xx_hal_msp.c **** /* USER CODE END Includes */
  26:Src/stm32f3xx_hal_msp.c **** 
  27:Src/stm32f3xx_hal_msp.c **** /* Private typedef -----------------------------------------------------------*/
  28:Src/stm32f3xx_hal_msp.c **** /* USER CODE BEGIN TD */
  29:Src/stm32f3xx_hal_msp.c **** 
  30:Src/stm32f3xx_hal_msp.c **** /* USER CODE END TD */
ARM GAS  C:\Users\SHUCHE~1\AppData\Local\Temp\ccmXg07Y.s 			page 2


  31:Src/stm32f3xx_hal_msp.c **** 
  32:Src/stm32f3xx_hal_msp.c **** /* Private define ------------------------------------------------------------*/
  33:Src/stm32f3xx_hal_msp.c **** /* USER CODE BEGIN Define */
  34:Src/stm32f3xx_hal_msp.c **** 
  35:Src/stm32f3xx_hal_msp.c **** /* USER CODE END Define */
  36:Src/stm32f3xx_hal_msp.c **** 
  37:Src/stm32f3xx_hal_msp.c **** /* Private macro -------------------------------------------------------------*/
  38:Src/stm32f3xx_hal_msp.c **** /* USER CODE BEGIN Macro */
  39:Src/stm32f3xx_hal_msp.c **** 
  40:Src/stm32f3xx_hal_msp.c **** /* USER CODE END Macro */
  41:Src/stm32f3xx_hal_msp.c **** 
  42:Src/stm32f3xx_hal_msp.c **** /* Private variables ---------------------------------------------------------*/
  43:Src/stm32f3xx_hal_msp.c **** /* USER CODE BEGIN PV */
  44:Src/stm32f3xx_hal_msp.c **** 
  45:Src/stm32f3xx_hal_msp.c **** /* USER CODE END PV */
  46:Src/stm32f3xx_hal_msp.c **** 
  47:Src/stm32f3xx_hal_msp.c **** /* Private function prototypes -----------------------------------------------*/
  48:Src/stm32f3xx_hal_msp.c **** /* USER CODE BEGIN PFP */
  49:Src/stm32f3xx_hal_msp.c **** 
  50:Src/stm32f3xx_hal_msp.c **** /* USER CODE END PFP */
  51:Src/stm32f3xx_hal_msp.c **** 
  52:Src/stm32f3xx_hal_msp.c **** /* External functions --------------------------------------------------------*/
  53:Src/stm32f3xx_hal_msp.c **** /* USER CODE BEGIN ExternalFunctions */
  54:Src/stm32f3xx_hal_msp.c **** 
  55:Src/stm32f3xx_hal_msp.c **** /* USER CODE END ExternalFunctions */
  56:Src/stm32f3xx_hal_msp.c **** 
  57:Src/stm32f3xx_hal_msp.c **** /* USER CODE BEGIN 0 */
  58:Src/stm32f3xx_hal_msp.c **** 
  59:Src/stm32f3xx_hal_msp.c **** /* USER CODE END 0 */
  60:Src/stm32f3xx_hal_msp.c **** 
  61:Src/stm32f3xx_hal_msp.c **** void HAL_HRTIM_MspPostInit(HRTIM_HandleTypeDef *hhrtim);
  62:Src/stm32f3xx_hal_msp.c ****                     /**
  63:Src/stm32f3xx_hal_msp.c ****   * Initializes the Global MSP.
  64:Src/stm32f3xx_hal_msp.c ****   */
  65:Src/stm32f3xx_hal_msp.c **** void HAL_MspInit(void)
  66:Src/stm32f3xx_hal_msp.c **** {
  29              		.loc 1 66 1 view -0
  30              		.cfi_startproc
  31              		@ args = 0, pretend = 0, frame = 8
  32              		@ frame_needed = 0, uses_anonymous_args = 0
  33              		@ link register save eliminated.
  34 0000 82B0     		sub	sp, sp, #8
  35              	.LCFI0:
  36              		.cfi_def_cfa_offset 8
  67:Src/stm32f3xx_hal_msp.c **** 
  68:Src/stm32f3xx_hal_msp.c ****   /* USER CODE BEGIN MspInit 0 */
  69:Src/stm32f3xx_hal_msp.c **** 
  70:Src/stm32f3xx_hal_msp.c ****   /* USER CODE END MspInit 0 */
  71:Src/stm32f3xx_hal_msp.c **** 
  72:Src/stm32f3xx_hal_msp.c ****   __HAL_RCC_SYSCFG_CLK_ENABLE();
  37              		.loc 1 72 3 view .LVU1
  38              	.LBB2:
  39              		.loc 1 72 3 view .LVU2
  40              		.loc 1 72 3 view .LVU3
  41 0002 0A4B     		ldr	r3, .L3
  42 0004 9A69     		ldr	r2, [r3, #24]
  43 0006 42F00102 		orr	r2, r2, #1
ARM GAS  C:\Users\SHUCHE~1\AppData\Local\Temp\ccmXg07Y.s 			page 3


  44 000a 9A61     		str	r2, [r3, #24]
  45              		.loc 1 72 3 view .LVU4
  46 000c 9A69     		ldr	r2, [r3, #24]
  47 000e 02F00102 		and	r2, r2, #1
  48 0012 0092     		str	r2, [sp]
  49              		.loc 1 72 3 view .LVU5
  50 0014 009A     		ldr	r2, [sp]
  51              	.LBE2:
  52              		.loc 1 72 3 view .LVU6
  73:Src/stm32f3xx_hal_msp.c ****   __HAL_RCC_PWR_CLK_ENABLE();
  53              		.loc 1 73 3 view .LVU7
  54              	.LBB3:
  55              		.loc 1 73 3 view .LVU8
  56              		.loc 1 73 3 view .LVU9
  57 0016 DA69     		ldr	r2, [r3, #28]
  58 0018 42F08052 		orr	r2, r2, #268435456
  59 001c DA61     		str	r2, [r3, #28]
  60              		.loc 1 73 3 view .LVU10
  61 001e DB69     		ldr	r3, [r3, #28]
  62 0020 03F08053 		and	r3, r3, #268435456
  63 0024 0193     		str	r3, [sp, #4]
  64              		.loc 1 73 3 view .LVU11
  65 0026 019B     		ldr	r3, [sp, #4]
  66              	.LBE3:
  67              		.loc 1 73 3 view .LVU12
  74:Src/stm32f3xx_hal_msp.c **** 
  75:Src/stm32f3xx_hal_msp.c ****   /* System interrupt init*/
  76:Src/stm32f3xx_hal_msp.c **** 
  77:Src/stm32f3xx_hal_msp.c ****   /* USER CODE BEGIN MspInit 1 */
  78:Src/stm32f3xx_hal_msp.c **** 
  79:Src/stm32f3xx_hal_msp.c ****   /* USER CODE END MspInit 1 */
  80:Src/stm32f3xx_hal_msp.c **** }
  68              		.loc 1 80 1 is_stmt 0 view .LVU13
  69 0028 02B0     		add	sp, sp, #8
  70              	.LCFI1:
  71              		.cfi_def_cfa_offset 0
  72              		@ sp needed
  73 002a 7047     		bx	lr
  74              	.L4:
  75              		.align	2
  76              	.L3:
  77 002c 00100240 		.word	1073876992
  78              		.cfi_endproc
  79              	.LFE123:
  81              		.section	.text.HAL_ADC_MspInit,"ax",%progbits
  82              		.align	1
  83              		.global	HAL_ADC_MspInit
  84              		.syntax unified
  85              		.thumb
  86              		.thumb_func
  88              	HAL_ADC_MspInit:
  89              	.LVL0:
  90              	.LFB124:
  81:Src/stm32f3xx_hal_msp.c **** 
  82:Src/stm32f3xx_hal_msp.c **** static uint32_t HAL_RCC_ADC12_CLK_ENABLED=0;
  83:Src/stm32f3xx_hal_msp.c **** 
  84:Src/stm32f3xx_hal_msp.c **** /**
ARM GAS  C:\Users\SHUCHE~1\AppData\Local\Temp\ccmXg07Y.s 			page 4


  85:Src/stm32f3xx_hal_msp.c ****   * @brief ADC MSP Initialization
  86:Src/stm32f3xx_hal_msp.c ****   * This function configures the hardware resources used in this example
  87:Src/stm32f3xx_hal_msp.c ****   * @param hadc: ADC handle pointer
  88:Src/stm32f3xx_hal_msp.c ****   * @retval None
  89:Src/stm32f3xx_hal_msp.c ****   */
  90:Src/stm32f3xx_hal_msp.c **** void HAL_ADC_MspInit(ADC_HandleTypeDef* hadc)
  91:Src/stm32f3xx_hal_msp.c **** {
  91              		.loc 1 91 1 is_stmt 1 view -0
  92              		.cfi_startproc
  93              		@ args = 0, pretend = 0, frame = 40
  94              		@ frame_needed = 0, uses_anonymous_args = 0
  95              		.loc 1 91 1 is_stmt 0 view .LVU15
  96 0000 00B5     		push	{lr}
  97              	.LCFI2:
  98              		.cfi_def_cfa_offset 4
  99              		.cfi_offset 14, -4
 100 0002 8BB0     		sub	sp, sp, #44
 101              	.LCFI3:
 102              		.cfi_def_cfa_offset 48
  92:Src/stm32f3xx_hal_msp.c ****   GPIO_InitTypeDef GPIO_InitStruct = {0};
 103              		.loc 1 92 3 is_stmt 1 view .LVU16
 104              		.loc 1 92 20 is_stmt 0 view .LVU17
 105 0004 0023     		movs	r3, #0
 106 0006 0593     		str	r3, [sp, #20]
 107 0008 0693     		str	r3, [sp, #24]
 108 000a 0793     		str	r3, [sp, #28]
 109 000c 0893     		str	r3, [sp, #32]
 110 000e 0993     		str	r3, [sp, #36]
  93:Src/stm32f3xx_hal_msp.c ****   if(hadc->Instance==ADC1)
 111              		.loc 1 93 3 is_stmt 1 view .LVU18
 112              		.loc 1 93 10 is_stmt 0 view .LVU19
 113 0010 0368     		ldr	r3, [r0]
 114              		.loc 1 93 5 view .LVU20
 115 0012 B3F1A04F 		cmp	r3, #1342177280
 116 0016 05D0     		beq	.L11
  94:Src/stm32f3xx_hal_msp.c ****   {
  95:Src/stm32f3xx_hal_msp.c ****     /* USER CODE BEGIN ADC1_MspInit 0 */
  96:Src/stm32f3xx_hal_msp.c **** 
  97:Src/stm32f3xx_hal_msp.c ****     /* USER CODE END ADC1_MspInit 0 */
  98:Src/stm32f3xx_hal_msp.c ****     /* Peripheral clock enable */
  99:Src/stm32f3xx_hal_msp.c ****     HAL_RCC_ADC12_CLK_ENABLED++;
 100:Src/stm32f3xx_hal_msp.c ****     if(HAL_RCC_ADC12_CLK_ENABLED==1){
 101:Src/stm32f3xx_hal_msp.c ****       __HAL_RCC_ADC12_CLK_ENABLE();
 102:Src/stm32f3xx_hal_msp.c ****     }
 103:Src/stm32f3xx_hal_msp.c **** 
 104:Src/stm32f3xx_hal_msp.c ****     __HAL_RCC_GPIOA_CLK_ENABLE();
 105:Src/stm32f3xx_hal_msp.c ****     /**ADC1 GPIO Configuration
 106:Src/stm32f3xx_hal_msp.c ****     PA0     ------> ADC1_IN1
 107:Src/stm32f3xx_hal_msp.c ****     PA1     ------> ADC1_IN2
 108:Src/stm32f3xx_hal_msp.c ****     */
 109:Src/stm32f3xx_hal_msp.c ****     GPIO_InitStruct.Pin = ANODE_Pin|CATHODE_Pin;
 110:Src/stm32f3xx_hal_msp.c ****     GPIO_InitStruct.Mode = GPIO_MODE_ANALOG;
 111:Src/stm32f3xx_hal_msp.c ****     GPIO_InitStruct.Pull = GPIO_NOPULL;
 112:Src/stm32f3xx_hal_msp.c ****     HAL_GPIO_Init(GPIOA, &GPIO_InitStruct);
 113:Src/stm32f3xx_hal_msp.c **** 
 114:Src/stm32f3xx_hal_msp.c ****     /* USER CODE BEGIN ADC1_MspInit 1 */
 115:Src/stm32f3xx_hal_msp.c **** 
ARM GAS  C:\Users\SHUCHE~1\AppData\Local\Temp\ccmXg07Y.s 			page 5


 116:Src/stm32f3xx_hal_msp.c ****     /* USER CODE END ADC1_MspInit 1 */
 117:Src/stm32f3xx_hal_msp.c ****   }
 118:Src/stm32f3xx_hal_msp.c ****   else if(hadc->Instance==ADC2)
 117              		.loc 1 118 8 is_stmt 1 view .LVU21
 118              		.loc 1 118 10 is_stmt 0 view .LVU22
 119 0018 274A     		ldr	r2, .L15
 120 001a 9342     		cmp	r3, r2
 121 001c 26D0     		beq	.L12
 122              	.LVL1:
 123              	.L5:
 119:Src/stm32f3xx_hal_msp.c ****   {
 120:Src/stm32f3xx_hal_msp.c ****     /* USER CODE BEGIN ADC2_MspInit 0 */
 121:Src/stm32f3xx_hal_msp.c **** 
 122:Src/stm32f3xx_hal_msp.c ****     /* USER CODE END ADC2_MspInit 0 */
 123:Src/stm32f3xx_hal_msp.c ****     /* Peripheral clock enable */
 124:Src/stm32f3xx_hal_msp.c ****     HAL_RCC_ADC12_CLK_ENABLED++;
 125:Src/stm32f3xx_hal_msp.c ****     if(HAL_RCC_ADC12_CLK_ENABLED==1){
 126:Src/stm32f3xx_hal_msp.c ****       __HAL_RCC_ADC12_CLK_ENABLE();
 127:Src/stm32f3xx_hal_msp.c ****     }
 128:Src/stm32f3xx_hal_msp.c **** 
 129:Src/stm32f3xx_hal_msp.c ****     __HAL_RCC_GPIOA_CLK_ENABLE();
 130:Src/stm32f3xx_hal_msp.c ****     /**ADC2 GPIO Configuration
 131:Src/stm32f3xx_hal_msp.c ****     PA4     ------> ADC2_IN1
 132:Src/stm32f3xx_hal_msp.c ****     PA5     ------> ADC2_IN2
 133:Src/stm32f3xx_hal_msp.c ****     */
 134:Src/stm32f3xx_hal_msp.c ****     GPIO_InitStruct.Pin = DEC_P_Pin|DEC_N_Pin;
 135:Src/stm32f3xx_hal_msp.c ****     GPIO_InitStruct.Mode = GPIO_MODE_ANALOG;
 136:Src/stm32f3xx_hal_msp.c ****     GPIO_InitStruct.Pull = GPIO_NOPULL;
 137:Src/stm32f3xx_hal_msp.c ****     HAL_GPIO_Init(GPIOA, &GPIO_InitStruct);
 138:Src/stm32f3xx_hal_msp.c **** 
 139:Src/stm32f3xx_hal_msp.c ****     /* USER CODE BEGIN ADC2_MspInit 1 */
 140:Src/stm32f3xx_hal_msp.c **** 
 141:Src/stm32f3xx_hal_msp.c ****     /* USER CODE END ADC2_MspInit 1 */
 142:Src/stm32f3xx_hal_msp.c ****   }
 143:Src/stm32f3xx_hal_msp.c **** 
 144:Src/stm32f3xx_hal_msp.c **** }
 124              		.loc 1 144 1 view .LVU23
 125 001e 0BB0     		add	sp, sp, #44
 126              	.LCFI4:
 127              		.cfi_remember_state
 128              		.cfi_def_cfa_offset 4
 129              		@ sp needed
 130 0020 5DF804FB 		ldr	pc, [sp], #4
 131              	.LVL2:
 132              	.L11:
 133              	.LCFI5:
 134              		.cfi_restore_state
  99:Src/stm32f3xx_hal_msp.c ****     if(HAL_RCC_ADC12_CLK_ENABLED==1){
 135              		.loc 1 99 5 is_stmt 1 view .LVU24
  99:Src/stm32f3xx_hal_msp.c ****     if(HAL_RCC_ADC12_CLK_ENABLED==1){
 136              		.loc 1 99 30 is_stmt 0 view .LVU25
 137 0024 254A     		ldr	r2, .L15+4
 138 0026 1368     		ldr	r3, [r2]
 139 0028 0133     		adds	r3, r3, #1
 140 002a 1360     		str	r3, [r2]
 100:Src/stm32f3xx_hal_msp.c ****       __HAL_RCC_ADC12_CLK_ENABLE();
 141              		.loc 1 100 5 is_stmt 1 view .LVU26
ARM GAS  C:\Users\SHUCHE~1\AppData\Local\Temp\ccmXg07Y.s 			page 6


 100:Src/stm32f3xx_hal_msp.c ****       __HAL_RCC_ADC12_CLK_ENABLE();
 142              		.loc 1 100 7 is_stmt 0 view .LVU27
 143 002c 012B     		cmp	r3, #1
 144 002e 12D0     		beq	.L13
 145              	.L7:
 101:Src/stm32f3xx_hal_msp.c ****     }
 146              		.loc 1 101 7 is_stmt 1 discriminator 1 view .LVU28
 104:Src/stm32f3xx_hal_msp.c ****     /**ADC1 GPIO Configuration
 147              		.loc 1 104 5 discriminator 1 view .LVU29
 148              	.LBB4:
 104:Src/stm32f3xx_hal_msp.c ****     /**ADC1 GPIO Configuration
 149              		.loc 1 104 5 discriminator 1 view .LVU30
 104:Src/stm32f3xx_hal_msp.c ****     /**ADC1 GPIO Configuration
 150              		.loc 1 104 5 discriminator 1 view .LVU31
 151 0030 234B     		ldr	r3, .L15+8
 152 0032 5A69     		ldr	r2, [r3, #20]
 153 0034 42F40032 		orr	r2, r2, #131072
 154 0038 5A61     		str	r2, [r3, #20]
 104:Src/stm32f3xx_hal_msp.c ****     /**ADC1 GPIO Configuration
 155              		.loc 1 104 5 discriminator 1 view .LVU32
 156 003a 5B69     		ldr	r3, [r3, #20]
 157 003c 03F40033 		and	r3, r3, #131072
 158 0040 0293     		str	r3, [sp, #8]
 104:Src/stm32f3xx_hal_msp.c ****     /**ADC1 GPIO Configuration
 159              		.loc 1 104 5 discriminator 1 view .LVU33
 160 0042 029B     		ldr	r3, [sp, #8]
 161              	.LBE4:
 104:Src/stm32f3xx_hal_msp.c ****     /**ADC1 GPIO Configuration
 162              		.loc 1 104 5 discriminator 1 view .LVU34
 109:Src/stm32f3xx_hal_msp.c ****     GPIO_InitStruct.Mode = GPIO_MODE_ANALOG;
 163              		.loc 1 109 5 discriminator 1 view .LVU35
 109:Src/stm32f3xx_hal_msp.c ****     GPIO_InitStruct.Mode = GPIO_MODE_ANALOG;
 164              		.loc 1 109 25 is_stmt 0 discriminator 1 view .LVU36
 165 0044 0323     		movs	r3, #3
 166 0046 0593     		str	r3, [sp, #20]
 110:Src/stm32f3xx_hal_msp.c ****     GPIO_InitStruct.Pull = GPIO_NOPULL;
 167              		.loc 1 110 5 is_stmt 1 discriminator 1 view .LVU37
 110:Src/stm32f3xx_hal_msp.c ****     GPIO_InitStruct.Pull = GPIO_NOPULL;
 168              		.loc 1 110 26 is_stmt 0 discriminator 1 view .LVU38
 169 0048 0693     		str	r3, [sp, #24]
 111:Src/stm32f3xx_hal_msp.c ****     HAL_GPIO_Init(GPIOA, &GPIO_InitStruct);
 170              		.loc 1 111 5 is_stmt 1 discriminator 1 view .LVU39
 112:Src/stm32f3xx_hal_msp.c **** 
 171              		.loc 1 112 5 discriminator 1 view .LVU40
 172 004a 05A9     		add	r1, sp, #20
 173 004c 4FF09040 		mov	r0, #1207959552
 174              	.LVL3:
 112:Src/stm32f3xx_hal_msp.c **** 
 175              		.loc 1 112 5 is_stmt 0 discriminator 1 view .LVU41
 176 0050 FFF7FEFF 		bl	HAL_GPIO_Init
 177              	.LVL4:
 178 0054 E3E7     		b	.L5
 179              	.LVL5:
 180              	.L13:
 101:Src/stm32f3xx_hal_msp.c ****     }
 181              		.loc 1 101 7 is_stmt 1 view .LVU42
 182              	.LBB5:
ARM GAS  C:\Users\SHUCHE~1\AppData\Local\Temp\ccmXg07Y.s 			page 7


 101:Src/stm32f3xx_hal_msp.c ****     }
 183              		.loc 1 101 7 view .LVU43
 101:Src/stm32f3xx_hal_msp.c ****     }
 184              		.loc 1 101 7 view .LVU44
 185 0056 1A4B     		ldr	r3, .L15+8
 186 0058 5A69     		ldr	r2, [r3, #20]
 187 005a 42F08052 		orr	r2, r2, #268435456
 188 005e 5A61     		str	r2, [r3, #20]
 101:Src/stm32f3xx_hal_msp.c ****     }
 189              		.loc 1 101 7 view .LVU45
 190 0060 5B69     		ldr	r3, [r3, #20]
 191 0062 03F08053 		and	r3, r3, #268435456
 192 0066 0193     		str	r3, [sp, #4]
 101:Src/stm32f3xx_hal_msp.c ****     }
 193              		.loc 1 101 7 view .LVU46
 194 0068 019B     		ldr	r3, [sp, #4]
 195 006a E1E7     		b	.L7
 196              	.L12:
 197              	.LBE5:
 124:Src/stm32f3xx_hal_msp.c ****     if(HAL_RCC_ADC12_CLK_ENABLED==1){
 198              		.loc 1 124 5 view .LVU47
 124:Src/stm32f3xx_hal_msp.c ****     if(HAL_RCC_ADC12_CLK_ENABLED==1){
 199              		.loc 1 124 30 is_stmt 0 view .LVU48
 200 006c 134A     		ldr	r2, .L15+4
 201 006e 1368     		ldr	r3, [r2]
 202 0070 0133     		adds	r3, r3, #1
 203 0072 1360     		str	r3, [r2]
 125:Src/stm32f3xx_hal_msp.c ****       __HAL_RCC_ADC12_CLK_ENABLE();
 204              		.loc 1 125 5 is_stmt 1 view .LVU49
 125:Src/stm32f3xx_hal_msp.c ****       __HAL_RCC_ADC12_CLK_ENABLE();
 205              		.loc 1 125 7 is_stmt 0 view .LVU50
 206 0074 012B     		cmp	r3, #1
 207 0076 13D0     		beq	.L14
 208              	.L9:
 126:Src/stm32f3xx_hal_msp.c ****     }
 209              		.loc 1 126 7 is_stmt 1 discriminator 1 view .LVU51
 129:Src/stm32f3xx_hal_msp.c ****     /**ADC2 GPIO Configuration
 210              		.loc 1 129 5 discriminator 1 view .LVU52
 211              	.LBB6:
 129:Src/stm32f3xx_hal_msp.c ****     /**ADC2 GPIO Configuration
 212              		.loc 1 129 5 discriminator 1 view .LVU53
 129:Src/stm32f3xx_hal_msp.c ****     /**ADC2 GPIO Configuration
 213              		.loc 1 129 5 discriminator 1 view .LVU54
 214 0078 114B     		ldr	r3, .L15+8
 215 007a 5A69     		ldr	r2, [r3, #20]
 216 007c 42F40032 		orr	r2, r2, #131072
 217 0080 5A61     		str	r2, [r3, #20]
 129:Src/stm32f3xx_hal_msp.c ****     /**ADC2 GPIO Configuration
 218              		.loc 1 129 5 discriminator 1 view .LVU55
 219 0082 5B69     		ldr	r3, [r3, #20]
 220 0084 03F40033 		and	r3, r3, #131072
 221 0088 0493     		str	r3, [sp, #16]
 129:Src/stm32f3xx_hal_msp.c ****     /**ADC2 GPIO Configuration
 222              		.loc 1 129 5 discriminator 1 view .LVU56
 223 008a 049B     		ldr	r3, [sp, #16]
 224              	.LBE6:
 129:Src/stm32f3xx_hal_msp.c ****     /**ADC2 GPIO Configuration
ARM GAS  C:\Users\SHUCHE~1\AppData\Local\Temp\ccmXg07Y.s 			page 8


 225              		.loc 1 129 5 discriminator 1 view .LVU57
 134:Src/stm32f3xx_hal_msp.c ****     GPIO_InitStruct.Mode = GPIO_MODE_ANALOG;
 226              		.loc 1 134 5 discriminator 1 view .LVU58
 134:Src/stm32f3xx_hal_msp.c ****     GPIO_InitStruct.Mode = GPIO_MODE_ANALOG;
 227              		.loc 1 134 25 is_stmt 0 discriminator 1 view .LVU59
 228 008c 3023     		movs	r3, #48
 229 008e 0593     		str	r3, [sp, #20]
 135:Src/stm32f3xx_hal_msp.c ****     GPIO_InitStruct.Pull = GPIO_NOPULL;
 230              		.loc 1 135 5 is_stmt 1 discriminator 1 view .LVU60
 135:Src/stm32f3xx_hal_msp.c ****     GPIO_InitStruct.Pull = GPIO_NOPULL;
 231              		.loc 1 135 26 is_stmt 0 discriminator 1 view .LVU61
 232 0090 0323     		movs	r3, #3
 233 0092 0693     		str	r3, [sp, #24]
 136:Src/stm32f3xx_hal_msp.c ****     HAL_GPIO_Init(GPIOA, &GPIO_InitStruct);
 234              		.loc 1 136 5 is_stmt 1 discriminator 1 view .LVU62
 137:Src/stm32f3xx_hal_msp.c **** 
 235              		.loc 1 137 5 discriminator 1 view .LVU63
 236 0094 05A9     		add	r1, sp, #20
 237 0096 4FF09040 		mov	r0, #1207959552
 238              	.LVL6:
 137:Src/stm32f3xx_hal_msp.c **** 
 239              		.loc 1 137 5 is_stmt 0 discriminator 1 view .LVU64
 240 009a FFF7FEFF 		bl	HAL_GPIO_Init
 241              	.LVL7:
 242              		.loc 1 144 1 discriminator 1 view .LVU65
 243 009e BEE7     		b	.L5
 244              	.LVL8:
 245              	.L14:
 126:Src/stm32f3xx_hal_msp.c ****     }
 246              		.loc 1 126 7 is_stmt 1 view .LVU66
 247              	.LBB7:
 126:Src/stm32f3xx_hal_msp.c ****     }
 248              		.loc 1 126 7 view .LVU67
 126:Src/stm32f3xx_hal_msp.c ****     }
 249              		.loc 1 126 7 view .LVU68
 250 00a0 074B     		ldr	r3, .L15+8
 251 00a2 5A69     		ldr	r2, [r3, #20]
 252 00a4 42F08052 		orr	r2, r2, #268435456
 253 00a8 5A61     		str	r2, [r3, #20]
 126:Src/stm32f3xx_hal_msp.c ****     }
 254              		.loc 1 126 7 view .LVU69
 255 00aa 5B69     		ldr	r3, [r3, #20]
 256 00ac 03F08053 		and	r3, r3, #268435456
 257 00b0 0393     		str	r3, [sp, #12]
 126:Src/stm32f3xx_hal_msp.c ****     }
 258              		.loc 1 126 7 view .LVU70
 259 00b2 039B     		ldr	r3, [sp, #12]
 260 00b4 E0E7     		b	.L9
 261              	.L16:
 262 00b6 00BF     		.align	2
 263              	.L15:
 264 00b8 00010050 		.word	1342177536
 265 00bc 00000000 		.word	HAL_RCC_ADC12_CLK_ENABLED
 266 00c0 00100240 		.word	1073876992
 267              	.LBE7:
 268              		.cfi_endproc
 269              	.LFE124:
ARM GAS  C:\Users\SHUCHE~1\AppData\Local\Temp\ccmXg07Y.s 			page 9


 271              		.section	.text.HAL_ADC_MspDeInit,"ax",%progbits
 272              		.align	1
 273              		.global	HAL_ADC_MspDeInit
 274              		.syntax unified
 275              		.thumb
 276              		.thumb_func
 278              	HAL_ADC_MspDeInit:
 279              	.LVL9:
 280              	.LFB125:
 145:Src/stm32f3xx_hal_msp.c **** 
 146:Src/stm32f3xx_hal_msp.c **** /**
 147:Src/stm32f3xx_hal_msp.c ****   * @brief ADC MSP De-Initialization
 148:Src/stm32f3xx_hal_msp.c ****   * This function freeze the hardware resources used in this example
 149:Src/stm32f3xx_hal_msp.c ****   * @param hadc: ADC handle pointer
 150:Src/stm32f3xx_hal_msp.c ****   * @retval None
 151:Src/stm32f3xx_hal_msp.c ****   */
 152:Src/stm32f3xx_hal_msp.c **** void HAL_ADC_MspDeInit(ADC_HandleTypeDef* hadc)
 153:Src/stm32f3xx_hal_msp.c **** {
 281              		.loc 1 153 1 view -0
 282              		.cfi_startproc
 283              		@ args = 0, pretend = 0, frame = 0
 284              		@ frame_needed = 0, uses_anonymous_args = 0
 285              		.loc 1 153 1 is_stmt 0 view .LVU72
 286 0000 08B5     		push	{r3, lr}
 287              	.LCFI6:
 288              		.cfi_def_cfa_offset 8
 289              		.cfi_offset 3, -8
 290              		.cfi_offset 14, -4
 154:Src/stm32f3xx_hal_msp.c ****   if(hadc->Instance==ADC1)
 291              		.loc 1 154 3 is_stmt 1 view .LVU73
 292              		.loc 1 154 10 is_stmt 0 view .LVU74
 293 0002 0368     		ldr	r3, [r0]
 294              		.loc 1 154 5 view .LVU75
 295 0004 B3F1A04F 		cmp	r3, #1342177280
 296 0008 03D0     		beq	.L23
 155:Src/stm32f3xx_hal_msp.c ****   {
 156:Src/stm32f3xx_hal_msp.c ****     /* USER CODE BEGIN ADC1_MspDeInit 0 */
 157:Src/stm32f3xx_hal_msp.c **** 
 158:Src/stm32f3xx_hal_msp.c ****     /* USER CODE END ADC1_MspDeInit 0 */
 159:Src/stm32f3xx_hal_msp.c ****     /* Peripheral clock disable */
 160:Src/stm32f3xx_hal_msp.c ****     HAL_RCC_ADC12_CLK_ENABLED--;
 161:Src/stm32f3xx_hal_msp.c ****     if(HAL_RCC_ADC12_CLK_ENABLED==0){
 162:Src/stm32f3xx_hal_msp.c ****       __HAL_RCC_ADC12_CLK_DISABLE();
 163:Src/stm32f3xx_hal_msp.c ****     }
 164:Src/stm32f3xx_hal_msp.c **** 
 165:Src/stm32f3xx_hal_msp.c ****     /**ADC1 GPIO Configuration
 166:Src/stm32f3xx_hal_msp.c ****     PA0     ------> ADC1_IN1
 167:Src/stm32f3xx_hal_msp.c ****     PA1     ------> ADC1_IN2
 168:Src/stm32f3xx_hal_msp.c ****     */
 169:Src/stm32f3xx_hal_msp.c ****     HAL_GPIO_DeInit(GPIOA, ANODE_Pin|CATHODE_Pin);
 170:Src/stm32f3xx_hal_msp.c **** 
 171:Src/stm32f3xx_hal_msp.c ****     /* USER CODE BEGIN ADC1_MspDeInit 1 */
 172:Src/stm32f3xx_hal_msp.c **** 
 173:Src/stm32f3xx_hal_msp.c ****     /* USER CODE END ADC1_MspDeInit 1 */
 174:Src/stm32f3xx_hal_msp.c ****   }
 175:Src/stm32f3xx_hal_msp.c ****   else if(hadc->Instance==ADC2)
 297              		.loc 1 175 8 is_stmt 1 view .LVU76
ARM GAS  C:\Users\SHUCHE~1\AppData\Local\Temp\ccmXg07Y.s 			page 10


 298              		.loc 1 175 10 is_stmt 0 view .LVU77
 299 000a 124A     		ldr	r2, .L25
 300 000c 9342     		cmp	r3, r2
 301 000e 10D0     		beq	.L24
 302              	.LVL10:
 303              	.L17:
 176:Src/stm32f3xx_hal_msp.c ****   {
 177:Src/stm32f3xx_hal_msp.c ****     /* USER CODE BEGIN ADC2_MspDeInit 0 */
 178:Src/stm32f3xx_hal_msp.c **** 
 179:Src/stm32f3xx_hal_msp.c ****     /* USER CODE END ADC2_MspDeInit 0 */
 180:Src/stm32f3xx_hal_msp.c ****     /* Peripheral clock disable */
 181:Src/stm32f3xx_hal_msp.c ****     HAL_RCC_ADC12_CLK_ENABLED--;
 182:Src/stm32f3xx_hal_msp.c ****     if(HAL_RCC_ADC12_CLK_ENABLED==0){
 183:Src/stm32f3xx_hal_msp.c ****       __HAL_RCC_ADC12_CLK_DISABLE();
 184:Src/stm32f3xx_hal_msp.c ****     }
 185:Src/stm32f3xx_hal_msp.c **** 
 186:Src/stm32f3xx_hal_msp.c ****     /**ADC2 GPIO Configuration
 187:Src/stm32f3xx_hal_msp.c ****     PA4     ------> ADC2_IN1
 188:Src/stm32f3xx_hal_msp.c ****     PA5     ------> ADC2_IN2
 189:Src/stm32f3xx_hal_msp.c ****     */
 190:Src/stm32f3xx_hal_msp.c ****     HAL_GPIO_DeInit(GPIOA, DEC_P_Pin|DEC_N_Pin);
 191:Src/stm32f3xx_hal_msp.c **** 
 192:Src/stm32f3xx_hal_msp.c ****     /* USER CODE BEGIN ADC2_MspDeInit 1 */
 193:Src/stm32f3xx_hal_msp.c **** 
 194:Src/stm32f3xx_hal_msp.c ****     /* USER CODE END ADC2_MspDeInit 1 */
 195:Src/stm32f3xx_hal_msp.c ****   }
 196:Src/stm32f3xx_hal_msp.c **** 
 197:Src/stm32f3xx_hal_msp.c **** }
 304              		.loc 1 197 1 view .LVU78
 305 0010 08BD     		pop	{r3, pc}
 306              	.LVL11:
 307              	.L23:
 160:Src/stm32f3xx_hal_msp.c ****     if(HAL_RCC_ADC12_CLK_ENABLED==0){
 308              		.loc 1 160 5 is_stmt 1 view .LVU79
 160:Src/stm32f3xx_hal_msp.c ****     if(HAL_RCC_ADC12_CLK_ENABLED==0){
 309              		.loc 1 160 30 is_stmt 0 view .LVU80
 310 0012 114A     		ldr	r2, .L25+4
 311 0014 1368     		ldr	r3, [r2]
 312 0016 013B     		subs	r3, r3, #1
 313 0018 1360     		str	r3, [r2]
 161:Src/stm32f3xx_hal_msp.c ****       __HAL_RCC_ADC12_CLK_DISABLE();
 314              		.loc 1 161 5 is_stmt 1 view .LVU81
 161:Src/stm32f3xx_hal_msp.c ****       __HAL_RCC_ADC12_CLK_DISABLE();
 315              		.loc 1 161 7 is_stmt 0 view .LVU82
 316 001a 23B9     		cbnz	r3, .L19
 162:Src/stm32f3xx_hal_msp.c ****     }
 317              		.loc 1 162 7 is_stmt 1 view .LVU83
 318 001c 0F4A     		ldr	r2, .L25+8
 319 001e 5369     		ldr	r3, [r2, #20]
 320 0020 23F08053 		bic	r3, r3, #268435456
 321 0024 5361     		str	r3, [r2, #20]
 322              	.L19:
 169:Src/stm32f3xx_hal_msp.c **** 
 323              		.loc 1 169 5 view .LVU84
 324 0026 0321     		movs	r1, #3
 325 0028 4FF09040 		mov	r0, #1207959552
 326              	.LVL12:
ARM GAS  C:\Users\SHUCHE~1\AppData\Local\Temp\ccmXg07Y.s 			page 11


 169:Src/stm32f3xx_hal_msp.c **** 
 327              		.loc 1 169 5 is_stmt 0 view .LVU85
 328 002c FFF7FEFF 		bl	HAL_GPIO_DeInit
 329              	.LVL13:
 330 0030 EEE7     		b	.L17
 331              	.LVL14:
 332              	.L24:
 181:Src/stm32f3xx_hal_msp.c ****     if(HAL_RCC_ADC12_CLK_ENABLED==0){
 333              		.loc 1 181 5 is_stmt 1 view .LVU86
 181:Src/stm32f3xx_hal_msp.c ****     if(HAL_RCC_ADC12_CLK_ENABLED==0){
 334              		.loc 1 181 30 is_stmt 0 view .LVU87
 335 0032 094A     		ldr	r2, .L25+4
 336 0034 1368     		ldr	r3, [r2]
 337 0036 013B     		subs	r3, r3, #1
 338 0038 1360     		str	r3, [r2]
 182:Src/stm32f3xx_hal_msp.c ****       __HAL_RCC_ADC12_CLK_DISABLE();
 339              		.loc 1 182 5 is_stmt 1 view .LVU88
 182:Src/stm32f3xx_hal_msp.c ****       __HAL_RCC_ADC12_CLK_DISABLE();
 340              		.loc 1 182 7 is_stmt 0 view .LVU89
 341 003a 23B9     		cbnz	r3, .L21
 183:Src/stm32f3xx_hal_msp.c ****     }
 342              		.loc 1 183 7 is_stmt 1 view .LVU90
 343 003c 074A     		ldr	r2, .L25+8
 344 003e 5369     		ldr	r3, [r2, #20]
 345 0040 23F08053 		bic	r3, r3, #268435456
 346 0044 5361     		str	r3, [r2, #20]
 347              	.L21:
 190:Src/stm32f3xx_hal_msp.c **** 
 348              		.loc 1 190 5 view .LVU91
 349 0046 3021     		movs	r1, #48
 350 0048 4FF09040 		mov	r0, #1207959552
 351              	.LVL15:
 190:Src/stm32f3xx_hal_msp.c **** 
 352              		.loc 1 190 5 is_stmt 0 view .LVU92
 353 004c FFF7FEFF 		bl	HAL_GPIO_DeInit
 354              	.LVL16:
 355              		.loc 1 197 1 view .LVU93
 356 0050 DEE7     		b	.L17
 357              	.L26:
 358 0052 00BF     		.align	2
 359              	.L25:
 360 0054 00010050 		.word	1342177536
 361 0058 00000000 		.word	HAL_RCC_ADC12_CLK_ENABLED
 362 005c 00100240 		.word	1073876992
 363              		.cfi_endproc
 364              	.LFE125:
 366              		.section	.text.HAL_CAN_MspInit,"ax",%progbits
 367              		.align	1
 368              		.global	HAL_CAN_MspInit
 369              		.syntax unified
 370              		.thumb
 371              		.thumb_func
 373              	HAL_CAN_MspInit:
 374              	.LVL17:
 375              	.LFB126:
 198:Src/stm32f3xx_hal_msp.c **** 
 199:Src/stm32f3xx_hal_msp.c **** /**
ARM GAS  C:\Users\SHUCHE~1\AppData\Local\Temp\ccmXg07Y.s 			page 12


 200:Src/stm32f3xx_hal_msp.c ****   * @brief CAN MSP Initialization
 201:Src/stm32f3xx_hal_msp.c ****   * This function configures the hardware resources used in this example
 202:Src/stm32f3xx_hal_msp.c ****   * @param hcan: CAN handle pointer
 203:Src/stm32f3xx_hal_msp.c ****   * @retval None
 204:Src/stm32f3xx_hal_msp.c ****   */
 205:Src/stm32f3xx_hal_msp.c **** void HAL_CAN_MspInit(CAN_HandleTypeDef* hcan)
 206:Src/stm32f3xx_hal_msp.c **** {
 376              		.loc 1 206 1 is_stmt 1 view -0
 377              		.cfi_startproc
 378              		@ args = 0, pretend = 0, frame = 32
 379              		@ frame_needed = 0, uses_anonymous_args = 0
 380              		.loc 1 206 1 is_stmt 0 view .LVU95
 381 0000 00B5     		push	{lr}
 382              	.LCFI7:
 383              		.cfi_def_cfa_offset 4
 384              		.cfi_offset 14, -4
 385 0002 89B0     		sub	sp, sp, #36
 386              	.LCFI8:
 387              		.cfi_def_cfa_offset 40
 207:Src/stm32f3xx_hal_msp.c ****   GPIO_InitTypeDef GPIO_InitStruct = {0};
 388              		.loc 1 207 3 is_stmt 1 view .LVU96
 389              		.loc 1 207 20 is_stmt 0 view .LVU97
 390 0004 0023     		movs	r3, #0
 391 0006 0393     		str	r3, [sp, #12]
 392 0008 0493     		str	r3, [sp, #16]
 393 000a 0593     		str	r3, [sp, #20]
 394 000c 0693     		str	r3, [sp, #24]
 395 000e 0793     		str	r3, [sp, #28]
 208:Src/stm32f3xx_hal_msp.c ****   if(hcan->Instance==CAN)
 396              		.loc 1 208 3 is_stmt 1 view .LVU98
 397              		.loc 1 208 10 is_stmt 0 view .LVU99
 398 0010 0268     		ldr	r2, [r0]
 399              		.loc 1 208 5 view .LVU100
 400 0012 144B     		ldr	r3, .L31
 401 0014 9A42     		cmp	r2, r3
 402 0016 02D0     		beq	.L30
 403              	.LVL18:
 404              	.L27:
 209:Src/stm32f3xx_hal_msp.c ****   {
 210:Src/stm32f3xx_hal_msp.c ****     /* USER CODE BEGIN CAN_MspInit 0 */
 211:Src/stm32f3xx_hal_msp.c **** 
 212:Src/stm32f3xx_hal_msp.c ****     /* USER CODE END CAN_MspInit 0 */
 213:Src/stm32f3xx_hal_msp.c ****     /* Peripheral clock enable */
 214:Src/stm32f3xx_hal_msp.c ****     __HAL_RCC_CAN1_CLK_ENABLE();
 215:Src/stm32f3xx_hal_msp.c **** 
 216:Src/stm32f3xx_hal_msp.c ****     __HAL_RCC_GPIOB_CLK_ENABLE();
 217:Src/stm32f3xx_hal_msp.c ****     /**CAN GPIO Configuration
 218:Src/stm32f3xx_hal_msp.c ****     PB8     ------> CAN_RX
 219:Src/stm32f3xx_hal_msp.c ****     PB9     ------> CAN_TX
 220:Src/stm32f3xx_hal_msp.c ****     */
 221:Src/stm32f3xx_hal_msp.c ****     GPIO_InitStruct.Pin = GPIO_PIN_8|GPIO_PIN_9;
 222:Src/stm32f3xx_hal_msp.c ****     GPIO_InitStruct.Mode = GPIO_MODE_AF_PP;
 223:Src/stm32f3xx_hal_msp.c ****     GPIO_InitStruct.Pull = GPIO_NOPULL;
 224:Src/stm32f3xx_hal_msp.c ****     GPIO_InitStruct.Speed = GPIO_SPEED_FREQ_HIGH;
 225:Src/stm32f3xx_hal_msp.c ****     GPIO_InitStruct.Alternate = GPIO_AF9_CAN;
 226:Src/stm32f3xx_hal_msp.c ****     HAL_GPIO_Init(GPIOB, &GPIO_InitStruct);
 227:Src/stm32f3xx_hal_msp.c **** 
ARM GAS  C:\Users\SHUCHE~1\AppData\Local\Temp\ccmXg07Y.s 			page 13


 228:Src/stm32f3xx_hal_msp.c ****     /* USER CODE BEGIN CAN_MspInit 1 */
 229:Src/stm32f3xx_hal_msp.c **** 
 230:Src/stm32f3xx_hal_msp.c ****     /* USER CODE END CAN_MspInit 1 */
 231:Src/stm32f3xx_hal_msp.c **** 
 232:Src/stm32f3xx_hal_msp.c ****   }
 233:Src/stm32f3xx_hal_msp.c **** 
 234:Src/stm32f3xx_hal_msp.c **** }
 405              		.loc 1 234 1 view .LVU101
 406 0018 09B0     		add	sp, sp, #36
 407              	.LCFI9:
 408              		.cfi_remember_state
 409              		.cfi_def_cfa_offset 4
 410              		@ sp needed
 411 001a 5DF804FB 		ldr	pc, [sp], #4
 412              	.LVL19:
 413              	.L30:
 414              	.LCFI10:
 415              		.cfi_restore_state
 214:Src/stm32f3xx_hal_msp.c **** 
 416              		.loc 1 214 5 is_stmt 1 view .LVU102
 417              	.LBB8:
 214:Src/stm32f3xx_hal_msp.c **** 
 418              		.loc 1 214 5 view .LVU103
 214:Src/stm32f3xx_hal_msp.c **** 
 419              		.loc 1 214 5 view .LVU104
 420 001e 03F5D633 		add	r3, r3, #109568
 421 0022 DA69     		ldr	r2, [r3, #28]
 422 0024 42F00072 		orr	r2, r2, #33554432
 423 0028 DA61     		str	r2, [r3, #28]
 214:Src/stm32f3xx_hal_msp.c **** 
 424              		.loc 1 214 5 view .LVU105
 425 002a DA69     		ldr	r2, [r3, #28]
 426 002c 02F00072 		and	r2, r2, #33554432
 427 0030 0192     		str	r2, [sp, #4]
 214:Src/stm32f3xx_hal_msp.c **** 
 428              		.loc 1 214 5 view .LVU106
 429 0032 019A     		ldr	r2, [sp, #4]
 430              	.LBE8:
 214:Src/stm32f3xx_hal_msp.c **** 
 431              		.loc 1 214 5 view .LVU107
 216:Src/stm32f3xx_hal_msp.c ****     /**CAN GPIO Configuration
 432              		.loc 1 216 5 view .LVU108
 433              	.LBB9:
 216:Src/stm32f3xx_hal_msp.c ****     /**CAN GPIO Configuration
 434              		.loc 1 216 5 view .LVU109
 216:Src/stm32f3xx_hal_msp.c ****     /**CAN GPIO Configuration
 435              		.loc 1 216 5 view .LVU110
 436 0034 5A69     		ldr	r2, [r3, #20]
 437 0036 42F48022 		orr	r2, r2, #262144
 438 003a 5A61     		str	r2, [r3, #20]
 216:Src/stm32f3xx_hal_msp.c ****     /**CAN GPIO Configuration
 439              		.loc 1 216 5 view .LVU111
 440 003c 5B69     		ldr	r3, [r3, #20]
 441 003e 03F48023 		and	r3, r3, #262144
 442 0042 0293     		str	r3, [sp, #8]
 216:Src/stm32f3xx_hal_msp.c ****     /**CAN GPIO Configuration
 443              		.loc 1 216 5 view .LVU112
ARM GAS  C:\Users\SHUCHE~1\AppData\Local\Temp\ccmXg07Y.s 			page 14


 444 0044 029B     		ldr	r3, [sp, #8]
 445              	.LBE9:
 216:Src/stm32f3xx_hal_msp.c ****     /**CAN GPIO Configuration
 446              		.loc 1 216 5 view .LVU113
 221:Src/stm32f3xx_hal_msp.c ****     GPIO_InitStruct.Mode = GPIO_MODE_AF_PP;
 447              		.loc 1 221 5 view .LVU114
 221:Src/stm32f3xx_hal_msp.c ****     GPIO_InitStruct.Mode = GPIO_MODE_AF_PP;
 448              		.loc 1 221 25 is_stmt 0 view .LVU115
 449 0046 4FF44073 		mov	r3, #768
 450 004a 0393     		str	r3, [sp, #12]
 222:Src/stm32f3xx_hal_msp.c ****     GPIO_InitStruct.Pull = GPIO_NOPULL;
 451              		.loc 1 222 5 is_stmt 1 view .LVU116
 222:Src/stm32f3xx_hal_msp.c ****     GPIO_InitStruct.Pull = GPIO_NOPULL;
 452              		.loc 1 222 26 is_stmt 0 view .LVU117
 453 004c 0223     		movs	r3, #2
 454 004e 0493     		str	r3, [sp, #16]
 223:Src/stm32f3xx_hal_msp.c ****     GPIO_InitStruct.Speed = GPIO_SPEED_FREQ_HIGH;
 455              		.loc 1 223 5 is_stmt 1 view .LVU118
 224:Src/stm32f3xx_hal_msp.c ****     GPIO_InitStruct.Alternate = GPIO_AF9_CAN;
 456              		.loc 1 224 5 view .LVU119
 224:Src/stm32f3xx_hal_msp.c ****     GPIO_InitStruct.Alternate = GPIO_AF9_CAN;
 457              		.loc 1 224 27 is_stmt 0 view .LVU120
 458 0050 0323     		movs	r3, #3
 459 0052 0693     		str	r3, [sp, #24]
 225:Src/stm32f3xx_hal_msp.c ****     HAL_GPIO_Init(GPIOB, &GPIO_InitStruct);
 460              		.loc 1 225 5 is_stmt 1 view .LVU121
 225:Src/stm32f3xx_hal_msp.c ****     HAL_GPIO_Init(GPIOB, &GPIO_InitStruct);
 461              		.loc 1 225 31 is_stmt 0 view .LVU122
 462 0054 0923     		movs	r3, #9
 463 0056 0793     		str	r3, [sp, #28]
 226:Src/stm32f3xx_hal_msp.c **** 
 464              		.loc 1 226 5 is_stmt 1 view .LVU123
 465 0058 03A9     		add	r1, sp, #12
 466 005a 0348     		ldr	r0, .L31+4
 467              	.LVL20:
 226:Src/stm32f3xx_hal_msp.c **** 
 468              		.loc 1 226 5 is_stmt 0 view .LVU124
 469 005c FFF7FEFF 		bl	HAL_GPIO_Init
 470              	.LVL21:
 471              		.loc 1 234 1 view .LVU125
 472 0060 DAE7     		b	.L27
 473              	.L32:
 474 0062 00BF     		.align	2
 475              	.L31:
 476 0064 00640040 		.word	1073767424
 477 0068 00040048 		.word	1207960576
 478              		.cfi_endproc
 479              	.LFE126:
 481              		.section	.text.HAL_CAN_MspDeInit,"ax",%progbits
 482              		.align	1
 483              		.global	HAL_CAN_MspDeInit
 484              		.syntax unified
 485              		.thumb
 486              		.thumb_func
 488              	HAL_CAN_MspDeInit:
 489              	.LVL22:
 490              	.LFB127:
ARM GAS  C:\Users\SHUCHE~1\AppData\Local\Temp\ccmXg07Y.s 			page 15


 235:Src/stm32f3xx_hal_msp.c **** 
 236:Src/stm32f3xx_hal_msp.c **** /**
 237:Src/stm32f3xx_hal_msp.c ****   * @brief CAN MSP De-Initialization
 238:Src/stm32f3xx_hal_msp.c ****   * This function freeze the hardware resources used in this example
 239:Src/stm32f3xx_hal_msp.c ****   * @param hcan: CAN handle pointer
 240:Src/stm32f3xx_hal_msp.c ****   * @retval None
 241:Src/stm32f3xx_hal_msp.c ****   */
 242:Src/stm32f3xx_hal_msp.c **** void HAL_CAN_MspDeInit(CAN_HandleTypeDef* hcan)
 243:Src/stm32f3xx_hal_msp.c **** {
 491              		.loc 1 243 1 is_stmt 1 view -0
 492              		.cfi_startproc
 493              		@ args = 0, pretend = 0, frame = 0
 494              		@ frame_needed = 0, uses_anonymous_args = 0
 495              		.loc 1 243 1 is_stmt 0 view .LVU127
 496 0000 08B5     		push	{r3, lr}
 497              	.LCFI11:
 498              		.cfi_def_cfa_offset 8
 499              		.cfi_offset 3, -8
 500              		.cfi_offset 14, -4
 244:Src/stm32f3xx_hal_msp.c ****   if(hcan->Instance==CAN)
 501              		.loc 1 244 3 is_stmt 1 view .LVU128
 502              		.loc 1 244 10 is_stmt 0 view .LVU129
 503 0002 0268     		ldr	r2, [r0]
 504              		.loc 1 244 5 view .LVU130
 505 0004 074B     		ldr	r3, .L37
 506 0006 9A42     		cmp	r2, r3
 507 0008 00D0     		beq	.L36
 508              	.LVL23:
 509              	.L33:
 245:Src/stm32f3xx_hal_msp.c ****   {
 246:Src/stm32f3xx_hal_msp.c ****     /* USER CODE BEGIN CAN_MspDeInit 0 */
 247:Src/stm32f3xx_hal_msp.c **** 
 248:Src/stm32f3xx_hal_msp.c ****     /* USER CODE END CAN_MspDeInit 0 */
 249:Src/stm32f3xx_hal_msp.c ****     /* Peripheral clock disable */
 250:Src/stm32f3xx_hal_msp.c ****     __HAL_RCC_CAN1_CLK_DISABLE();
 251:Src/stm32f3xx_hal_msp.c **** 
 252:Src/stm32f3xx_hal_msp.c ****     /**CAN GPIO Configuration
 253:Src/stm32f3xx_hal_msp.c ****     PB8     ------> CAN_RX
 254:Src/stm32f3xx_hal_msp.c ****     PB9     ------> CAN_TX
 255:Src/stm32f3xx_hal_msp.c ****     */
 256:Src/stm32f3xx_hal_msp.c ****     HAL_GPIO_DeInit(GPIOB, GPIO_PIN_8|GPIO_PIN_9);
 257:Src/stm32f3xx_hal_msp.c **** 
 258:Src/stm32f3xx_hal_msp.c ****     /* USER CODE BEGIN CAN_MspDeInit 1 */
 259:Src/stm32f3xx_hal_msp.c **** 
 260:Src/stm32f3xx_hal_msp.c ****     /* USER CODE END CAN_MspDeInit 1 */
 261:Src/stm32f3xx_hal_msp.c ****   }
 262:Src/stm32f3xx_hal_msp.c **** 
 263:Src/stm32f3xx_hal_msp.c **** }
 510              		.loc 1 263 1 view .LVU131
 511 000a 08BD     		pop	{r3, pc}
 512              	.LVL24:
 513              	.L36:
 250:Src/stm32f3xx_hal_msp.c **** 
 514              		.loc 1 250 5 is_stmt 1 view .LVU132
 515 000c 064A     		ldr	r2, .L37+4
 516 000e D369     		ldr	r3, [r2, #28]
 517 0010 23F00073 		bic	r3, r3, #33554432
ARM GAS  C:\Users\SHUCHE~1\AppData\Local\Temp\ccmXg07Y.s 			page 16


 518 0014 D361     		str	r3, [r2, #28]
 256:Src/stm32f3xx_hal_msp.c **** 
 519              		.loc 1 256 5 view .LVU133
 520 0016 4FF44071 		mov	r1, #768
 521 001a 0448     		ldr	r0, .L37+8
 522              	.LVL25:
 256:Src/stm32f3xx_hal_msp.c **** 
 523              		.loc 1 256 5 is_stmt 0 view .LVU134
 524 001c FFF7FEFF 		bl	HAL_GPIO_DeInit
 525              	.LVL26:
 526              		.loc 1 263 1 view .LVU135
 527 0020 F3E7     		b	.L33
 528              	.L38:
 529 0022 00BF     		.align	2
 530              	.L37:
 531 0024 00640040 		.word	1073767424
 532 0028 00100240 		.word	1073876992
 533 002c 00040048 		.word	1207960576
 534              		.cfi_endproc
 535              	.LFE127:
 537              		.section	.text.HAL_DAC_MspInit,"ax",%progbits
 538              		.align	1
 539              		.global	HAL_DAC_MspInit
 540              		.syntax unified
 541              		.thumb
 542              		.thumb_func
 544              	HAL_DAC_MspInit:
 545              	.LVL27:
 546              	.LFB128:
 264:Src/stm32f3xx_hal_msp.c **** 
 265:Src/stm32f3xx_hal_msp.c **** /**
 266:Src/stm32f3xx_hal_msp.c ****   * @brief DAC MSP Initialization
 267:Src/stm32f3xx_hal_msp.c ****   * This function configures the hardware resources used in this example
 268:Src/stm32f3xx_hal_msp.c ****   * @param hdac: DAC handle pointer
 269:Src/stm32f3xx_hal_msp.c ****   * @retval None
 270:Src/stm32f3xx_hal_msp.c ****   */
 271:Src/stm32f3xx_hal_msp.c **** void HAL_DAC_MspInit(DAC_HandleTypeDef* hdac)
 272:Src/stm32f3xx_hal_msp.c **** {
 547              		.loc 1 272 1 is_stmt 1 view -0
 548              		.cfi_startproc
 549              		@ args = 0, pretend = 0, frame = 32
 550              		@ frame_needed = 0, uses_anonymous_args = 0
 551              		.loc 1 272 1 is_stmt 0 view .LVU137
 552 0000 00B5     		push	{lr}
 553              	.LCFI12:
 554              		.cfi_def_cfa_offset 4
 555              		.cfi_offset 14, -4
 556 0002 89B0     		sub	sp, sp, #36
 557              	.LCFI13:
 558              		.cfi_def_cfa_offset 40
 273:Src/stm32f3xx_hal_msp.c ****   GPIO_InitTypeDef GPIO_InitStruct = {0};
 559              		.loc 1 273 3 is_stmt 1 view .LVU138
 560              		.loc 1 273 20 is_stmt 0 view .LVU139
 561 0004 0023     		movs	r3, #0
 562 0006 0393     		str	r3, [sp, #12]
 563 0008 0493     		str	r3, [sp, #16]
 564 000a 0593     		str	r3, [sp, #20]
ARM GAS  C:\Users\SHUCHE~1\AppData\Local\Temp\ccmXg07Y.s 			page 17


 565 000c 0693     		str	r3, [sp, #24]
 566 000e 0793     		str	r3, [sp, #28]
 274:Src/stm32f3xx_hal_msp.c ****   if(hdac->Instance==DAC2)
 567              		.loc 1 274 3 is_stmt 1 view .LVU140
 568              		.loc 1 274 10 is_stmt 0 view .LVU141
 569 0010 0268     		ldr	r2, [r0]
 570              		.loc 1 274 5 view .LVU142
 571 0012 124B     		ldr	r3, .L43
 572 0014 9A42     		cmp	r2, r3
 573 0016 02D0     		beq	.L42
 574              	.LVL28:
 575              	.L39:
 275:Src/stm32f3xx_hal_msp.c ****   {
 276:Src/stm32f3xx_hal_msp.c ****     /* USER CODE BEGIN DAC2_MspInit 0 */
 277:Src/stm32f3xx_hal_msp.c **** 
 278:Src/stm32f3xx_hal_msp.c ****     /* USER CODE END DAC2_MspInit 0 */
 279:Src/stm32f3xx_hal_msp.c ****     /* Peripheral clock enable */
 280:Src/stm32f3xx_hal_msp.c ****     __HAL_RCC_DAC2_CLK_ENABLE();
 281:Src/stm32f3xx_hal_msp.c **** 
 282:Src/stm32f3xx_hal_msp.c ****     __HAL_RCC_GPIOA_CLK_ENABLE();
 283:Src/stm32f3xx_hal_msp.c ****     /**DAC2 GPIO Configuration
 284:Src/stm32f3xx_hal_msp.c ****     PA6     ------> DAC2_OUT1
 285:Src/stm32f3xx_hal_msp.c ****     */
 286:Src/stm32f3xx_hal_msp.c ****     GPIO_InitStruct.Pin = DIM3_Pin;
 287:Src/stm32f3xx_hal_msp.c ****     GPIO_InitStruct.Mode = GPIO_MODE_ANALOG;
 288:Src/stm32f3xx_hal_msp.c ****     GPIO_InitStruct.Pull = GPIO_NOPULL;
 289:Src/stm32f3xx_hal_msp.c ****     HAL_GPIO_Init(DIM3_GPIO_Port, &GPIO_InitStruct);
 290:Src/stm32f3xx_hal_msp.c **** 
 291:Src/stm32f3xx_hal_msp.c ****     /* USER CODE BEGIN DAC2_MspInit 1 */
 292:Src/stm32f3xx_hal_msp.c **** 
 293:Src/stm32f3xx_hal_msp.c ****     /* USER CODE END DAC2_MspInit 1 */
 294:Src/stm32f3xx_hal_msp.c **** 
 295:Src/stm32f3xx_hal_msp.c ****   }
 296:Src/stm32f3xx_hal_msp.c **** 
 297:Src/stm32f3xx_hal_msp.c **** }
 576              		.loc 1 297 1 view .LVU143
 577 0018 09B0     		add	sp, sp, #36
 578              	.LCFI14:
 579              		.cfi_remember_state
 580              		.cfi_def_cfa_offset 4
 581              		@ sp needed
 582 001a 5DF804FB 		ldr	pc, [sp], #4
 583              	.LVL29:
 584              	.L42:
 585              	.LCFI15:
 586              		.cfi_restore_state
 280:Src/stm32f3xx_hal_msp.c **** 
 587              		.loc 1 280 5 is_stmt 1 view .LVU144
 588              	.LBB10:
 280:Src/stm32f3xx_hal_msp.c **** 
 589              		.loc 1 280 5 view .LVU145
 280:Src/stm32f3xx_hal_msp.c **** 
 590              		.loc 1 280 5 view .LVU146
 591 001e 03F5BC33 		add	r3, r3, #96256
 592 0022 DA69     		ldr	r2, [r3, #28]
 593 0024 42F08062 		orr	r2, r2, #67108864
 594 0028 DA61     		str	r2, [r3, #28]
ARM GAS  C:\Users\SHUCHE~1\AppData\Local\Temp\ccmXg07Y.s 			page 18


 280:Src/stm32f3xx_hal_msp.c **** 
 595              		.loc 1 280 5 view .LVU147
 596 002a DA69     		ldr	r2, [r3, #28]
 597 002c 02F08062 		and	r2, r2, #67108864
 598 0030 0192     		str	r2, [sp, #4]
 280:Src/stm32f3xx_hal_msp.c **** 
 599              		.loc 1 280 5 view .LVU148
 600 0032 019A     		ldr	r2, [sp, #4]
 601              	.LBE10:
 280:Src/stm32f3xx_hal_msp.c **** 
 602              		.loc 1 280 5 view .LVU149
 282:Src/stm32f3xx_hal_msp.c ****     /**DAC2 GPIO Configuration
 603              		.loc 1 282 5 view .LVU150
 604              	.LBB11:
 282:Src/stm32f3xx_hal_msp.c ****     /**DAC2 GPIO Configuration
 605              		.loc 1 282 5 view .LVU151
 282:Src/stm32f3xx_hal_msp.c ****     /**DAC2 GPIO Configuration
 606              		.loc 1 282 5 view .LVU152
 607 0034 5A69     		ldr	r2, [r3, #20]
 608 0036 42F40032 		orr	r2, r2, #131072
 609 003a 5A61     		str	r2, [r3, #20]
 282:Src/stm32f3xx_hal_msp.c ****     /**DAC2 GPIO Configuration
 610              		.loc 1 282 5 view .LVU153
 611 003c 5B69     		ldr	r3, [r3, #20]
 612 003e 03F40033 		and	r3, r3, #131072
 613 0042 0293     		str	r3, [sp, #8]
 282:Src/stm32f3xx_hal_msp.c ****     /**DAC2 GPIO Configuration
 614              		.loc 1 282 5 view .LVU154
 615 0044 029B     		ldr	r3, [sp, #8]
 616              	.LBE11:
 282:Src/stm32f3xx_hal_msp.c ****     /**DAC2 GPIO Configuration
 617              		.loc 1 282 5 view .LVU155
 286:Src/stm32f3xx_hal_msp.c ****     GPIO_InitStruct.Mode = GPIO_MODE_ANALOG;
 618              		.loc 1 286 5 view .LVU156
 286:Src/stm32f3xx_hal_msp.c ****     GPIO_InitStruct.Mode = GPIO_MODE_ANALOG;
 619              		.loc 1 286 25 is_stmt 0 view .LVU157
 620 0046 4023     		movs	r3, #64
 621 0048 0393     		str	r3, [sp, #12]
 287:Src/stm32f3xx_hal_msp.c ****     GPIO_InitStruct.Pull = GPIO_NOPULL;
 622              		.loc 1 287 5 is_stmt 1 view .LVU158
 287:Src/stm32f3xx_hal_msp.c ****     GPIO_InitStruct.Pull = GPIO_NOPULL;
 623              		.loc 1 287 26 is_stmt 0 view .LVU159
 624 004a 0323     		movs	r3, #3
 625 004c 0493     		str	r3, [sp, #16]
 288:Src/stm32f3xx_hal_msp.c ****     HAL_GPIO_Init(DIM3_GPIO_Port, &GPIO_InitStruct);
 626              		.loc 1 288 5 is_stmt 1 view .LVU160
 289:Src/stm32f3xx_hal_msp.c **** 
 627              		.loc 1 289 5 view .LVU161
 628 004e 03A9     		add	r1, sp, #12
 629 0050 4FF09040 		mov	r0, #1207959552
 630              	.LVL30:
 289:Src/stm32f3xx_hal_msp.c **** 
 631              		.loc 1 289 5 is_stmt 0 view .LVU162
 632 0054 FFF7FEFF 		bl	HAL_GPIO_Init
 633              	.LVL31:
 634              		.loc 1 297 1 view .LVU163
 635 0058 DEE7     		b	.L39
ARM GAS  C:\Users\SHUCHE~1\AppData\Local\Temp\ccmXg07Y.s 			page 19


 636              	.L44:
 637 005a 00BF     		.align	2
 638              	.L43:
 639 005c 00980040 		.word	1073780736
 640              		.cfi_endproc
 641              	.LFE128:
 643              		.section	.text.HAL_DAC_MspDeInit,"ax",%progbits
 644              		.align	1
 645              		.global	HAL_DAC_MspDeInit
 646              		.syntax unified
 647              		.thumb
 648              		.thumb_func
 650              	HAL_DAC_MspDeInit:
 651              	.LVL32:
 652              	.LFB129:
 298:Src/stm32f3xx_hal_msp.c **** 
 299:Src/stm32f3xx_hal_msp.c **** /**
 300:Src/stm32f3xx_hal_msp.c ****   * @brief DAC MSP De-Initialization
 301:Src/stm32f3xx_hal_msp.c ****   * This function freeze the hardware resources used in this example
 302:Src/stm32f3xx_hal_msp.c ****   * @param hdac: DAC handle pointer
 303:Src/stm32f3xx_hal_msp.c ****   * @retval None
 304:Src/stm32f3xx_hal_msp.c ****   */
 305:Src/stm32f3xx_hal_msp.c **** void HAL_DAC_MspDeInit(DAC_HandleTypeDef* hdac)
 306:Src/stm32f3xx_hal_msp.c **** {
 653              		.loc 1 306 1 is_stmt 1 view -0
 654              		.cfi_startproc
 655              		@ args = 0, pretend = 0, frame = 0
 656              		@ frame_needed = 0, uses_anonymous_args = 0
 657              		.loc 1 306 1 is_stmt 0 view .LVU165
 658 0000 08B5     		push	{r3, lr}
 659              	.LCFI16:
 660              		.cfi_def_cfa_offset 8
 661              		.cfi_offset 3, -8
 662              		.cfi_offset 14, -4
 307:Src/stm32f3xx_hal_msp.c ****   if(hdac->Instance==DAC2)
 663              		.loc 1 307 3 is_stmt 1 view .LVU166
 664              		.loc 1 307 10 is_stmt 0 view .LVU167
 665 0002 0268     		ldr	r2, [r0]
 666              		.loc 1 307 5 view .LVU168
 667 0004 074B     		ldr	r3, .L49
 668 0006 9A42     		cmp	r2, r3
 669 0008 00D0     		beq	.L48
 670              	.LVL33:
 671              	.L45:
 308:Src/stm32f3xx_hal_msp.c ****   {
 309:Src/stm32f3xx_hal_msp.c ****     /* USER CODE BEGIN DAC2_MspDeInit 0 */
 310:Src/stm32f3xx_hal_msp.c **** 
 311:Src/stm32f3xx_hal_msp.c ****     /* USER CODE END DAC2_MspDeInit 0 */
 312:Src/stm32f3xx_hal_msp.c ****     /* Peripheral clock disable */
 313:Src/stm32f3xx_hal_msp.c ****     __HAL_RCC_DAC2_CLK_DISABLE();
 314:Src/stm32f3xx_hal_msp.c **** 
 315:Src/stm32f3xx_hal_msp.c ****     /**DAC2 GPIO Configuration
 316:Src/stm32f3xx_hal_msp.c ****     PA6     ------> DAC2_OUT1
 317:Src/stm32f3xx_hal_msp.c ****     */
 318:Src/stm32f3xx_hal_msp.c ****     HAL_GPIO_DeInit(DIM3_GPIO_Port, DIM3_Pin);
 319:Src/stm32f3xx_hal_msp.c **** 
 320:Src/stm32f3xx_hal_msp.c ****     /* USER CODE BEGIN DAC2_MspDeInit 1 */
ARM GAS  C:\Users\SHUCHE~1\AppData\Local\Temp\ccmXg07Y.s 			page 20


 321:Src/stm32f3xx_hal_msp.c **** 
 322:Src/stm32f3xx_hal_msp.c ****     /* USER CODE END DAC2_MspDeInit 1 */
 323:Src/stm32f3xx_hal_msp.c ****   }
 324:Src/stm32f3xx_hal_msp.c **** 
 325:Src/stm32f3xx_hal_msp.c **** }
 672              		.loc 1 325 1 view .LVU169
 673 000a 08BD     		pop	{r3, pc}
 674              	.LVL34:
 675              	.L48:
 313:Src/stm32f3xx_hal_msp.c **** 
 676              		.loc 1 313 5 is_stmt 1 view .LVU170
 677 000c 064A     		ldr	r2, .L49+4
 678 000e D369     		ldr	r3, [r2, #28]
 679 0010 23F08063 		bic	r3, r3, #67108864
 680 0014 D361     		str	r3, [r2, #28]
 318:Src/stm32f3xx_hal_msp.c **** 
 681              		.loc 1 318 5 view .LVU171
 682 0016 4021     		movs	r1, #64
 683 0018 4FF09040 		mov	r0, #1207959552
 684              	.LVL35:
 318:Src/stm32f3xx_hal_msp.c **** 
 685              		.loc 1 318 5 is_stmt 0 view .LVU172
 686 001c FFF7FEFF 		bl	HAL_GPIO_DeInit
 687              	.LVL36:
 688              		.loc 1 325 1 view .LVU173
 689 0020 F3E7     		b	.L45
 690              	.L50:
 691 0022 00BF     		.align	2
 692              	.L49:
 693 0024 00980040 		.word	1073780736
 694 0028 00100240 		.word	1073876992
 695              		.cfi_endproc
 696              	.LFE129:
 698              		.section	.text.HAL_HRTIM_MspInit,"ax",%progbits
 699              		.align	1
 700              		.global	HAL_HRTIM_MspInit
 701              		.syntax unified
 702              		.thumb
 703              		.thumb_func
 705              	HAL_HRTIM_MspInit:
 706              	.LVL37:
 707              	.LFB130:
 326:Src/stm32f3xx_hal_msp.c **** 
 327:Src/stm32f3xx_hal_msp.c **** /**
 328:Src/stm32f3xx_hal_msp.c ****   * @brief HRTIM MSP Initialization
 329:Src/stm32f3xx_hal_msp.c ****   * This function configures the hardware resources used in this example
 330:Src/stm32f3xx_hal_msp.c ****   * @param hhrtim: HRTIM handle pointer
 331:Src/stm32f3xx_hal_msp.c ****   * @retval None
 332:Src/stm32f3xx_hal_msp.c ****   */
 333:Src/stm32f3xx_hal_msp.c **** void HAL_HRTIM_MspInit(HRTIM_HandleTypeDef* hhrtim)
 334:Src/stm32f3xx_hal_msp.c **** {
 708              		.loc 1 334 1 is_stmt 1 view -0
 709              		.cfi_startproc
 710              		@ args = 0, pretend = 0, frame = 8
 711              		@ frame_needed = 0, uses_anonymous_args = 0
 712              		@ link register save eliminated.
 335:Src/stm32f3xx_hal_msp.c ****   if(hhrtim->Instance==HRTIM1)
ARM GAS  C:\Users\SHUCHE~1\AppData\Local\Temp\ccmXg07Y.s 			page 21


 713              		.loc 1 335 3 view .LVU175
 714              		.loc 1 335 12 is_stmt 0 view .LVU176
 715 0000 0268     		ldr	r2, [r0]
 716              		.loc 1 335 5 view .LVU177
 717 0002 094B     		ldr	r3, .L58
 718 0004 9A42     		cmp	r2, r3
 719 0006 00D0     		beq	.L57
 720 0008 7047     		bx	lr
 721              	.L57:
 334:Src/stm32f3xx_hal_msp.c ****   if(hhrtim->Instance==HRTIM1)
 722              		.loc 1 334 1 view .LVU178
 723 000a 82B0     		sub	sp, sp, #8
 724              	.LCFI17:
 725              		.cfi_def_cfa_offset 8
 336:Src/stm32f3xx_hal_msp.c ****   {
 337:Src/stm32f3xx_hal_msp.c ****     /* USER CODE BEGIN HRTIM1_MspInit 0 */
 338:Src/stm32f3xx_hal_msp.c **** 
 339:Src/stm32f3xx_hal_msp.c ****     /* USER CODE END HRTIM1_MspInit 0 */
 340:Src/stm32f3xx_hal_msp.c ****     /* Peripheral clock enable */
 341:Src/stm32f3xx_hal_msp.c ****     __HAL_RCC_HRTIM1_CLK_ENABLE();
 726              		.loc 1 341 5 is_stmt 1 view .LVU179
 727              	.LBB12:
 728              		.loc 1 341 5 view .LVU180
 729              		.loc 1 341 5 view .LVU181
 730 000c 03F51C43 		add	r3, r3, #39936
 731 0010 9A69     		ldr	r2, [r3, #24]
 732 0012 42F00052 		orr	r2, r2, #536870912
 733 0016 9A61     		str	r2, [r3, #24]
 734              		.loc 1 341 5 view .LVU182
 735 0018 9B69     		ldr	r3, [r3, #24]
 736 001a 03F00053 		and	r3, r3, #536870912
 737 001e 0193     		str	r3, [sp, #4]
 738              		.loc 1 341 5 view .LVU183
 739 0020 019B     		ldr	r3, [sp, #4]
 740              	.LBE12:
 741              		.loc 1 341 5 view .LVU184
 342:Src/stm32f3xx_hal_msp.c ****     /* USER CODE BEGIN HRTIM1_MspInit 1 */
 343:Src/stm32f3xx_hal_msp.c **** 
 344:Src/stm32f3xx_hal_msp.c ****     /* USER CODE END HRTIM1_MspInit 1 */
 345:Src/stm32f3xx_hal_msp.c **** 
 346:Src/stm32f3xx_hal_msp.c ****   }
 347:Src/stm32f3xx_hal_msp.c **** 
 348:Src/stm32f3xx_hal_msp.c **** }
 742              		.loc 1 348 1 is_stmt 0 view .LVU185
 743 0022 02B0     		add	sp, sp, #8
 744              	.LCFI18:
 745              		.cfi_def_cfa_offset 0
 746              		@ sp needed
 747 0024 7047     		bx	lr
 748              	.L59:
 749 0026 00BF     		.align	2
 750              	.L58:
 751 0028 00740140 		.word	1073837056
 752              		.cfi_endproc
 753              	.LFE130:
 755              		.section	.text.HAL_HRTIM_MspPostInit,"ax",%progbits
 756              		.align	1
ARM GAS  C:\Users\SHUCHE~1\AppData\Local\Temp\ccmXg07Y.s 			page 22


 757              		.global	HAL_HRTIM_MspPostInit
 758              		.syntax unified
 759              		.thumb
 760              		.thumb_func
 762              	HAL_HRTIM_MspPostInit:
 763              	.LVL38:
 764              	.LFB131:
 349:Src/stm32f3xx_hal_msp.c **** 
 350:Src/stm32f3xx_hal_msp.c **** void HAL_HRTIM_MspPostInit(HRTIM_HandleTypeDef* hhrtim)
 351:Src/stm32f3xx_hal_msp.c **** {
 765              		.loc 1 351 1 is_stmt 1 view -0
 766              		.cfi_startproc
 767              		@ args = 0, pretend = 0, frame = 24
 768              		@ frame_needed = 0, uses_anonymous_args = 0
 769              		.loc 1 351 1 is_stmt 0 view .LVU187
 770 0000 00B5     		push	{lr}
 771              	.LCFI19:
 772              		.cfi_def_cfa_offset 4
 773              		.cfi_offset 14, -4
 774 0002 87B0     		sub	sp, sp, #28
 775              	.LCFI20:
 776              		.cfi_def_cfa_offset 32
 352:Src/stm32f3xx_hal_msp.c ****   GPIO_InitTypeDef GPIO_InitStruct = {0};
 777              		.loc 1 352 3 is_stmt 1 view .LVU188
 778              		.loc 1 352 20 is_stmt 0 view .LVU189
 779 0004 0023     		movs	r3, #0
 780 0006 0193     		str	r3, [sp, #4]
 781 0008 0293     		str	r3, [sp, #8]
 782 000a 0393     		str	r3, [sp, #12]
 783 000c 0493     		str	r3, [sp, #16]
 784 000e 0593     		str	r3, [sp, #20]
 353:Src/stm32f3xx_hal_msp.c ****   if(hhrtim->Instance==HRTIM1)
 785              		.loc 1 353 3 is_stmt 1 view .LVU190
 786              		.loc 1 353 12 is_stmt 0 view .LVU191
 787 0010 0268     		ldr	r2, [r0]
 788              		.loc 1 353 5 view .LVU192
 789 0012 104B     		ldr	r3, .L64
 790 0014 9A42     		cmp	r2, r3
 791 0016 02D0     		beq	.L63
 792              	.LVL39:
 793              	.L60:
 354:Src/stm32f3xx_hal_msp.c ****   {
 355:Src/stm32f3xx_hal_msp.c ****     /* USER CODE BEGIN HRTIM1_MspPostInit 0 */
 356:Src/stm32f3xx_hal_msp.c **** 
 357:Src/stm32f3xx_hal_msp.c ****     /* USER CODE END HRTIM1_MspPostInit 0 */
 358:Src/stm32f3xx_hal_msp.c **** 
 359:Src/stm32f3xx_hal_msp.c ****     __HAL_RCC_GPIOA_CLK_ENABLE();
 360:Src/stm32f3xx_hal_msp.c ****     /**HRTIM1 GPIO Configuration
 361:Src/stm32f3xx_hal_msp.c ****     PA9     ------> HRTIM1_CHA2
 362:Src/stm32f3xx_hal_msp.c ****     PA11     ------> HRTIM1_CHB2
 363:Src/stm32f3xx_hal_msp.c ****     */
 364:Src/stm32f3xx_hal_msp.c ****     GPIO_InitStruct.Pin = DIM1_1_Pin|DIM1_2_Pin;
 365:Src/stm32f3xx_hal_msp.c ****     GPIO_InitStruct.Mode = GPIO_MODE_AF_PP;
 366:Src/stm32f3xx_hal_msp.c ****     GPIO_InitStruct.Pull = GPIO_NOPULL;
 367:Src/stm32f3xx_hal_msp.c ****     GPIO_InitStruct.Speed = GPIO_SPEED_FREQ_HIGH;
 368:Src/stm32f3xx_hal_msp.c ****     GPIO_InitStruct.Alternate = GPIO_AF13_HRTIM1;
 369:Src/stm32f3xx_hal_msp.c ****     HAL_GPIO_Init(GPIOA, &GPIO_InitStruct);
ARM GAS  C:\Users\SHUCHE~1\AppData\Local\Temp\ccmXg07Y.s 			page 23


 370:Src/stm32f3xx_hal_msp.c **** 
 371:Src/stm32f3xx_hal_msp.c ****     /* USER CODE BEGIN HRTIM1_MspPostInit 1 */
 372:Src/stm32f3xx_hal_msp.c **** 
 373:Src/stm32f3xx_hal_msp.c ****     /* USER CODE END HRTIM1_MspPostInit 1 */
 374:Src/stm32f3xx_hal_msp.c ****   }
 375:Src/stm32f3xx_hal_msp.c **** 
 376:Src/stm32f3xx_hal_msp.c **** }
 794              		.loc 1 376 1 view .LVU193
 795 0018 07B0     		add	sp, sp, #28
 796              	.LCFI21:
 797              		.cfi_remember_state
 798              		.cfi_def_cfa_offset 4
 799              		@ sp needed
 800 001a 5DF804FB 		ldr	pc, [sp], #4
 801              	.LVL40:
 802              	.L63:
 803              	.LCFI22:
 804              		.cfi_restore_state
 359:Src/stm32f3xx_hal_msp.c ****     /**HRTIM1 GPIO Configuration
 805              		.loc 1 359 5 is_stmt 1 view .LVU194
 806              	.LBB13:
 359:Src/stm32f3xx_hal_msp.c ****     /**HRTIM1 GPIO Configuration
 807              		.loc 1 359 5 view .LVU195
 359:Src/stm32f3xx_hal_msp.c ****     /**HRTIM1 GPIO Configuration
 808              		.loc 1 359 5 view .LVU196
 809 001e 03F51C43 		add	r3, r3, #39936
 810 0022 5A69     		ldr	r2, [r3, #20]
 811 0024 42F40032 		orr	r2, r2, #131072
 812 0028 5A61     		str	r2, [r3, #20]
 359:Src/stm32f3xx_hal_msp.c ****     /**HRTIM1 GPIO Configuration
 813              		.loc 1 359 5 view .LVU197
 814 002a 5B69     		ldr	r3, [r3, #20]
 815 002c 03F40033 		and	r3, r3, #131072
 816 0030 0093     		str	r3, [sp]
 359:Src/stm32f3xx_hal_msp.c ****     /**HRTIM1 GPIO Configuration
 817              		.loc 1 359 5 view .LVU198
 818 0032 009B     		ldr	r3, [sp]
 819              	.LBE13:
 359:Src/stm32f3xx_hal_msp.c ****     /**HRTIM1 GPIO Configuration
 820              		.loc 1 359 5 view .LVU199
 364:Src/stm32f3xx_hal_msp.c ****     GPIO_InitStruct.Mode = GPIO_MODE_AF_PP;
 821              		.loc 1 364 5 view .LVU200
 364:Src/stm32f3xx_hal_msp.c ****     GPIO_InitStruct.Mode = GPIO_MODE_AF_PP;
 822              		.loc 1 364 25 is_stmt 0 view .LVU201
 823 0034 4FF42063 		mov	r3, #2560
 824 0038 0193     		str	r3, [sp, #4]
 365:Src/stm32f3xx_hal_msp.c ****     GPIO_InitStruct.Pull = GPIO_NOPULL;
 825              		.loc 1 365 5 is_stmt 1 view .LVU202
 365:Src/stm32f3xx_hal_msp.c ****     GPIO_InitStruct.Pull = GPIO_NOPULL;
 826              		.loc 1 365 26 is_stmt 0 view .LVU203
 827 003a 0223     		movs	r3, #2
 828 003c 0293     		str	r3, [sp, #8]
 366:Src/stm32f3xx_hal_msp.c ****     GPIO_InitStruct.Speed = GPIO_SPEED_FREQ_HIGH;
 829              		.loc 1 366 5 is_stmt 1 view .LVU204
 367:Src/stm32f3xx_hal_msp.c ****     GPIO_InitStruct.Alternate = GPIO_AF13_HRTIM1;
 830              		.loc 1 367 5 view .LVU205
 367:Src/stm32f3xx_hal_msp.c ****     GPIO_InitStruct.Alternate = GPIO_AF13_HRTIM1;
ARM GAS  C:\Users\SHUCHE~1\AppData\Local\Temp\ccmXg07Y.s 			page 24


 831              		.loc 1 367 27 is_stmt 0 view .LVU206
 832 003e 0323     		movs	r3, #3
 833 0040 0493     		str	r3, [sp, #16]
 368:Src/stm32f3xx_hal_msp.c ****     HAL_GPIO_Init(GPIOA, &GPIO_InitStruct);
 834              		.loc 1 368 5 is_stmt 1 view .LVU207
 368:Src/stm32f3xx_hal_msp.c ****     HAL_GPIO_Init(GPIOA, &GPIO_InitStruct);
 835              		.loc 1 368 31 is_stmt 0 view .LVU208
 836 0042 0D23     		movs	r3, #13
 837 0044 0593     		str	r3, [sp, #20]
 369:Src/stm32f3xx_hal_msp.c **** 
 838              		.loc 1 369 5 is_stmt 1 view .LVU209
 839 0046 01A9     		add	r1, sp, #4
 840 0048 4FF09040 		mov	r0, #1207959552
 841              	.LVL41:
 369:Src/stm32f3xx_hal_msp.c **** 
 842              		.loc 1 369 5 is_stmt 0 view .LVU210
 843 004c FFF7FEFF 		bl	HAL_GPIO_Init
 844              	.LVL42:
 845              		.loc 1 376 1 view .LVU211
 846 0050 E2E7     		b	.L60
 847              	.L65:
 848 0052 00BF     		.align	2
 849              	.L64:
 850 0054 00740140 		.word	1073837056
 851              		.cfi_endproc
 852              	.LFE131:
 854              		.section	.text.HAL_HRTIM_MspDeInit,"ax",%progbits
 855              		.align	1
 856              		.global	HAL_HRTIM_MspDeInit
 857              		.syntax unified
 858              		.thumb
 859              		.thumb_func
 861              	HAL_HRTIM_MspDeInit:
 862              	.LVL43:
 863              	.LFB132:
 377:Src/stm32f3xx_hal_msp.c **** /**
 378:Src/stm32f3xx_hal_msp.c ****   * @brief HRTIM MSP De-Initialization
 379:Src/stm32f3xx_hal_msp.c ****   * This function freeze the hardware resources used in this example
 380:Src/stm32f3xx_hal_msp.c ****   * @param hhrtim: HRTIM handle pointer
 381:Src/stm32f3xx_hal_msp.c ****   * @retval None
 382:Src/stm32f3xx_hal_msp.c ****   */
 383:Src/stm32f3xx_hal_msp.c **** void HAL_HRTIM_MspDeInit(HRTIM_HandleTypeDef* hhrtim)
 384:Src/stm32f3xx_hal_msp.c **** {
 864              		.loc 1 384 1 is_stmt 1 view -0
 865              		.cfi_startproc
 866              		@ args = 0, pretend = 0, frame = 0
 867              		@ frame_needed = 0, uses_anonymous_args = 0
 868              		@ link register save eliminated.
 385:Src/stm32f3xx_hal_msp.c ****   if(hhrtim->Instance==HRTIM1)
 869              		.loc 1 385 3 view .LVU213
 870              		.loc 1 385 12 is_stmt 0 view .LVU214
 871 0000 0268     		ldr	r2, [r0]
 872              		.loc 1 385 5 view .LVU215
 873 0002 054B     		ldr	r3, .L69
 874 0004 9A42     		cmp	r2, r3
 875 0006 00D0     		beq	.L68
 876              	.L66:
ARM GAS  C:\Users\SHUCHE~1\AppData\Local\Temp\ccmXg07Y.s 			page 25


 386:Src/stm32f3xx_hal_msp.c ****   {
 387:Src/stm32f3xx_hal_msp.c ****     /* USER CODE BEGIN HRTIM1_MspDeInit 0 */
 388:Src/stm32f3xx_hal_msp.c **** 
 389:Src/stm32f3xx_hal_msp.c ****     /* USER CODE END HRTIM1_MspDeInit 0 */
 390:Src/stm32f3xx_hal_msp.c ****     /* Peripheral clock disable */
 391:Src/stm32f3xx_hal_msp.c ****     __HAL_RCC_HRTIM1_CLK_DISABLE();
 392:Src/stm32f3xx_hal_msp.c ****     /* USER CODE BEGIN HRTIM1_MspDeInit 1 */
 393:Src/stm32f3xx_hal_msp.c **** 
 394:Src/stm32f3xx_hal_msp.c ****     /* USER CODE END HRTIM1_MspDeInit 1 */
 395:Src/stm32f3xx_hal_msp.c ****   }
 396:Src/stm32f3xx_hal_msp.c **** 
 397:Src/stm32f3xx_hal_msp.c **** }
 877              		.loc 1 397 1 view .LVU216
 878 0008 7047     		bx	lr
 879              	.L68:
 391:Src/stm32f3xx_hal_msp.c ****     /* USER CODE BEGIN HRTIM1_MspDeInit 1 */
 880              		.loc 1 391 5 is_stmt 1 view .LVU217
 881 000a 044A     		ldr	r2, .L69+4
 882 000c 9369     		ldr	r3, [r2, #24]
 883 000e 23F00053 		bic	r3, r3, #536870912
 884 0012 9361     		str	r3, [r2, #24]
 885              		.loc 1 397 1 is_stmt 0 view .LVU218
 886 0014 F8E7     		b	.L66
 887              	.L70:
 888 0016 00BF     		.align	2
 889              	.L69:
 890 0018 00740140 		.word	1073837056
 891 001c 00100240 		.word	1073876992
 892              		.cfi_endproc
 893              	.LFE132:
 895              		.section	.text.HAL_UART_MspInit,"ax",%progbits
 896              		.align	1
 897              		.global	HAL_UART_MspInit
 898              		.syntax unified
 899              		.thumb
 900              		.thumb_func
 902              	HAL_UART_MspInit:
 903              	.LVL44:
 904              	.LFB133:
 398:Src/stm32f3xx_hal_msp.c **** 
 399:Src/stm32f3xx_hal_msp.c **** /**
 400:Src/stm32f3xx_hal_msp.c ****   * @brief UART MSP Initialization
 401:Src/stm32f3xx_hal_msp.c ****   * This function configures the hardware resources used in this example
 402:Src/stm32f3xx_hal_msp.c ****   * @param huart: UART handle pointer
 403:Src/stm32f3xx_hal_msp.c ****   * @retval None
 404:Src/stm32f3xx_hal_msp.c ****   */
 405:Src/stm32f3xx_hal_msp.c **** void HAL_UART_MspInit(UART_HandleTypeDef* huart)
 406:Src/stm32f3xx_hal_msp.c **** {
 905              		.loc 1 406 1 is_stmt 1 view -0
 906              		.cfi_startproc
 907              		@ args = 0, pretend = 0, frame = 40
 908              		@ frame_needed = 0, uses_anonymous_args = 0
 909              		.loc 1 406 1 is_stmt 0 view .LVU220
 910 0000 00B5     		push	{lr}
 911              	.LCFI23:
 912              		.cfi_def_cfa_offset 4
 913              		.cfi_offset 14, -4
ARM GAS  C:\Users\SHUCHE~1\AppData\Local\Temp\ccmXg07Y.s 			page 26


 914 0002 8BB0     		sub	sp, sp, #44
 915              	.LCFI24:
 916              		.cfi_def_cfa_offset 48
 407:Src/stm32f3xx_hal_msp.c ****   GPIO_InitTypeDef GPIO_InitStruct = {0};
 917              		.loc 1 407 3 is_stmt 1 view .LVU221
 918              		.loc 1 407 20 is_stmt 0 view .LVU222
 919 0004 0023     		movs	r3, #0
 920 0006 0593     		str	r3, [sp, #20]
 921 0008 0693     		str	r3, [sp, #24]
 922 000a 0793     		str	r3, [sp, #28]
 923 000c 0893     		str	r3, [sp, #32]
 924 000e 0993     		str	r3, [sp, #36]
 408:Src/stm32f3xx_hal_msp.c ****   if(huart->Instance==USART1)
 925              		.loc 1 408 3 is_stmt 1 view .LVU223
 926              		.loc 1 408 11 is_stmt 0 view .LVU224
 927 0010 0368     		ldr	r3, [r0]
 928              		.loc 1 408 5 view .LVU225
 929 0012 254A     		ldr	r2, .L77
 930 0014 9342     		cmp	r3, r2
 931 0016 05D0     		beq	.L75
 409:Src/stm32f3xx_hal_msp.c ****   {
 410:Src/stm32f3xx_hal_msp.c ****     /* USER CODE BEGIN USART1_MspInit 0 */
 411:Src/stm32f3xx_hal_msp.c **** 
 412:Src/stm32f3xx_hal_msp.c ****     /* USER CODE END USART1_MspInit 0 */
 413:Src/stm32f3xx_hal_msp.c ****     /* Peripheral clock enable */
 414:Src/stm32f3xx_hal_msp.c ****     __HAL_RCC_USART1_CLK_ENABLE();
 415:Src/stm32f3xx_hal_msp.c **** 
 416:Src/stm32f3xx_hal_msp.c ****     __HAL_RCC_GPIOB_CLK_ENABLE();
 417:Src/stm32f3xx_hal_msp.c ****     /**USART1 GPIO Configuration
 418:Src/stm32f3xx_hal_msp.c ****     PB6     ------> USART1_TX
 419:Src/stm32f3xx_hal_msp.c ****     PB7     ------> USART1_RX
 420:Src/stm32f3xx_hal_msp.c ****     */
 421:Src/stm32f3xx_hal_msp.c ****     GPIO_InitStruct.Pin = DIM2_Pin|DEC_PB7_Pin;
 422:Src/stm32f3xx_hal_msp.c ****     GPIO_InitStruct.Mode = GPIO_MODE_AF_PP;
 423:Src/stm32f3xx_hal_msp.c ****     GPIO_InitStruct.Pull = GPIO_NOPULL;
 424:Src/stm32f3xx_hal_msp.c ****     GPIO_InitStruct.Speed = GPIO_SPEED_FREQ_HIGH;
 425:Src/stm32f3xx_hal_msp.c ****     GPIO_InitStruct.Alternate = GPIO_AF7_USART1;
 426:Src/stm32f3xx_hal_msp.c ****     HAL_GPIO_Init(GPIOB, &GPIO_InitStruct);
 427:Src/stm32f3xx_hal_msp.c **** 
 428:Src/stm32f3xx_hal_msp.c ****     /* USER CODE BEGIN USART1_MspInit 1 */
 429:Src/stm32f3xx_hal_msp.c **** 
 430:Src/stm32f3xx_hal_msp.c ****     /* USER CODE END USART1_MspInit 1 */
 431:Src/stm32f3xx_hal_msp.c ****   }
 432:Src/stm32f3xx_hal_msp.c ****   else if(huart->Instance==USART3)
 932              		.loc 1 432 8 is_stmt 1 view .LVU226
 933              		.loc 1 432 10 is_stmt 0 view .LVU227
 934 0018 244A     		ldr	r2, .L77+4
 935 001a 9342     		cmp	r3, r2
 936 001c 22D0     		beq	.L76
 937              	.LVL45:
 938              	.L71:
 433:Src/stm32f3xx_hal_msp.c ****   {
 434:Src/stm32f3xx_hal_msp.c ****     /* USER CODE BEGIN USART3_MspInit 0 */
 435:Src/stm32f3xx_hal_msp.c **** 
 436:Src/stm32f3xx_hal_msp.c ****     /* USER CODE END USART3_MspInit 0 */
 437:Src/stm32f3xx_hal_msp.c ****     /* Peripheral clock enable */
 438:Src/stm32f3xx_hal_msp.c ****     __HAL_RCC_USART3_CLK_ENABLE();
ARM GAS  C:\Users\SHUCHE~1\AppData\Local\Temp\ccmXg07Y.s 			page 27


 439:Src/stm32f3xx_hal_msp.c **** 
 440:Src/stm32f3xx_hal_msp.c ****     __HAL_RCC_GPIOB_CLK_ENABLE();
 441:Src/stm32f3xx_hal_msp.c ****     /**USART3 GPIO Configuration
 442:Src/stm32f3xx_hal_msp.c ****     PB10     ------> USART3_TX
 443:Src/stm32f3xx_hal_msp.c ****     PB11     ------> USART3_RX
 444:Src/stm32f3xx_hal_msp.c ****     */
 445:Src/stm32f3xx_hal_msp.c ****     GPIO_InitStruct.Pin = GPIO_PIN_10|GPIO_PIN_11;
 446:Src/stm32f3xx_hal_msp.c ****     GPIO_InitStruct.Mode = GPIO_MODE_AF_PP;
 447:Src/stm32f3xx_hal_msp.c ****     GPIO_InitStruct.Pull = GPIO_NOPULL;
 448:Src/stm32f3xx_hal_msp.c ****     GPIO_InitStruct.Speed = GPIO_SPEED_FREQ_HIGH;
 449:Src/stm32f3xx_hal_msp.c ****     GPIO_InitStruct.Alternate = GPIO_AF7_USART3;
 450:Src/stm32f3xx_hal_msp.c ****     HAL_GPIO_Init(GPIOB, &GPIO_InitStruct);
 451:Src/stm32f3xx_hal_msp.c **** 
 452:Src/stm32f3xx_hal_msp.c ****     /* USER CODE BEGIN USART3_MspInit 1 */
 453:Src/stm32f3xx_hal_msp.c **** 
 454:Src/stm32f3xx_hal_msp.c ****     /* USER CODE END USART3_MspInit 1 */
 455:Src/stm32f3xx_hal_msp.c ****   }
 456:Src/stm32f3xx_hal_msp.c **** 
 457:Src/stm32f3xx_hal_msp.c **** }
 939              		.loc 1 457 1 view .LVU228
 940 001e 0BB0     		add	sp, sp, #44
 941              	.LCFI25:
 942              		.cfi_remember_state
 943              		.cfi_def_cfa_offset 4
 944              		@ sp needed
 945 0020 5DF804FB 		ldr	pc, [sp], #4
 946              	.LVL46:
 947              	.L75:
 948              	.LCFI26:
 949              		.cfi_restore_state
 414:Src/stm32f3xx_hal_msp.c **** 
 950              		.loc 1 414 5 is_stmt 1 view .LVU229
 951              	.LBB14:
 414:Src/stm32f3xx_hal_msp.c **** 
 952              		.loc 1 414 5 view .LVU230
 414:Src/stm32f3xx_hal_msp.c **** 
 953              		.loc 1 414 5 view .LVU231
 954 0024 224B     		ldr	r3, .L77+8
 955 0026 9A69     		ldr	r2, [r3, #24]
 956 0028 42F48042 		orr	r2, r2, #16384
 957 002c 9A61     		str	r2, [r3, #24]
 414:Src/stm32f3xx_hal_msp.c **** 
 958              		.loc 1 414 5 view .LVU232
 959 002e 9A69     		ldr	r2, [r3, #24]
 960 0030 02F48042 		and	r2, r2, #16384
 961 0034 0192     		str	r2, [sp, #4]
 414:Src/stm32f3xx_hal_msp.c **** 
 962              		.loc 1 414 5 view .LVU233
 963 0036 019A     		ldr	r2, [sp, #4]
 964              	.LBE14:
 414:Src/stm32f3xx_hal_msp.c **** 
 965              		.loc 1 414 5 view .LVU234
 416:Src/stm32f3xx_hal_msp.c ****     /**USART1 GPIO Configuration
 966              		.loc 1 416 5 view .LVU235
 967              	.LBB15:
 416:Src/stm32f3xx_hal_msp.c ****     /**USART1 GPIO Configuration
 968              		.loc 1 416 5 view .LVU236
ARM GAS  C:\Users\SHUCHE~1\AppData\Local\Temp\ccmXg07Y.s 			page 28


 416:Src/stm32f3xx_hal_msp.c ****     /**USART1 GPIO Configuration
 969              		.loc 1 416 5 view .LVU237
 970 0038 5A69     		ldr	r2, [r3, #20]
 971 003a 42F48022 		orr	r2, r2, #262144
 972 003e 5A61     		str	r2, [r3, #20]
 416:Src/stm32f3xx_hal_msp.c ****     /**USART1 GPIO Configuration
 973              		.loc 1 416 5 view .LVU238
 974 0040 5B69     		ldr	r3, [r3, #20]
 975 0042 03F48023 		and	r3, r3, #262144
 976 0046 0293     		str	r3, [sp, #8]
 416:Src/stm32f3xx_hal_msp.c ****     /**USART1 GPIO Configuration
 977              		.loc 1 416 5 view .LVU239
 978 0048 029B     		ldr	r3, [sp, #8]
 979              	.LBE15:
 416:Src/stm32f3xx_hal_msp.c ****     /**USART1 GPIO Configuration
 980              		.loc 1 416 5 view .LVU240
 421:Src/stm32f3xx_hal_msp.c ****     GPIO_InitStruct.Mode = GPIO_MODE_AF_PP;
 981              		.loc 1 421 5 view .LVU241
 421:Src/stm32f3xx_hal_msp.c ****     GPIO_InitStruct.Mode = GPIO_MODE_AF_PP;
 982              		.loc 1 421 25 is_stmt 0 view .LVU242
 983 004a C023     		movs	r3, #192
 984 004c 0593     		str	r3, [sp, #20]
 422:Src/stm32f3xx_hal_msp.c ****     GPIO_InitStruct.Pull = GPIO_NOPULL;
 985              		.loc 1 422 5 is_stmt 1 view .LVU243
 422:Src/stm32f3xx_hal_msp.c ****     GPIO_InitStruct.Pull = GPIO_NOPULL;
 986              		.loc 1 422 26 is_stmt 0 view .LVU244
 987 004e 0223     		movs	r3, #2
 988 0050 0693     		str	r3, [sp, #24]
 423:Src/stm32f3xx_hal_msp.c ****     GPIO_InitStruct.Speed = GPIO_SPEED_FREQ_HIGH;
 989              		.loc 1 423 5 is_stmt 1 view .LVU245
 424:Src/stm32f3xx_hal_msp.c ****     GPIO_InitStruct.Alternate = GPIO_AF7_USART1;
 990              		.loc 1 424 5 view .LVU246
 424:Src/stm32f3xx_hal_msp.c ****     GPIO_InitStruct.Alternate = GPIO_AF7_USART1;
 991              		.loc 1 424 27 is_stmt 0 view .LVU247
 992 0052 0323     		movs	r3, #3
 993 0054 0893     		str	r3, [sp, #32]
 425:Src/stm32f3xx_hal_msp.c ****     HAL_GPIO_Init(GPIOB, &GPIO_InitStruct);
 994              		.loc 1 425 5 is_stmt 1 view .LVU248
 425:Src/stm32f3xx_hal_msp.c ****     HAL_GPIO_Init(GPIOB, &GPIO_InitStruct);
 995              		.loc 1 425 31 is_stmt 0 view .LVU249
 996 0056 0723     		movs	r3, #7
 997 0058 0993     		str	r3, [sp, #36]
 426:Src/stm32f3xx_hal_msp.c **** 
 998              		.loc 1 426 5 is_stmt 1 view .LVU250
 999 005a 05A9     		add	r1, sp, #20
 1000 005c 1548     		ldr	r0, .L77+12
 1001              	.LVL47:
 426:Src/stm32f3xx_hal_msp.c **** 
 1002              		.loc 1 426 5 is_stmt 0 view .LVU251
 1003 005e FFF7FEFF 		bl	HAL_GPIO_Init
 1004              	.LVL48:
 1005 0062 DCE7     		b	.L71
 1006              	.LVL49:
 1007              	.L76:
 438:Src/stm32f3xx_hal_msp.c **** 
 1008              		.loc 1 438 5 is_stmt 1 view .LVU252
 1009              	.LBB16:
ARM GAS  C:\Users\SHUCHE~1\AppData\Local\Temp\ccmXg07Y.s 			page 29


 438:Src/stm32f3xx_hal_msp.c **** 
 1010              		.loc 1 438 5 view .LVU253
 438:Src/stm32f3xx_hal_msp.c **** 
 1011              		.loc 1 438 5 view .LVU254
 1012 0064 124B     		ldr	r3, .L77+8
 1013 0066 DA69     		ldr	r2, [r3, #28]
 1014 0068 42F48022 		orr	r2, r2, #262144
 1015 006c DA61     		str	r2, [r3, #28]
 438:Src/stm32f3xx_hal_msp.c **** 
 1016              		.loc 1 438 5 view .LVU255
 1017 006e DA69     		ldr	r2, [r3, #28]
 1018 0070 02F48022 		and	r2, r2, #262144
 1019 0074 0392     		str	r2, [sp, #12]
 438:Src/stm32f3xx_hal_msp.c **** 
 1020              		.loc 1 438 5 view .LVU256
 1021 0076 039A     		ldr	r2, [sp, #12]
 1022              	.LBE16:
 438:Src/stm32f3xx_hal_msp.c **** 
 1023              		.loc 1 438 5 view .LVU257
 440:Src/stm32f3xx_hal_msp.c ****     /**USART3 GPIO Configuration
 1024              		.loc 1 440 5 view .LVU258
 1025              	.LBB17:
 440:Src/stm32f3xx_hal_msp.c ****     /**USART3 GPIO Configuration
 1026              		.loc 1 440 5 view .LVU259
 440:Src/stm32f3xx_hal_msp.c ****     /**USART3 GPIO Configuration
 1027              		.loc 1 440 5 view .LVU260
 1028 0078 5A69     		ldr	r2, [r3, #20]
 1029 007a 42F48022 		orr	r2, r2, #262144
 1030 007e 5A61     		str	r2, [r3, #20]
 440:Src/stm32f3xx_hal_msp.c ****     /**USART3 GPIO Configuration
 1031              		.loc 1 440 5 view .LVU261
 1032 0080 5B69     		ldr	r3, [r3, #20]
 1033 0082 03F48023 		and	r3, r3, #262144
 1034 0086 0493     		str	r3, [sp, #16]
 440:Src/stm32f3xx_hal_msp.c ****     /**USART3 GPIO Configuration
 1035              		.loc 1 440 5 view .LVU262
 1036 0088 049B     		ldr	r3, [sp, #16]
 1037              	.LBE17:
 440:Src/stm32f3xx_hal_msp.c ****     /**USART3 GPIO Configuration
 1038              		.loc 1 440 5 view .LVU263
 445:Src/stm32f3xx_hal_msp.c ****     GPIO_InitStruct.Mode = GPIO_MODE_AF_PP;
 1039              		.loc 1 445 5 view .LVU264
 445:Src/stm32f3xx_hal_msp.c ****     GPIO_InitStruct.Mode = GPIO_MODE_AF_PP;
 1040              		.loc 1 445 25 is_stmt 0 view .LVU265
 1041 008a 4FF44063 		mov	r3, #3072
 1042 008e 0593     		str	r3, [sp, #20]
 446:Src/stm32f3xx_hal_msp.c ****     GPIO_InitStruct.Pull = GPIO_NOPULL;
 1043              		.loc 1 446 5 is_stmt 1 view .LVU266
 446:Src/stm32f3xx_hal_msp.c ****     GPIO_InitStruct.Pull = GPIO_NOPULL;
 1044              		.loc 1 446 26 is_stmt 0 view .LVU267
 1045 0090 0223     		movs	r3, #2
 1046 0092 0693     		str	r3, [sp, #24]
 447:Src/stm32f3xx_hal_msp.c ****     GPIO_InitStruct.Speed = GPIO_SPEED_FREQ_HIGH;
 1047              		.loc 1 447 5 is_stmt 1 view .LVU268
 448:Src/stm32f3xx_hal_msp.c ****     GPIO_InitStruct.Alternate = GPIO_AF7_USART3;
 1048              		.loc 1 448 5 view .LVU269
 448:Src/stm32f3xx_hal_msp.c ****     GPIO_InitStruct.Alternate = GPIO_AF7_USART3;
ARM GAS  C:\Users\SHUCHE~1\AppData\Local\Temp\ccmXg07Y.s 			page 30


 1049              		.loc 1 448 27 is_stmt 0 view .LVU270
 1050 0094 0323     		movs	r3, #3
 1051 0096 0893     		str	r3, [sp, #32]
 449:Src/stm32f3xx_hal_msp.c ****     HAL_GPIO_Init(GPIOB, &GPIO_InitStruct);
 1052              		.loc 1 449 5 is_stmt 1 view .LVU271
 449:Src/stm32f3xx_hal_msp.c ****     HAL_GPIO_Init(GPIOB, &GPIO_InitStruct);
 1053              		.loc 1 449 31 is_stmt 0 view .LVU272
 1054 0098 0723     		movs	r3, #7
 1055 009a 0993     		str	r3, [sp, #36]
 450:Src/stm32f3xx_hal_msp.c **** 
 1056              		.loc 1 450 5 is_stmt 1 view .LVU273
 1057 009c 05A9     		add	r1, sp, #20
 1058 009e 0548     		ldr	r0, .L77+12
 1059              	.LVL50:
 450:Src/stm32f3xx_hal_msp.c **** 
 1060              		.loc 1 450 5 is_stmt 0 view .LVU274
 1061 00a0 FFF7FEFF 		bl	HAL_GPIO_Init
 1062              	.LVL51:
 1063              		.loc 1 457 1 view .LVU275
 1064 00a4 BBE7     		b	.L71
 1065              	.L78:
 1066 00a6 00BF     		.align	2
 1067              	.L77:
 1068 00a8 00380140 		.word	1073821696
 1069 00ac 00480040 		.word	1073760256
 1070 00b0 00100240 		.word	1073876992
 1071 00b4 00040048 		.word	1207960576
 1072              		.cfi_endproc
 1073              	.LFE133:
 1075              		.section	.text.HAL_UART_MspDeInit,"ax",%progbits
 1076              		.align	1
 1077              		.global	HAL_UART_MspDeInit
 1078              		.syntax unified
 1079              		.thumb
 1080              		.thumb_func
 1082              	HAL_UART_MspDeInit:
 1083              	.LVL52:
 1084              	.LFB134:
 458:Src/stm32f3xx_hal_msp.c **** 
 459:Src/stm32f3xx_hal_msp.c **** /**
 460:Src/stm32f3xx_hal_msp.c ****   * @brief UART MSP De-Initialization
 461:Src/stm32f3xx_hal_msp.c ****   * This function freeze the hardware resources used in this example
 462:Src/stm32f3xx_hal_msp.c ****   * @param huart: UART handle pointer
 463:Src/stm32f3xx_hal_msp.c ****   * @retval None
 464:Src/stm32f3xx_hal_msp.c ****   */
 465:Src/stm32f3xx_hal_msp.c **** void HAL_UART_MspDeInit(UART_HandleTypeDef* huart)
 466:Src/stm32f3xx_hal_msp.c **** {
 1085              		.loc 1 466 1 is_stmt 1 view -0
 1086              		.cfi_startproc
 1087              		@ args = 0, pretend = 0, frame = 0
 1088              		@ frame_needed = 0, uses_anonymous_args = 0
 1089              		.loc 1 466 1 is_stmt 0 view .LVU277
 1090 0000 08B5     		push	{r3, lr}
 1091              	.LCFI27:
 1092              		.cfi_def_cfa_offset 8
 1093              		.cfi_offset 3, -8
 1094              		.cfi_offset 14, -4
ARM GAS  C:\Users\SHUCHE~1\AppData\Local\Temp\ccmXg07Y.s 			page 31


 467:Src/stm32f3xx_hal_msp.c ****   if(huart->Instance==USART1)
 1095              		.loc 1 467 3 is_stmt 1 view .LVU278
 1096              		.loc 1 467 11 is_stmt 0 view .LVU279
 1097 0002 0368     		ldr	r3, [r0]
 1098              		.loc 1 467 5 view .LVU280
 1099 0004 0E4A     		ldr	r2, .L85
 1100 0006 9342     		cmp	r3, r2
 1101 0008 03D0     		beq	.L83
 468:Src/stm32f3xx_hal_msp.c ****   {
 469:Src/stm32f3xx_hal_msp.c ****     /* USER CODE BEGIN USART1_MspDeInit 0 */
 470:Src/stm32f3xx_hal_msp.c **** 
 471:Src/stm32f3xx_hal_msp.c ****     /* USER CODE END USART1_MspDeInit 0 */
 472:Src/stm32f3xx_hal_msp.c ****     /* Peripheral clock disable */
 473:Src/stm32f3xx_hal_msp.c ****     __HAL_RCC_USART1_CLK_DISABLE();
 474:Src/stm32f3xx_hal_msp.c **** 
 475:Src/stm32f3xx_hal_msp.c ****     /**USART1 GPIO Configuration
 476:Src/stm32f3xx_hal_msp.c ****     PB6     ------> USART1_TX
 477:Src/stm32f3xx_hal_msp.c ****     PB7     ------> USART1_RX
 478:Src/stm32f3xx_hal_msp.c ****     */
 479:Src/stm32f3xx_hal_msp.c ****     HAL_GPIO_DeInit(GPIOB, DIM2_Pin|DEC_PB7_Pin);
 480:Src/stm32f3xx_hal_msp.c **** 
 481:Src/stm32f3xx_hal_msp.c ****     /* USER CODE BEGIN USART1_MspDeInit 1 */
 482:Src/stm32f3xx_hal_msp.c **** 
 483:Src/stm32f3xx_hal_msp.c ****     /* USER CODE END USART1_MspDeInit 1 */
 484:Src/stm32f3xx_hal_msp.c ****   }
 485:Src/stm32f3xx_hal_msp.c ****   else if(huart->Instance==USART3)
 1102              		.loc 1 485 8 is_stmt 1 view .LVU281
 1103              		.loc 1 485 10 is_stmt 0 view .LVU282
 1104 000a 0E4A     		ldr	r2, .L85+4
 1105 000c 9342     		cmp	r3, r2
 1106 000e 0BD0     		beq	.L84
 1107              	.LVL53:
 1108              	.L79:
 486:Src/stm32f3xx_hal_msp.c ****   {
 487:Src/stm32f3xx_hal_msp.c ****     /* USER CODE BEGIN USART3_MspDeInit 0 */
 488:Src/stm32f3xx_hal_msp.c **** 
 489:Src/stm32f3xx_hal_msp.c ****     /* USER CODE END USART3_MspDeInit 0 */
 490:Src/stm32f3xx_hal_msp.c ****     /* Peripheral clock disable */
 491:Src/stm32f3xx_hal_msp.c ****     __HAL_RCC_USART3_CLK_DISABLE();
 492:Src/stm32f3xx_hal_msp.c **** 
 493:Src/stm32f3xx_hal_msp.c ****     /**USART3 GPIO Configuration
 494:Src/stm32f3xx_hal_msp.c ****     PB10     ------> USART3_TX
 495:Src/stm32f3xx_hal_msp.c ****     PB11     ------> USART3_RX
 496:Src/stm32f3xx_hal_msp.c ****     */
 497:Src/stm32f3xx_hal_msp.c ****     HAL_GPIO_DeInit(GPIOB, GPIO_PIN_10|GPIO_PIN_11);
 498:Src/stm32f3xx_hal_msp.c **** 
 499:Src/stm32f3xx_hal_msp.c ****     /* USER CODE BEGIN USART3_MspDeInit 1 */
 500:Src/stm32f3xx_hal_msp.c **** 
 501:Src/stm32f3xx_hal_msp.c ****     /* USER CODE END USART3_MspDeInit 1 */
 502:Src/stm32f3xx_hal_msp.c ****   }
 503:Src/stm32f3xx_hal_msp.c **** 
 504:Src/stm32f3xx_hal_msp.c **** }
 1109              		.loc 1 504 1 view .LVU283
 1110 0010 08BD     		pop	{r3, pc}
 1111              	.LVL54:
 1112              	.L83:
 473:Src/stm32f3xx_hal_msp.c **** 
ARM GAS  C:\Users\SHUCHE~1\AppData\Local\Temp\ccmXg07Y.s 			page 32


 1113              		.loc 1 473 5 is_stmt 1 view .LVU284
 1114 0012 02F55842 		add	r2, r2, #55296
 1115 0016 9369     		ldr	r3, [r2, #24]
 1116 0018 23F48043 		bic	r3, r3, #16384
 1117 001c 9361     		str	r3, [r2, #24]
 479:Src/stm32f3xx_hal_msp.c **** 
 1118              		.loc 1 479 5 view .LVU285
 1119 001e C021     		movs	r1, #192
 1120 0020 0948     		ldr	r0, .L85+8
 1121              	.LVL55:
 479:Src/stm32f3xx_hal_msp.c **** 
 1122              		.loc 1 479 5 is_stmt 0 view .LVU286
 1123 0022 FFF7FEFF 		bl	HAL_GPIO_DeInit
 1124              	.LVL56:
 1125 0026 F3E7     		b	.L79
 1126              	.LVL57:
 1127              	.L84:
 491:Src/stm32f3xx_hal_msp.c **** 
 1128              		.loc 1 491 5 is_stmt 1 view .LVU287
 1129 0028 02F5E432 		add	r2, r2, #116736
 1130 002c D369     		ldr	r3, [r2, #28]
 1131 002e 23F48023 		bic	r3, r3, #262144
 1132 0032 D361     		str	r3, [r2, #28]
 497:Src/stm32f3xx_hal_msp.c **** 
 1133              		.loc 1 497 5 view .LVU288
 1134 0034 4FF44061 		mov	r1, #3072
 1135 0038 0348     		ldr	r0, .L85+8
 1136              	.LVL58:
 497:Src/stm32f3xx_hal_msp.c **** 
 1137              		.loc 1 497 5 is_stmt 0 view .LVU289
 1138 003a FFF7FEFF 		bl	HAL_GPIO_DeInit
 1139              	.LVL59:
 1140              		.loc 1 504 1 view .LVU290
 1141 003e E7E7     		b	.L79
 1142              	.L86:
 1143              		.align	2
 1144              	.L85:
 1145 0040 00380140 		.word	1073821696
 1146 0044 00480040 		.word	1073760256
 1147 0048 00040048 		.word	1207960576
 1148              		.cfi_endproc
 1149              	.LFE134:
 1151              		.section	.bss.HAL_RCC_ADC12_CLK_ENABLED,"aw",%nobits
 1152              		.align	2
 1155              	HAL_RCC_ADC12_CLK_ENABLED:
 1156 0000 00000000 		.space	4
 1157              		.text
 1158              	.Letext0:
 1159              		.file 2 "e:\\programfile\\msys2\\mingw64\\arm-none-eabi\\include\\machine\\_default_types.h"
 1160              		.file 3 "e:\\programfile\\msys2\\mingw64\\arm-none-eabi\\include\\sys\\_stdint.h"
 1161              		.file 4 "Drivers/CMSIS/Device/ST/STM32F3xx/Include/stm32f334x8.h"
 1162              		.file 5 "Drivers/CMSIS/Device/ST/STM32F3xx/Include/stm32f3xx.h"
 1163              		.file 6 "Drivers/STM32F3xx_HAL_Driver/Inc/stm32f3xx_hal_def.h"
 1164              		.file 7 "Drivers/STM32F3xx_HAL_Driver/Inc/stm32f3xx_hal_gpio.h"
 1165              		.file 8 "Drivers/STM32F3xx_HAL_Driver/Inc/stm32f3xx_hal_dma.h"
 1166              		.file 9 "Drivers/STM32F3xx_HAL_Driver/Inc/stm32f3xx_hal_adc_ex.h"
 1167              		.file 10 "Drivers/STM32F3xx_HAL_Driver/Inc/stm32f3xx_hal_adc.h"
ARM GAS  C:\Users\SHUCHE~1\AppData\Local\Temp\ccmXg07Y.s 			page 33


 1168              		.file 11 "Drivers/STM32F3xx_HAL_Driver/Inc/stm32f3xx_hal_can.h"
 1169              		.file 12 "Drivers/STM32F3xx_HAL_Driver/Inc/stm32f3xx_hal_dac.h"
 1170              		.file 13 "Drivers/STM32F3xx_HAL_Driver/Inc/stm32f3xx_hal_hrtim.h"
 1171              		.file 14 "Drivers/STM32F3xx_HAL_Driver/Inc/stm32f3xx_hal_uart.h"
ARM GAS  C:\Users\SHUCHE~1\AppData\Local\Temp\ccmXg07Y.s 			page 34


DEFINED SYMBOLS
                            *ABS*:00000000 stm32f3xx_hal_msp.c
C:\Users\SHUCHE~1\AppData\Local\Temp\ccmXg07Y.s:21     .text.HAL_MspInit:00000000 $t
C:\Users\SHUCHE~1\AppData\Local\Temp\ccmXg07Y.s:27     .text.HAL_MspInit:00000000 HAL_MspInit
C:\Users\SHUCHE~1\AppData\Local\Temp\ccmXg07Y.s:77     .text.HAL_MspInit:0000002c $d
C:\Users\SHUCHE~1\AppData\Local\Temp\ccmXg07Y.s:82     .text.HAL_ADC_MspInit:00000000 $t
C:\Users\SHUCHE~1\AppData\Local\Temp\ccmXg07Y.s:88     .text.HAL_ADC_MspInit:00000000 HAL_ADC_MspInit
C:\Users\SHUCHE~1\AppData\Local\Temp\ccmXg07Y.s:264    .text.HAL_ADC_MspInit:000000b8 $d
C:\Users\SHUCHE~1\AppData\Local\Temp\ccmXg07Y.s:1155   .bss.HAL_RCC_ADC12_CLK_ENABLED:00000000 HAL_RCC_ADC12_CLK_ENABLED
C:\Users\SHUCHE~1\AppData\Local\Temp\ccmXg07Y.s:272    .text.HAL_ADC_MspDeInit:00000000 $t
C:\Users\SHUCHE~1\AppData\Local\Temp\ccmXg07Y.s:278    .text.HAL_ADC_MspDeInit:00000000 HAL_ADC_MspDeInit
C:\Users\SHUCHE~1\AppData\Local\Temp\ccmXg07Y.s:360    .text.HAL_ADC_MspDeInit:00000054 $d
C:\Users\SHUCHE~1\AppData\Local\Temp\ccmXg07Y.s:367    .text.HAL_CAN_MspInit:00000000 $t
C:\Users\SHUCHE~1\AppData\Local\Temp\ccmXg07Y.s:373    .text.HAL_CAN_MspInit:00000000 HAL_CAN_MspInit
C:\Users\SHUCHE~1\AppData\Local\Temp\ccmXg07Y.s:476    .text.HAL_CAN_MspInit:00000064 $d
C:\Users\SHUCHE~1\AppData\Local\Temp\ccmXg07Y.s:482    .text.HAL_CAN_MspDeInit:00000000 $t
C:\Users\SHUCHE~1\AppData\Local\Temp\ccmXg07Y.s:488    .text.HAL_CAN_MspDeInit:00000000 HAL_CAN_MspDeInit
C:\Users\SHUCHE~1\AppData\Local\Temp\ccmXg07Y.s:531    .text.HAL_CAN_MspDeInit:00000024 $d
C:\Users\SHUCHE~1\AppData\Local\Temp\ccmXg07Y.s:538    .text.HAL_DAC_MspInit:00000000 $t
C:\Users\SHUCHE~1\AppData\Local\Temp\ccmXg07Y.s:544    .text.HAL_DAC_MspInit:00000000 HAL_DAC_MspInit
C:\Users\SHUCHE~1\AppData\Local\Temp\ccmXg07Y.s:639    .text.HAL_DAC_MspInit:0000005c $d
C:\Users\SHUCHE~1\AppData\Local\Temp\ccmXg07Y.s:644    .text.HAL_DAC_MspDeInit:00000000 $t
C:\Users\SHUCHE~1\AppData\Local\Temp\ccmXg07Y.s:650    .text.HAL_DAC_MspDeInit:00000000 HAL_DAC_MspDeInit
C:\Users\SHUCHE~1\AppData\Local\Temp\ccmXg07Y.s:693    .text.HAL_DAC_MspDeInit:00000024 $d
C:\Users\SHUCHE~1\AppData\Local\Temp\ccmXg07Y.s:699    .text.HAL_HRTIM_MspInit:00000000 $t
C:\Users\SHUCHE~1\AppData\Local\Temp\ccmXg07Y.s:705    .text.HAL_HRTIM_MspInit:00000000 HAL_HRTIM_MspInit
C:\Users\SHUCHE~1\AppData\Local\Temp\ccmXg07Y.s:751    .text.HAL_HRTIM_MspInit:00000028 $d
C:\Users\SHUCHE~1\AppData\Local\Temp\ccmXg07Y.s:756    .text.HAL_HRTIM_MspPostInit:00000000 $t
C:\Users\SHUCHE~1\AppData\Local\Temp\ccmXg07Y.s:762    .text.HAL_HRTIM_MspPostInit:00000000 HAL_HRTIM_MspPostInit
C:\Users\SHUCHE~1\AppData\Local\Temp\ccmXg07Y.s:850    .text.HAL_HRTIM_MspPostInit:00000054 $d
C:\Users\SHUCHE~1\AppData\Local\Temp\ccmXg07Y.s:855    .text.HAL_HRTIM_MspDeInit:00000000 $t
C:\Users\SHUCHE~1\AppData\Local\Temp\ccmXg07Y.s:861    .text.HAL_HRTIM_MspDeInit:00000000 HAL_HRTIM_MspDeInit
C:\Users\SHUCHE~1\AppData\Local\Temp\ccmXg07Y.s:890    .text.HAL_HRTIM_MspDeInit:00000018 $d
C:\Users\SHUCHE~1\AppData\Local\Temp\ccmXg07Y.s:896    .text.HAL_UART_MspInit:00000000 $t
C:\Users\SHUCHE~1\AppData\Local\Temp\ccmXg07Y.s:902    .text.HAL_UART_MspInit:00000000 HAL_UART_MspInit
C:\Users\SHUCHE~1\AppData\Local\Temp\ccmXg07Y.s:1068   .text.HAL_UART_MspInit:000000a8 $d
C:\Users\SHUCHE~1\AppData\Local\Temp\ccmXg07Y.s:1076   .text.HAL_UART_MspDeInit:00000000 $t
C:\Users\SHUCHE~1\AppData\Local\Temp\ccmXg07Y.s:1082   .text.HAL_UART_MspDeInit:00000000 HAL_UART_MspDeInit
C:\Users\SHUCHE~1\AppData\Local\Temp\ccmXg07Y.s:1145   .text.HAL_UART_MspDeInit:00000040 $d
C:\Users\SHUCHE~1\AppData\Local\Temp\ccmXg07Y.s:1152   .bss.HAL_RCC_ADC12_CLK_ENABLED:00000000 $d

UNDEFINED SYMBOLS
HAL_GPIO_Init
HAL_GPIO_DeInit
